2026-07-23 16:01:48 [INFO] [96m→ A pedir dados ao BaZe (276 CPEs)...[0m
2026-07-23 16:12:28 [INFO]   [2mClusters atribuidos carregados:[0m 22 novos
2026-07-23 16:12:28 [INFO] 
2026-07-23 16:12:28 [INFO] [1m══════════════════════════════════════════════════════════════════════[0m
2026-07-23 16:12:28 [INFO] [1m  DETEÇÃO DE ANOMALIAS — 2026-07-22[0m
2026-07-23 16:12:28 [INFO] [1m══════════════════════════════════════════════════════════════════════[0m
2026-07-23 16:12:28 [INFO]   [2mTipo de dia:[0m  dia util
2026-07-23 16:12:28 [INFO]   [2mFonte:[0m        BAZE
2026-07-23 16:12:28 [INFO]   [2mCPEs c/ dados:[0m 69
2026-07-23 16:12:28 [INFO]   [2mThreshold:[0m    |z| > 3.0 [2m(adaptativo a este tipo de dia)[0m
2026-07-23 16:12:28 [INFO] 
2026-07-23 16:12:28 [INFO] [96m→ A analisar 69 CPEs / 1656 pontos horários (retrospetiva)...[0m
2026-07-23 16:12:29 [INFO] [1m─── Resumo ─────────────────────────────────────[0m
2026-07-23 16:12:29 [INFO]   [92m● Normal[0m                1509 [2m( 91.1%)[0m
2026-07-23 16:12:29 [INFO]   [91m● Desvio (alta confiança)[0m    0 [2m(  0.0%)[0m
2026-07-23 16:12:29 [INFO]   [93m● Desvio (baixa confiança)[0m 147 [2m(  8.9%)[0m
2026-07-23 16:12:29 [INFO]   [2mTempo: 641.6s[0m
2026-07-23 16:12:29 [INFO] 
2026-07-23 16:12:29 [INFO] [1m[93m─── Desvios de BAIXA confiança (147) ──────────────[0m
2026-07-23 16:12:29 [INFO]   [2m(poucos dados históricos — verificar manualmente)[0m
2026-07-23 16:12:29 [INFO] 
2026-07-23 16:12:29 [INFO]   🔴 [91m[1mPT0002000068855003AK[0m  [2m[Cluster 0 (atribuido)][0m
2026-07-23 16:12:29 [INFO]      consumiu MAIS que o habitual às 17h
2026-07-23 16:12:29 [INFO]      [2mReal:[0m 78.0 kWh   [2mHabitual:[0m 37.0 ± 3.7 kWh   [2mz:[0m +10.00⁺   [2mdesvio:[0m +111%   [2m(2 obs. dia_util)[0m
2026-07-23 16:12:29 [INFO] 
2026-07-23 16:12:29 [INFO]   🔴 [91m[1mPT0002000068856655YV[0m  [2m[Cluster 0][0m
2026-07-23 16:12:29 [INFO]      consumiu MAIS que o habitual às 20h
2026-07-23 16:12:29 [INFO]      [2mReal:[0m 21.0 kWh   [2mHabitual:[0m 3.5 ± 0.7 kWh   [2mz:[0m +10.00⁺   [2mdesvio:[0m +500%   [2m(2 obs. dia_util)[0m
2026-07-23 16:12:29 [INFO] 
2026-07-23 16:12:29 [INFO]   🔴 [91m[1mPT0002000068858674WN[0m  [2m[Cluster 1 (atribuido)][0m
2026-07-23 16:12:29 [INFO]      consumiu MAIS que o habitual às 00h
2026-07-23 16:12:29 [INFO]      [2mReal:[0m 24.0 kWh   [2mHabitual:[0m 12.0 ± 1.2 kWh   [2mz:[0m +10.00   [2mdesvio:[0m +100%   [2m(2 obs. dia_util)[0m
2026-07-23 16:12:29 [INFO] 
2026-07-23 16:12:29 [INFO]   🔴 [91m[1mPT0002000068858674WN[0m  [2m[Cluster 1 (atribuido)][0m
2026-07-23 16:12:29 [INFO]      consumiu MAIS que o habitual às 02h
2026-07-23 16:12:29 [INFO]      [2mReal:[0m 24.0 kWh   [2mHabitual:[0m 12.0 ± 1.2 kWh   [2mz:[0m +10.00   [2mdesvio:[0m +100%   [2m(2 obs. dia_util)[0m
2026-07-23 16:12:29 [INFO] 
2026-07-23 16:12:29 [INFO]   🔴 [91m[1mPT0002000068858674WN[0m  [2m[Cluster 1 (atribuido)][0m
2026-07-23 16:12:29 [INFO]      consumiu MAIS que o habitual às 12h
2026-07-23 16:12:29 [INFO]      [2mReal:[0m 64.0 kWh   [2mHabitual:[0m 16.0 ± 1.6 kWh   [2mz:[0m +10.00⁺   [2mdesvio:[0m +300%   [2m(2 obs. dia_util)[0m
2026-07-23 16:12:29 [INFO] 
2026-07-23 16:12:29 [INFO]   🔴 [91m[1mPT0002000068858674WN[0m  [2m[Cluster 1 (atribuido)][0m
2026-07-23 16:12:29 [INFO]      consumiu MAIS que o habitual às 13h
2026-07-23 16:12:29 [INFO]      [2mReal:[0m 72.0 kWh   [2mHabitual:[0m 16.0 ± 1.6 kWh   [2mz:[0m +10.00⁺   [2mdesvio:[0m +350%   [2m(2 obs. dia_util)[0m
2026-07-23 16:12:29 [INFO] 
2026-07-23 16:12:29 [INFO]   🔴 [91m[1mPT0002000068858674WN[0m  [2m[Cluster 1 (atribuido)][0m
2026-07-23 16:12:29 [INFO]      consumiu MAIS que o habitual às 14h
2026-07-23 16:12:29 [INFO]      [2mReal:[0m 56.0 kWh   [2mHabitual:[0m 18.0 ± 2.8 kWh   [2mz:[0m +10.00⁺   [2mdesvio:[0m +211%   [2m(2 obs. dia_util)[0m
2026-07-23 16:12:29 [INFO] 
2026-07-23 16:12:29 [INFO]   🔴 [91m[1mPT0002000068858674WN[0m  [2m[Cluster 1 (atribuido)][0m
2026-07-23 16:12:29 [INFO]      consumiu MAIS que o habitual às 15h
2026-07-23 16:12:29 [INFO]      [2mReal:[0m 56.0 kWh   [2mHabitual:[0m 16.0 ± 1.6 kWh   [2mz:[0m +10.00⁺   [2mdesvio:[0m +250%   [2m(2 obs. dia_util)[0m
2026-07-23 16:12:29 [INFO] 
2026-07-23 16:12:29 [INFO]   🔴 [91m[1mPT0002000068858674WN[0m  [2m[Cluster 1 (atribuido)][0m
2026-07-23 16:12:29 [INFO]      consumiu MAIS que o habitual às 16h
2026-07-23 16:12:29 [INFO]      [2mReal:[0m 52.0 kWh   [2mHabitual:[0m 12.0 ± 1.2 kWh   [2mz:[0m +10.00⁺   [2mdesvio:[0m +333%   [2m(2 obs. dia_util)[0m
2026-07-23 16:12:29 [INFO] 
2026-07-23 16:12:29 [INFO]   🔴 [91m[1mPT0002000068858674WN[0m  [2m[Cluster 1 (atribuido)][0m
2026-07-23 16:12:29 [INFO]      consumiu MAIS que o habitual às 17h
2026-07-23 16:12:29 [INFO]      [2mReal:[0m 52.0 kWh   [2mHabitual:[0m 16.0 ± 1.6 kWh   [2mz:[0m +10.00⁺   [2mdesvio:[0m +225%   [2m(2 obs. dia_util)[0m
2026-07-23 16:12:29 [INFO] 
2026-07-23 16:12:29 [INFO]   🔴 [91m[1mPT0002000068858674WN[0m  [2m[Cluster 1 (atribuido)][0m
2026-07-23 16:12:29 [INFO]      consumiu MAIS que o habitual às 18h
2026-07-23 16:12:29 [INFO]      [2mReal:[0m 52.0 kWh   [2mHabitual:[0m 18.0 ± 2.8 kWh   [2mz:[0m +10.00⁺   [2mdesvio:[0m +189%   [2m(2 obs. dia_util)[0m
2026-07-23 16:12:29 [INFO] 
2026-07-23 16:12:29 [INFO]   🔴 [91m[1mPT0002000068858674WN[0m  [2m[Cluster 1 (atribuido)][0m
2026-07-23 16:12:29 [INFO]      consumiu MAIS que o habitual às 19h
2026-07-23 16:12:29 [INFO]      [2mReal:[0m 48.0 kWh   [2mHabitual:[0m 12.0 ± 1.2 kWh   [2mz:[0m +10.00⁺   [2mdesvio:[0m +300%   [2m(2 obs. dia_util)[0m
2026-07-23 16:12:29 [INFO] 
2026-07-23 16:12:29 [INFO]   🔴 [91m[1mPT0002000078233981HJ[0m  [2m[Cluster 1][0m
2026-07-23 16:12:29 [INFO]      consumiu MAIS que o habitual às 08h
2026-07-23 16:12:29 [INFO]      [2mReal:[0m 18.0 kWh   [2mHabitual:[0m 1.5 ± 0.7 kWh   [2mz:[0m +10.00⁺   [2mdesvio:[0m +1100%   [2m(2 obs. dia_util)[0m
2026-07-23 16:12:29 [INFO] 
2026-07-23 16:12:29 [INFO]   🔴 [91m[1mPT0002000078233981HJ[0m  [2m[Cluster 1][0m
2026-07-23 16:12:29 [INFO]      consumiu MAIS que o habitual às 09h
2026-07-23 16:12:29 [INFO]      [2mReal:[0m 19.0 kWh   [2mHabitual:[0m 2.0 ± 0.3 kWh   [2mz:[0m +10.00⁺   [2mdesvio:[0m +850%   [2m(2 obs. dia_util)[0m
2026-07-23 16:12:29 [INFO] 
2026-07-23 16:12:29 [INFO]   🔴 [91m[1mPT0002000078233981HJ[0m  [2m[Cluster 1][0m
2026-07-23 16:12:29 [INFO]      consumiu MAIS que o habitual às 10h
2026-07-23 16:12:29 [INFO]      [2mReal:[0m 17.0 kWh   [2mHabitual:[0m 1.5 ± 0.7 kWh   [2mz:[0m +10.00⁺   [2mdesvio:[0m +1033%   [2m(2 obs. dia_util)[0m
2026-07-23 16:12:29 [INFO] 
2026-07-23 16:12:29 [INFO]   🔴 [91m[1mPT0002000078233981HJ[0m  [2m[Cluster 1][0m
2026-07-23 16:12:29 [INFO]      consumiu MAIS que o habitual às 11h
2026-07-23 16:12:29 [INFO]      [2mReal:[0m 12.0 kWh   [2mHabitual:[0m 2.0 ± 0.3 kWh   [2mz:[0m +10.00⁺   [2mdesvio:[0m +500%   [2m(2 obs. dia_util)[0m
2026-07-23 16:12:29 [INFO] 
2026-07-23 16:12:29 [INFO]   🔴 [91m[1mPT0002000081344542CP[0m  [2m[Cluster 1][0m
2026-07-23 16:12:29 [INFO]      consumiu MAIS que o habitual às 08h
2026-07-23 16:12:29 [INFO]      [2mReal:[0m 8.0 kWh   [2mHabitual:[0m 1.0 ± 0.3 kWh   [2mz:[0m +10.00⁺   [2mdesvio:[0m +700%   [2m(2 obs. dia_util)[0m
2026-07-23 16:12:29 [INFO] 
2026-07-23 16:12:29 [INFO]   🔴 [91m[1mPT0002000111572054VT[0m  [2m[Cluster 0 (atribuido)][0m
2026-07-23 16:12:29 [INFO]      consumiu MAIS que o habitual às 20h
2026-07-23 16:12:29 [INFO]      [2mReal:[0m 44.0 kWh   [2mHabitual:[0m 16.5 ± 1.6 kWh   [2mz:[0m +10.00⁺   [2mdesvio:[0m +167%   [2m(2 obs. dia_util)[0m
2026-07-23 16:12:29 [INFO] 
2026-07-23 16:12:29 [INFO]   🔴 [91m[1mPT0002000111572054VT[0m  [2m[Cluster 0 (atribuido)][0m
2026-07-23 16:12:29 [INFO]      consumiu MAIS que o habitual às 21h
2026-07-23 16:12:29 [INFO]      [2mReal:[0m 34.0 kWh   [2mHabitual:[0m 17.0 ± 1.7 kWh   [2mz:[0m +10.00   [2mdesvio:[0m +100%   [2m(2 obs. dia_util)[0m
2026-07-23 16:12:29 [INFO] 
2026-07-23 16:12:29 [INFO]   🔴 [91m[1mPT0002000115031201VQ[0m  [2m[Cluster 0][0m
2026-07-23 16:12:29 [INFO]      consumiu MAIS que o habitual às 17h
2026-07-23 16:12:29 [INFO]      [2mReal:[0m 22.0 kWh   [2mHabitual:[0m 11.0 ± 1.1 kWh   [2mz:[0m +10.00   [2mdesvio:[0m +100%   [2m(2 obs. dia_util)[0m
2026-07-23 16:12:29 [INFO] 
2026-07-23 16:12:29 [INFO]   🔴 [91m[1mPT0002000123648159KR[0m  [2m[Cluster 0][0m
2026-07-23 16:12:29 [INFO]      consumiu MAIS que o habitual às 14h
2026-07-23 16:12:29 [INFO]      [2mReal:[0m 34.0 kWh   [2mHabitual:[0m 15.5 ± 1.6 kWh   [2mz:[0m +10.00⁺   [2mdesvio:[0m +119%   [2m(2 obs. dia_util)[0m
2026-07-23 16:12:29 [INFO] 
2026-07-23 16:12:29 [INFO]   🔴 [91m[1mPT0002000125379984SH[0m  [2m[Cluster 1][0m
2026-07-23 16:12:29 [INFO]      consumiu MAIS que o habitual às 12h
2026-07-23 16:12:29 [INFO]      [2mReal:[0m 11.0 kWh   [2mHabitual:[0m 5.0 ± 0.5 kWh   [2mz:[0m +10.00⁺   [2mdesvio:[0m +120%   [2m(2 obs. dia_util)[0m
2026-07-23 16:12:29 [INFO] 
2026-07-23 16:12:29 [INFO]   🔴 [91m[1mPT0002000125379984SH[0m  [2m[Cluster 1][0m
2026-07-23 16:12:29 [INFO]      consumiu MAIS que o habitual às 13h
2026-07-23 16:12:29 [INFO]      [2mReal:[0m 9.0 kWh   [2mHabitual:[0m 4.0 ± 0.4 kWh   [2mz:[0m +10.00⁺   [2mdesvio:[0m +125%   [2m(2 obs. dia_util)[0m
2026-07-23 16:12:29 [INFO] 
2026-07-23 16:12:29 [INFO]   🔴 [91m[1mPT0002000125379984SH[0m  [2m[Cluster 1][0m
2026-07-23 16:12:29 [INFO]      consumiu MAIS que o habitual às 14h
2026-07-23 16:12:29 [INFO]      [2mReal:[0m 9.0 kWh   [2mHabitual:[0m 4.0 ± 0.4 kWh   [2mz:[0m +10.00⁺   [2mdesvio:[0m +125%   [2m(2 obs. dia_util)[0m
2026-07-23 16:12:29 [INFO] 
2026-07-23 16:12:29 [INFO]   🔴 [91m[1mPT0002000125701614SQ[0m  [2m[Cluster 1 (atribuido)][0m
2026-07-23 16:12:29 [INFO]      consumiu MAIS que o habitual às 21h
2026-07-23 16:12:29 [INFO]      [2mReal:[0m 110.0 kWh   [2mHabitual:[0m 20.0 ± 2.0 kWh   [2mz:[0m +10.00⁺   [2mdesvio:[0m +450%   [2m(2 obs. dia_util)[0m
2026-07-23 16:12:29 [INFO] 
2026-07-23 16:12:29 [INFO]   🔴 [91m[1mPT0002000125701614SQ[0m  [2m[Cluster 1 (atribuido)][0m
2026-07-23 16:12:29 [INFO]      consumiu MAIS que o habitual às 22h
2026-07-23 16:12:29 [INFO]      [2mReal:[0m 274.0 kWh   [2mHabitual:[0m 17.0 ± 1.7 kWh   [2mz:[0m +10.00⁺   [2mdesvio:[0m +1512%   [2m(2 obs. dia_util)[0m
2026-07-23 16:12:29 [INFO] 
2026-07-23 16:12:29 [INFO]   🔴 [91m[1mPT0002000125701614SQ[0m  [2m[Cluster 1 (atribuido)][0m
2026-07-23 16:12:29 [INFO]      consumiu MAIS que o habitual às 23h
2026-07-23 16:12:29 [INFO]      [2mReal:[0m 119.0 kWh   [2mHabitual:[0m 15.0 ± 1.5 kWh   [2mz:[0m +10.00⁺   [2mdesvio:[0m +693%   [2m(2 obs. dia_util)[0m
2026-07-23 16:12:29 [INFO] 
2026-07-23 16:12:29 [INFO]   🔵 [94m[1mPT0002000201936109ME[0m  [2m[Cluster 0][0m
2026-07-23 16:12:29 [INFO]      consumiu MENOS que o habitual às 00h
2026-07-23 16:12:29 [INFO]      [2mReal:[0m 0.0 kWh   [2mHabitual:[0m 123.0 ± 12.3 kWh   [2mz:[0m -10.00   [2mdesvio:[0m -100%   [2m(2 obs. dia_util)[0m
2026-07-23 16:12:29 [INFO] 
2026-07-23 16:12:29 [INFO]   🔵 [94m[1mPT0002000203886452WB[0m  [2m[Cluster 1 (atribuido)][0m
2026-07-23 16:12:29 [INFO]      consumiu MENOS que o habitual às 05h
2026-07-23 16:12:29 [INFO]      [2mReal:[0m 0.0 kWh   [2mHabitual:[0m 4.0 ± 0.4 kWh   [2mz:[0m -10.00   [2mdesvio:[0m -100%   [2m(2 obs. dia_util)[0m
2026-07-23 16:12:29 [INFO] 
2026-07-23 16:12:29 [INFO]   🔴 [91m[1mPT0002000111572054VT[0m  [2m[Cluster 0 (atribuido)][0m
2026-07-23 16:12:29 [INFO]      consumiu MAIS que o habitual às 19h
2026-07-23 16:12:29 [INFO]      [2mReal:[0m 75.0 kWh   [2mHabitual:[0m 34.0 ± 4.2 kWh   [2mz:[0m +9.66   [2mdesvio:[0m +121%   [2m(2 obs. dia_util)[0m
2026-07-23 16:12:29 [INFO] 
2026-07-23 16:12:29 [INFO]   🔴 [91m[1mPT0002000111572054VT[0m  [2m[Cluster 0 (atribuido)][0m
2026-07-23 16:12:29 [INFO]      consumiu MAIS que o habitual às 22h
2026-07-23 16:12:29 [INFO]      [2mReal:[0m 32.0 kWh   [2mHabitual:[0m 16.5 ± 1.6 kWh   [2mz:[0m +9.39   [2mdesvio:[0m +94%   [2m(2 obs. dia_util)[0m
2026-07-23 16:12:29 [INFO] 
2026-07-23 16:12:29 [INFO]   🔴 [91m[1mPT0002000115031201VQ[0m  [2m[Cluster 0][0m
2026-07-23 16:12:29 [INFO]      consumiu MAIS que o habitual às 09h
2026-07-23 16:12:29 [INFO]      [2mReal:[0m 28.0 kWh   [2mHabitual:[0m 15.0 ± 1.5 kWh   [2mz:[0m +8.67   [2mdesvio:[0m +87%   [2m(2 obs. dia_util)[0m
2026-07-23 16:12:29 [INFO] 
2026-07-23 16:12:29 [INFO]   🔴 [91m[1mPT0002000068855003AK[0m  [2m[Cluster 0 (atribuido)][0m
2026-07-23 16:12:29 [INFO]      consumiu MAIS que o habitual às 16h
2026-07-23 16:12:29 [INFO]      [2mReal:[0m 84.0 kWh   [2mHabitual:[0m 45.5 ± 4.5 kWh   [2mz:[0m +8.46   [2mdesvio:[0m +85%   [2m(2 obs. dia_util)[0m
2026-07-23 16:12:29 [INFO] 
2026-07-23 16:12:29 [INFO]   🔴 [91m[1mPT0002000068856826ZG[0m  [2m[Cluster 0 (atribuido)][0m
2026-07-23 16:12:29 [INFO]      consumiu MAIS que o habitual às 07h
2026-07-23 16:12:29 [INFO]      [2mReal:[0m 228.0 kWh   [2mHabitual:[0m 125.0 ± 12.5 kWh   [2mz:[0m +8.24   [2mdesvio:[0m +82%   [2m(2 obs. dia_util)[0m
2026-07-23 16:12:29 [INFO] 
2026-07-23 16:12:29 [INFO]   🔵 [94m[1mPT0002000077647404EM[0m  [2m[Cluster 1][0m
2026-07-23 16:12:29 [INFO]      consumiu MENOS que o habitual às 08h
2026-07-23 16:12:29 [INFO]      [2mReal:[0m 3.0 kWh   [2mHabitual:[0m 16.5 ± 1.6 kWh   [2mz:[0m -8.18   [2mdesvio:[0m -82%   [2m(2 obs. dia_util)[0m
2026-07-23 16:12:29 [INFO] 
2026-07-23 16:12:29 [INFO]   🔴 [91m[1mPT0002000201038711LS[0m  [2m[Cluster 1 (atribuido)][0m
2026-07-23 16:12:29 [INFO]      consumiu MAIS que o habitual às 11h
2026-07-23 16:12:29 [INFO]      [2mReal:[0m 44.0 kWh   [2mHabitual:[0m 3.5 ± 5.0 kWh   [2mz:[0m +8.18   [2mdesvio:[0m +1157%   [2m(2 obs. dia_util)[0m
2026-07-23 16:12:29 [INFO] 
2026-07-23 16:12:29 [INFO]   🔵 [94m[1mPT0002000201936109ME[0m  [2m[Cluster 0][0m
2026-07-23 16:12:29 [INFO]      consumiu MENOS que o habitual às 01h
2026-07-23 16:12:29 [INFO]      [2mReal:[0m 1.0 kWh   [2mHabitual:[0m 51.5 ± 6.4 kWh   [2mz:[0m -7.94   [2mdesvio:[0m -98%   [2m(2 obs. dia_util)[0m
2026-07-23 16:12:29 [INFO] 
2026-07-23 16:12:29 [INFO]   🔴 [91m[1mPT0002000115031201VQ[0m  [2m[Cluster 0][0m
2026-07-23 16:12:29 [INFO]      consumiu MAIS que o habitual às 10h
2026-07-23 16:12:29 [INFO]      [2mReal:[0m 39.0 kWh   [2mHabitual:[0m 17.0 ± 2.8 kWh   [2mz:[0m +7.78   [2mdesvio:[0m +129%   [2m(2 obs. dia_util)[0m
2026-07-23 16:12:29 [INFO] 
2026-07-23 16:12:29 [INFO]   🔴 [91m[1mPT0002000125379984SH[0m  [2m[Cluster 1][0m
2026-07-23 16:12:29 [INFO]      consumiu MAIS que o habitual às 15h
2026-07-23 16:12:29 [INFO]      [2mReal:[0m 9.0 kWh   [2mHabitual:[0m 3.5 ± 0.7 kWh   [2mz:[0m +7.78   [2mdesvio:[0m +157%   [2m(2 obs. dia_util)[0m
2026-07-23 16:12:29 [INFO] 
2026-07-23 16:12:29 [INFO]   🔴 [91m[1mPT0002000115031201VQ[0m  [2m[Cluster 0][0m
2026-07-23 16:12:29 [INFO]      consumiu MAIS que o habitual às 18h
2026-07-23 16:12:29 [INFO]      [2mReal:[0m 20.0 kWh   [2mHabitual:[0m 11.5 ± 1.1 kWh   [2mz:[0m +7.39   [2mdesvio:[0m +74%   [2m(2 obs. dia_util)[0m
2026-07-23 16:12:29 [INFO] 
2026-07-23 16:12:29 [INFO]   🔴 [91m[1mPT0002000111572054VT[0m  [2m[Cluster 0 (atribuido)][0m
2026-07-23 16:12:29 [INFO]      consumiu MAIS que o habitual às 23h
2026-07-23 16:12:29 [INFO]      [2mReal:[0m 32.0 kWh   [2mHabitual:[0m 16.5 ± 2.1 kWh   [2mz:[0m +7.31   [2mdesvio:[0m +94%   [2m(2 obs. dia_util)[0m
2026-07-23 16:12:29 [INFO] 
2026-07-23 16:12:29 [INFO]   🔴 [91m[1mPT0002000109837807PE[0m  [2m[Cluster 1][0m
2026-07-23 16:12:29 [INFO]      consumiu MAIS que o habitual às 18h
2026-07-23 16:12:29 [INFO]      [2mReal:[0m 19.0 kWh   [2mHabitual:[0m 11.0 ± 1.1 kWh   [2mz:[0m +7.27   [2mdesvio:[0m +73%   [2m(2 obs. dia_util)[0m
2026-07-23 16:12:29 [INFO] 
2026-07-23 16:12:29 [INFO]   🔴 [91m[1mPT0002000115031201VQ[0m  [2m[Cluster 0][0m
2026-07-23 16:12:29 [INFO]      consumiu MAIS que o habitual às 16h
2026-07-23 16:12:29 [INFO]      [2mReal:[0m 25.0 kWh   [2mHabitual:[0m 14.5 ± 1.4 kWh   [2mz:[0m +7.24   [2mdesvio:[0m +72%   [2m(2 obs. dia_util)[0m
2026-07-23 16:12:29 [INFO] 
2026-07-23 16:12:29 [INFO]   🔴 [91m[1mPT0002000125379984SH[0m  [2m[Cluster 1][0m
2026-07-23 16:12:29 [INFO]      consumiu MAIS que o habitual às 16h
2026-07-23 16:12:29 [INFO]      [2mReal:[0m 17.0 kWh   [2mHabitual:[0m 7.0 ± 1.4 kWh   [2mz:[0m +7.07   [2mdesvio:[0m +143%   [2m(2 obs. dia_util)[0m
2026-07-23 16:12:29 [INFO] 
2026-07-23 16:12:29 [INFO]   🔴 [91m[1mPT0002000068855003AK[0m  [2m[Cluster 0 (atribuido)][0m
2026-07-23 16:12:29 [INFO]      consumiu MAIS que o habitual às 18h
2026-07-23 16:12:29 [INFO]      [2mReal:[0m 57.0 kWh   [2mHabitual:[0m 33.5 ± 3.4 kWh   [2mz:[0m +7.01   [2mdesvio:[0m +70%   [2m(2 obs. dia_util)[0m
2026-07-23 16:12:29 [INFO] 
2026-07-23 16:12:29 [INFO]   🔴 [91m[1mPT0002000115031201VQ[0m  [2m[Cluster 0][0m
2026-07-23 16:12:29 [INFO]      consumiu MAIS que o habitual às 08h
2026-07-23 16:12:29 [INFO]      [2mReal:[0m 22.0 kWh   [2mHabitual:[0m 13.0 ± 1.3 kWh   [2mz:[0m +6.92   [2mdesvio:[0m +69%   [2m(2 obs. dia_util)[0m
2026-07-23 16:12:29 [INFO] 
2026-07-23 16:12:29 [INFO]   🔵 [94m[1mPT0002000068859393XH[0m  [2m[Cluster 1][0m
2026-07-23 16:12:29 [INFO]      consumiu MENOS que o habitual às 07h
2026-07-23 16:12:29 [INFO]      [2mReal:[0m 31.0 kWh   [2mHabitual:[0m 94.5 ± 9.4 kWh   [2mz:[0m -6.72   [2mdesvio:[0m -67%   [2m(2 obs. dia_util)[0m
2026-07-23 16:12:29 [INFO] 
2026-07-23 16:12:29 [INFO]   🔴 [91m[1mPT0002000201038711LS[0m  [2m[Cluster 1 (atribuido)][0m
2026-07-23 16:12:29 [INFO]      consumiu MAIS que o habitual às 09h
2026-07-23 16:12:29 [INFO]      [2mReal:[0m 21.0 kWh   [2mHabitual:[0m 2.0 ± 2.8 kWh   [2mz:[0m +6.72   [2mdesvio:[0m +950%   [2m(2 obs. dia_util)[0m
2026-07-23 16:12:29 [INFO] 
2026-07-23 16:12:29 [INFO]   🔴 [91m[1mPT0002000068856872QG[0m  [2m[Cluster 1][0m
2026-07-23 16:12:29 [INFO]      consumiu MAIS que o habitual às 10h
2026-07-23 16:12:29 [INFO]      [2mReal:[0m 2.0 kWh   [2mHabitual:[0m 0.0 ± 0.3 kWh   [2mz:[0m +6.67   [2mdesvio:[0m +200000%   [2m(2 obs. dia_util)[0m
2026-07-23 16:12:29 [INFO] 
2026-07-23 16:12:29 [INFO]   🔴 [91m[1mPT0002000068857099AR[0m  [2m[Cluster 1][0m
2026-07-23 16:12:29 [INFO]      consumiu MAIS que o habitual às 08h
2026-07-23 16:12:29 [INFO]      [2mReal:[0m 4.0 kWh   [2mHabitual:[0m 2.0 ± 0.3 kWh   [2mz:[0m +6.67   [2mdesvio:[0m +100%   [2m(2 obs. dia_util)[0m
2026-07-23 16:12:29 [INFO] 
2026-07-23 16:12:29 [INFO]   🔴 [91m[1mPT0002000068858674WN[0m  [2m[Cluster 1 (atribuido)][0m
2026-07-23 16:12:29 [INFO]      consumiu MAIS que o habitual às 04h
2026-07-23 16:12:29 [INFO]      [2mReal:[0m 20.0 kWh   [2mHabitual:[0m 12.0 ± 1.2 kWh   [2mz:[0m +6.67   [2mdesvio:[0m +67%   [2m(2 obs. dia_util)[0m
2026-07-23 16:12:29 [INFO] 
2026-07-23 16:12:29 [INFO]   🔴 [91m[1mPT0002000068858674WN[0m  [2m[Cluster 1 (atribuido)][0m
2026-07-23 16:12:29 [INFO]      consumiu MAIS que o habitual às 06h
2026-07-23 16:12:29 [INFO]      [2mReal:[0m 20.0 kWh   [2mHabitual:[0m 12.0 ± 1.2 kWh   [2mz:[0m +6.67   [2mdesvio:[0m +67%   [2m(2 obs. dia_util)[0m
2026-07-23 16:12:29 [INFO] 
2026-07-23 16:12:29 [INFO]   🔴 [91m[1mPT0002000081344542CP[0m  [2m[Cluster 1][0m
2026-07-23 16:12:29 [INFO]      consumiu MAIS que o habitual às 13h
2026-07-23 16:12:29 [INFO]      [2mReal:[0m 4.0 kWh   [2mHabitual:[0m 2.0 ± 0.3 kWh   [2mz:[0m +6.67   [2mdesvio:[0m +100%   [2m(2 obs. dia_util)[0m
2026-07-23 16:12:29 [INFO] 
2026-07-23 16:12:29 [INFO]   🔵 [94m[1mPT0002000105483259QH[0m  [2m[Cluster 1][0m
2026-07-23 16:12:29 [INFO]      consumiu MENOS que o habitual às 21h
2026-07-23 16:12:29 [INFO]      [2mReal:[0m 1.0 kWh   [2mHabitual:[0m 3.0 ± 0.3 kWh   [2mz:[0m -6.67   [2mdesvio:[0m -67%   [2m(2 obs. dia_util)[0m
2026-07-23 16:12:29 [INFO] 
2026-07-23 16:12:29 [INFO]   🔴 [91m[1mPT0002000107046231FW[0m  [2m[Cluster 0][0m
2026-07-23 16:12:29 [INFO]      consumiu MAIS que o habitual às 01h
2026-07-23 16:12:29 [INFO]      [2mReal:[0m 4.0 kWh   [2mHabitual:[0m 2.0 ± 0.3 kWh   [2mz:[0m +6.67   [2mdesvio:[0m +100%   [2m(2 obs. dia_util)[0m
2026-07-23 16:12:29 [INFO] 
2026-07-23 16:12:29 [INFO]   🔴 [91m[1mPT0002000123648159KR[0m  [2m[Cluster 0][0m
2026-07-23 16:12:29 [INFO]      consumiu MAIS que o habitual às 01h
2026-07-23 16:12:29 [INFO]      [2mReal:[0m 5.0 kWh   [2mHabitual:[0m 3.0 ± 0.3 kWh   [2mz:[0m +6.67   [2mdesvio:[0m +67%   [2m(2 obs. dia_util)[0m
2026-07-23 16:12:29 [INFO] 
2026-07-23 16:12:29 [INFO]   🔴 [91m[1mPT0002000123648159KR[0m  [2m[Cluster 0][0m
2026-07-23 16:12:29 [INFO]      consumiu MAIS que o habitual às 03h
2026-07-23 16:12:29 [INFO]      [2mReal:[0m 4.0 kWh   [2mHabitual:[0m 2.0 ± 0.3 kWh   [2mz:[0m +6.67   [2mdesvio:[0m +100%   [2m(2 obs. dia_util)[0m
2026-07-23 16:12:29 [INFO] 
2026-07-23 16:12:29 [INFO]   🔵 [94m[1mPT0002000081344542CP[0m  [2m[Cluster 1][0m
2026-07-23 16:12:29 [INFO]      consumiu MENOS que o habitual às 09h
2026-07-23 16:12:29 [INFO]      [2mReal:[0m 3.0 kWh   [2mHabitual:[0m 8.5 ± 0.8 kWh   [2mz:[0m -6.47   [2mdesvio:[0m -65%   [2m(2 obs. dia_util)[0m
2026-07-23 16:12:29 [INFO] 
2026-07-23 16:12:29 [INFO]   🔴 [91m[1mPT0002000119303492KB[0m  [2m[Cluster 0][0m
2026-07-23 16:12:29 [INFO]      consumiu MAIS que o habitual às 14h
2026-07-23 16:12:29 [INFO]      [2mReal:[0m 37.0 kWh   [2mHabitual:[0m 22.5 ± 2.2 kWh   [2mz:[0m +6.44   [2mdesvio:[0m +64%   [2m(2 obs. dia_util)[0m
2026-07-23 16:12:29 [INFO] 
2026-07-23 16:12:29 [INFO]   🔴 [91m[1mPT0002000068858674WN[0m  [2m[Cluster 1 (atribuido)][0m
2026-07-23 16:12:29 [INFO]      consumiu MAIS que o habitual às 09h
2026-07-23 16:12:29 [INFO]      [2mReal:[0m 56.0 kWh   [2mHabitual:[0m 20.0 ± 5.7 kWh   [2mz:[0m +6.36   [2mdesvio:[0m +180%   [2m(2 obs. dia_util)[0m
2026-07-23 16:12:29 [INFO] 
2026-07-23 16:12:29 [INFO]   🔴 [91m[1mPT0002000078233981HJ[0m  [2m[Cluster 1][0m
2026-07-23 16:12:29 [INFO]      consumiu MAIS que o habitual às 13h
2026-07-23 16:12:29 [INFO]      [2mReal:[0m 6.0 kWh   [2mHabitual:[0m 1.5 ± 0.7 kWh   [2mz:[0m +6.36   [2mdesvio:[0m +300%   [2m(2 obs. dia_util)[0m
2026-07-23 16:12:29 [INFO] 
2026-07-23 16:12:29 [INFO]   🔴 [91m[1mPT0002000109837807PE[0m  [2m[Cluster 1][0m
2026-07-23 16:12:29 [INFO]      consumiu MAIS que o habitual às 17h
2026-07-23 16:12:29 [INFO]      [2mReal:[0m 8.0 kWh   [2mHabitual:[0m 3.5 ± 0.7 kWh   [2mz:[0m +6.36   [2mdesvio:[0m +129%   [2m(2 obs. dia_util)[0m
2026-07-23 16:12:29 [INFO] 
2026-07-23 16:12:29 [INFO]   🔴 [91m[1mPT0002000119303492KB[0m  [2m[Cluster 0][0m
2026-07-23 16:12:29 [INFO]      consumiu MAIS que o habitual às 10h
2026-07-23 16:12:29 [INFO]      [2mReal:[0m 58.0 kWh   [2mHabitual:[0m 36.0 ± 3.6 kWh   [2mz:[0m +6.11   [2mdesvio:[0m +61%   [2m(2 obs. dia_util)[0m
2026-07-23 16:12:29 [INFO] 
2026-07-23 16:12:29 [INFO]   🔴 [91m[1mPT0002000115031201VQ[0m  [2m[Cluster 0][0m
2026-07-23 16:12:29 [INFO]      consumiu MAIS que o habitual às 15h
2026-07-23 16:12:29 [INFO]      [2mReal:[0m 31.0 kWh   [2mHabitual:[0m 14.0 ± 2.8 kWh   [2mz:[0m +6.01   [2mdesvio:[0m +121%   [2m(2 obs. dia_util)[0m
2026-07-23 16:12:29 [INFO] 
2026-07-23 16:12:29 [INFO]   🔴 [91m[1mPT0002000068856974CZ[0m  [2m[Cluster 0 (atribuido)][0m
2026-07-23 16:12:29 [INFO]      consumiu MAIS que o habitual às 06h
2026-07-23 16:12:29 [INFO]      [2mReal:[0m 15.0 kWh   [2mHabitual:[0m 9.5 ± 0.9 kWh   [2mz:[0m +5.79   [2mdesvio:[0m +58%   [2m(2 obs. dia_util)[0m
2026-07-23 16:12:29 [INFO] 
2026-07-23 16:12:29 [INFO]   🔴 [91m[1mPT0002000068858674WN[0m  [2m[Cluster 1 (atribuido)][0m
2026-07-23 16:12:29 [INFO]      consumiu MAIS que o habitual às 11h
2026-07-23 16:12:29 [INFO]      [2mReal:[0m 52.0 kWh   [2mHabitual:[0m 20.0 ± 5.7 kWh   [2mz:[0m +5.66   [2mdesvio:[0m +160%   [2m(2 obs. dia_util)[0m
2026-07-23 16:12:29 [INFO] 
2026-07-23 16:12:29 [INFO]   🔵 [94m[1mPT0002000111572054VT[0m  [2m[Cluster 0 (atribuido)][0m
2026-07-23 16:12:29 [INFO]      consumiu MENOS que o habitual às 17h
2026-07-23 16:12:29 [INFO]      [2mReal:[0m 1.0 kWh   [2mHabitual:[0m 9.0 ± 1.4 kWh   [2mz:[0m -5.66   [2mdesvio:[0m -89%   [2m(2 obs. dia_util)[0m
2026-07-23 16:12:29 [INFO] 
2026-07-23 16:12:29 [INFO]   🔴 [91m[1mPT0002000081344542CP[0m  [2m[Cluster 1][0m
2026-07-23 16:12:29 [INFO]      consumiu MAIS que o habitual às 12h
2026-07-23 16:12:29 [INFO]      [2mReal:[0m 18.0 kWh   [2mHabitual:[0m 3.0 ± 2.8 kWh   [2mz:[0m +5.30   [2mdesvio:[0m +500%   [2m(2 obs. dia_util)[0m
2026-07-23 16:12:29 [INFO] 
2026-07-23 16:12:29 [INFO]   🔴 [91m[1mPT0002000068856974CZ[0m  [2m[Cluster 0 (atribuido)][0m
2026-07-23 16:12:29 [INFO]      consumiu MAIS que o habitual às 02h
2026-07-23 16:12:29 [INFO]      [2mReal:[0m 15.0 kWh   [2mHabitual:[0m 10.0 ± 1.0 kWh   [2mz:[0m +5.00   [2mdesvio:[0m +50%   [2m(2 obs. dia_util)[0m
2026-07-23 16:12:29 [INFO] 
2026-07-23 16:12:29 [INFO]   🔴 [91m[1mPT0002000110607652SB[0m  [2m[Cluster 0][0m
2026-07-23 16:12:29 [INFO]      consumiu MAIS que o habitual às 04h
2026-07-23 16:12:29 [INFO]      [2mReal:[0m 24.0 kWh   [2mHabitual:[0m 10.0 ± 2.8 kWh   [2mz:[0m +4.95   [2mdesvio:[0m +140%   [2m(2 obs. dia_util)[0m
2026-07-23 16:12:29 [INFO] 
2026-07-23 16:12:29 [INFO]   🔵 [94m[1mPT0002000201038711LS[0m  [2m[Cluster 1 (atribuido)][0m
2026-07-23 16:12:29 [INFO]      consumiu MENOS que o habitual às 12h
2026-07-23 16:12:29 [INFO]      [2mReal:[0m 8.0 kWh   [2mHabitual:[0m 15.0 ± 1.5 kWh   [2mz:[0m -4.67   [2mdesvio:[0m -47%   [2m(2 obs. dia_util)[0m
2026-07-23 16:12:29 [INFO] 
2026-07-23 16:12:29 [INFO]   🔴 [91m[1mPT0002000201038711LS[0m  [2m[Cluster 1 (atribuido)][0m
2026-07-23 16:12:29 [INFO]      consumiu MAIS que o habitual às 16h
2026-07-23 16:12:29 [INFO]      [2mReal:[0m 68.0 kWh   [2mHabitual:[0m 46.5 ± 4.7 kWh   [2mz:[0m +4.62   [2mdesvio:[0m +46%   [2m(2 obs. dia_util)[0m
2026-07-23 16:12:29 [INFO] 
2026-07-23 16:12:29 [INFO]   🔴 [91m[1mPT0002000068858674WN[0m  [2m[Cluster 1 (atribuido)][0m
2026-07-23 16:12:29 [INFO]      consumiu MAIS que o habitual às 10h
2026-07-23 16:12:29 [INFO]      [2mReal:[0m 44.0 kWh   [2mHabitual:[0m 20.0 ± 5.7 kWh   [2mz:[0m +4.24   [2mdesvio:[0m +120%   [2m(2 obs. dia_util)[0m
2026-07-23 16:12:29 [INFO] 
2026-07-23 16:12:29 [INFO]   🔴 [91m[1mPT0002000102936404ME[0m  [2m[Cluster 1][0m
2026-07-23 16:12:29 [INFO]      consumiu MAIS que o habitual às 19h
2026-07-23 16:12:29 [INFO]      [2mReal:[0m 37.0 kWh   [2mHabitual:[0m 26.0 ± 2.6 kWh   [2mz:[0m +4.23   [2mdesvio:[0m +42%   [2m(2 obs. dia_util)[0m
2026-07-23 16:12:29 [INFO] 
2026-07-23 16:12:29 [INFO]   🔴 [91m[1mPT0002000115031201VQ[0m  [2m[Cluster 0][0m
2026-07-23 16:12:29 [INFO]      consumiu MAIS que o habitual às 14h
2026-07-23 16:12:29 [INFO]      [2mReal:[0m 39.0 kWh   [2mHabitual:[0m 18.5 ± 5.0 kWh   [2mz:[0m +4.14   [2mdesvio:[0m +111%   [2m(2 obs. dia_util)[0m
2026-07-23 16:12:29 [INFO] 
2026-07-23 16:12:29 [INFO]   🔴 [91m[1mPT0002000068856974CZ[0m  [2m[Cluster 0 (atribuido)][0m
2026-07-23 16:12:29 [INFO]      consumiu MAIS que o habitual às 04h
2026-07-23 16:12:29 [INFO]      [2mReal:[0m 14.0 kWh   [2mHabitual:[0m 10.0 ± 1.0 kWh   [2mz:[0m +4.00   [2mdesvio:[0m +40%   [2m(2 obs. dia_util)[0m
2026-07-23 16:12:29 [INFO] 
2026-07-23 16:12:29 [INFO]   🔴 [91m[1mPT0002000068856974CZ[0m  [2m[Cluster 0 (atribuido)][0m
2026-07-23 16:12:29 [INFO]      consumiu MAIS que o habitual às 05h
2026-07-23 16:12:29 [INFO]      [2mReal:[0m 14.0 kWh   [2mHabitual:[0m 10.0 ± 1.0 kWh   [2mz:[0m +4.00   [2mdesvio:[0m +40%   [2m(2 obs. dia_util)[0m
2026-07-23 16:12:29 [INFO] 
2026-07-23 16:12:29 [INFO]   🔵 [94m[1mPT0002000068859325FL[0m  [2m[Cluster 1][0m
2026-07-23 16:12:29 [INFO]      consumiu MENOS que o habitual às 09h
2026-07-23 16:12:29 [INFO]      [2mReal:[0m 88.0 kWh   [2mHabitual:[0m 146.0 ± 14.6 kWh   [2mz:[0m -3.97   [2mdesvio:[0m -40%   [2m(2 obs. dia_util)[0m
2026-07-23 16:12:29 [INFO] 
2026-07-23 16:12:29 [INFO]   🔴 [91m[1mPT0002000068856655YV[0m  [2m[Cluster 0][0m
2026-07-23 16:12:29 [INFO]      consumiu MAIS que o habitual às 21h
2026-07-23 16:12:29 [INFO]      [2mReal:[0m 29.0 kWh   [2mHabitual:[0m 7.0 ± 5.7 kWh   [2mz:[0m +3.89   [2mdesvio:[0m +314%   [2m(2 obs. dia_util)[0m
2026-07-23 16:12:29 [INFO] 
2026-07-23 16:12:29 [INFO]   🔴 [91m[1mPT0002000201038711LS[0m  [2m[Cluster 1 (atribuido)][0m
2026-07-23 16:12:29 [INFO]      consumiu MAIS que o habitual às 10h
2026-07-23 16:12:29 [INFO]      [2mReal:[0m 14.0 kWh   [2mHabitual:[0m 3.0 ± 2.8 kWh   [2mz:[0m +3.89   [2mdesvio:[0m +367%   [2m(2 obs. dia_util)[0m
2026-07-23 16:12:29 [INFO] 
2026-07-23 16:12:29 [INFO]   🔴 [91m[1mPT0002000068859597LS[0m  [2m[Cluster 0][0m
2026-07-23 16:12:29 [INFO]      consumiu MAIS que o habitual às 19h
2026-07-23 16:12:29 [INFO]      [2mReal:[0m 73.0 kWh   [2mHabitual:[0m 43.5 ± 7.8 kWh   [2mz:[0m +3.79   [2mdesvio:[0m +68%   [2m(2 obs. dia_util)[0m
2026-07-23 16:12:29 [INFO] 
2026-07-23 16:12:29 [INFO]   🔵 [94m[1mPT0002000068859393XH[0m  [2m[Cluster 1][0m
2026-07-23 16:12:29 [INFO]      consumiu MENOS que o habitual às 06h
2026-07-23 16:12:29 [INFO]      [2mReal:[0m 16.0 kWh   [2mHabitual:[0m 32.0 ± 4.2 kWh   [2mz:[0m -3.77   [2mdesvio:[0m -50%   [2m(2 obs. dia_util)[0m
2026-07-23 16:12:29 [INFO] 
2026-07-23 16:12:29 [INFO]   🔵 [94m[1mPT0002000068859325FL[0m  [2m[Cluster 1][0m
2026-07-23 16:12:29 [INFO]      consumiu MENOS que o habitual às 18h
2026-07-23 16:12:29 [INFO]      [2mReal:[0m 84.0 kWh   [2mHabitual:[0m 134.0 ± 13.4 kWh   [2mz:[0m -3.73   [2mdesvio:[0m -37%   [2m(2 obs. dia_util)[0m
2026-07-23 16:12:29 [INFO] 
2026-07-23 16:12:29 [INFO]   🔴 [91m[1mPT0002000068855003AK[0m  [2m[Cluster 0 (atribuido)][0m
2026-07-23 16:12:29 [INFO]      consumiu MAIS que o habitual às 15h
2026-07-23 16:12:29 [INFO]      [2mReal:[0m 78.0 kWh   [2mHabitual:[0m 52.0 ± 7.1 kWh   [2mz:[0m +3.68   [2mdesvio:[0m +50%   [2m(2 obs. dia_util)[0m
2026-07-23 16:12:29 [INFO] 
2026-07-23 16:12:29 [INFO]   🔴 [91m[1mPT0002000068855003AK[0m  [2m[Cluster 0 (atribuido)][0m
2026-07-23 16:12:29 [INFO]      consumiu MAIS que o habitual às 19h
2026-07-23 16:12:29 [INFO]      [2mReal:[0m 36.0 kWh   [2mHabitual:[0m 26.5 ± 2.6 kWh   [2mz:[0m +3.58   [2mdesvio:[0m +36%   [2m(2 obs. dia_util)[0m
2026-07-23 16:12:29 [INFO] 
2026-07-23 16:12:29 [INFO]   🔴 [91m[1mPT0002000068856974CZ[0m  [2m[Cluster 0 (atribuido)][0m
2026-07-23 16:12:29 [INFO]      consumiu MAIS que o habitual às 16h
2026-07-23 16:12:29 [INFO]      [2mReal:[0m 61.0 kWh   [2mHabitual:[0m 45.0 ± 4.5 kWh   [2mz:[0m +3.56   [2mdesvio:[0m +36%   [2m(2 obs. dia_util)[0m
2026-07-23 16:12:29 [INFO] 
2026-07-23 16:12:29 [INFO]   🔴 [91m[1mPT0002000119303492KB[0m  [2m[Cluster 0][0m
2026-07-23 16:12:29 [INFO]      consumiu MAIS que o habitual às 11h
2026-07-23 16:12:29 [INFO]      [2mReal:[0m 59.0 kWh   [2mHabitual:[0m 43.5 ± 4.3 kWh   [2mz:[0m +3.56   [2mdesvio:[0m +36%   [2m(2 obs. dia_util)[0m
2026-07-23 16:12:29 [INFO] 
2026-07-23 16:12:29 [INFO]   🔵 [94m[1mPT0002000081997398TD[0m  [2m[Cluster 0][0m
2026-07-23 16:12:29 [INFO]      consumiu MENOS que o habitual às 00h
2026-07-23 16:12:29 [INFO]      [2mReal:[0m 50.0 kWh   [2mHabitual:[0m 77.5 ± 7.8 kWh   [2mz:[0m -3.55   [2mdesvio:[0m -35%   [2m(2 obs. dia_util)[0m
2026-07-23 16:12:29 [INFO] 
2026-07-23 16:12:29 [INFO]   🔴 [91m[1mPT0002000068856872QG[0m  [2m[Cluster 1][0m
2026-07-23 16:12:29 [INFO]      consumiu MAIS que o habitual às 03h
2026-07-23 16:12:29 [INFO]      [2mReal:[0m 3.0 kWh   [2mHabitual:[0m 0.5 ± 0.7 kWh   [2mz:[0m +3.54   [2mdesvio:[0m +500%   [2m(2 obs. dia_util)[0m
2026-07-23 16:12:29 [INFO] 
2026-07-23 16:12:29 [INFO]   🔴 [91m[1mPT0002000068856872QG[0m  [2m[Cluster 1][0m
2026-07-23 16:12:29 [INFO]      consumiu MAIS que o habitual às 16h
2026-07-23 16:12:29 [INFO]      [2mReal:[0m 3.0 kWh   [2mHabitual:[0m 0.5 ± 0.7 kWh   [2mz:[0m +3.54   [2mdesvio:[0m +500%   [2m(2 obs. dia_util)[0m
2026-07-23 16:12:29 [INFO] 
2026-07-23 16:12:29 [INFO]   🔴 [91m[1mPT0002000068856872QG[0m  [2m[Cluster 1][0m
2026-07-23 16:12:29 [INFO]      consumiu MAIS que o habitual às 22h
2026-07-23 16:12:29 [INFO]      [2mReal:[0m 3.0 kWh   [2mHabitual:[0m 0.5 ± 0.7 kWh   [2mz:[0m +3.54   [2mdesvio:[0m +500%   [2m(2 obs. dia_util)[0m
2026-07-23 16:12:29 [INFO] 
2026-07-23 16:12:29 [INFO]   🔴 [91m[1mPT0002000068856906VS[0m  [2m[Cluster 0][0m
2026-07-23 16:12:29 [INFO]      consumiu MAIS que o habitual às 16h
2026-07-23 16:12:29 [INFO]      [2mReal:[0m 36.0 kWh   [2mHabitual:[0m 26.0 ± 2.8 kWh   [2mz:[0m +3.54   [2mdesvio:[0m +38%   [2m(2 obs. dia_util)[0m
2026-07-23 16:12:29 [INFO] 
2026-07-23 16:12:29 [INFO]   🔴 [91m[1mPT0002000068858674WN[0m  [2m[Cluster 1 (atribuido)][0m
2026-07-23 16:12:29 [INFO]      consumiu MAIS que o habitual às 01h
2026-07-23 16:12:29 [INFO]      [2mReal:[0m 24.0 kWh   [2mHabitual:[0m 14.0 ± 2.8 kWh   [2mz:[0m +3.54   [2mdesvio:[0m +71%   [2m(2 obs. dia_util)[0m
2026-07-23 16:12:29 [INFO] 
2026-07-23 16:12:29 [INFO]   🔴 [91m[1mPT0002000068858674WN[0m  [2m[Cluster 1 (atribuido)][0m
2026-07-23 16:12:29 [INFO]      consumiu MAIS que o habitual às 05h
2026-07-23 16:12:29 [INFO]      [2mReal:[0m 24.0 kWh   [2mHabitual:[0m 14.0 ± 2.8 kWh   [2mz:[0m +3.54   [2mdesvio:[0m +71%   [2m(2 obs. dia_util)[0m
2026-07-23 16:12:29 [INFO] 
2026-07-23 16:12:29 [INFO]   🔴 [91m[1mPT0002000068858674WN[0m  [2m[Cluster 1 (atribuido)][0m
2026-07-23 16:12:29 [INFO]      consumiu MAIS que o habitual às 07h
2026-07-23 16:12:29 [INFO]      [2mReal:[0m 24.0 kWh   [2mHabitual:[0m 14.0 ± 2.8 kWh   [2mz:[0m +3.54   [2mdesvio:[0m +71%   [2m(2 obs. dia_util)[0m
2026-07-23 16:12:29 [INFO] 
2026-07-23 16:12:29 [INFO]   🔵 [94m[1mPT0002000081344542CP[0m  [2m[Cluster 1][0m
2026-07-23 16:12:29 [INFO]      consumiu MENOS que o habitual às 03h
2026-07-23 16:12:29 [INFO]      [2mReal:[0m 2.0 kWh   [2mHabitual:[0m 7.0 ± 1.4 kWh   [2mz:[0m -3.54   [2mdesvio:[0m -71%   [2m(2 obs. dia_util)[0m
2026-07-23 16:12:29 [INFO] 
2026-07-23 16:12:29 [INFO]   🔵 [94m[1mPT0002000081344542CP[0m  [2m[Cluster 1][0m
2026-07-23 16:12:29 [INFO]      consumiu MENOS que o habitual às 23h
2026-07-23 16:12:29 [INFO]      [2mReal:[0m 1.0 kWh   [2mHabitual:[0m 3.5 ± 0.7 kWh   [2mz:[0m -3.54   [2mdesvio:[0m -71%   [2m(2 obs. dia_util)[0m
2026-07-23 16:12:29 [INFO] 
2026-07-23 16:12:29 [INFO]   🔴 [91m[1mPT0002000107046231FW[0m  [2m[Cluster 0][0m
2026-07-23 16:12:29 [INFO]      consumiu MAIS que o habitual às 07h
2026-07-23 16:12:29 [INFO]      [2mReal:[0m 7.0 kWh   [2mHabitual:[0m 4.5 ± 0.7 kWh   [2mz:[0m +3.54   [2mdesvio:[0m +56%   [2m(2 obs. dia_util)[0m
2026-07-23 16:12:29 [INFO] 
2026-07-23 16:12:29 [INFO]   🔴 [91m[1mPT0002000109837807PE[0m  [2m[Cluster 1][0m
2026-07-23 16:12:29 [INFO]      consumiu MAIS que o habitual às 16h
2026-07-23 16:12:29 [INFO]      [2mReal:[0m 6.0 kWh   [2mHabitual:[0m 3.5 ± 0.7 kWh   [2mz:[0m +3.54   [2mdesvio:[0m +71%   [2m(2 obs. dia_util)[0m
2026-07-23 16:12:29 [INFO] 
2026-07-23 16:12:29 [INFO]   🔴 [91m[1mPT0002000109837807PE[0m  [2m[Cluster 1][0m
2026-07-23 16:12:29 [INFO]      consumiu MAIS que o habitual às 19h
2026-07-23 16:12:29 [INFO]      [2mReal:[0m 32.0 kWh   [2mHabitual:[0m 19.5 ± 3.5 kWh   [2mz:[0m +3.54   [2mdesvio:[0m +64%   [2m(2 obs. dia_util)[0m
2026-07-23 16:12:29 [INFO] 
2026-07-23 16:12:29 [INFO]   🔴 [91m[1mPT0002000110607652SB[0m  [2m[Cluster 0][0m
2026-07-23 16:12:29 [INFO]      consumiu MAIS que o habitual às 01h
2026-07-23 16:12:29 [INFO]      [2mReal:[0m 20.0 kWh   [2mHabitual:[0m 10.0 ± 2.8 kWh   [2mz:[0m +3.54   [2mdesvio:[0m +100%   [2m(2 obs. dia_util)[0m
2026-07-23 16:12:29 [INFO] 
2026-07-23 16:12:29 [INFO]   🔴 [91m[1mPT0002000115031201VQ[0m  [2m[Cluster 0][0m
2026-07-23 16:12:29 [INFO]      consumiu MAIS que o habitual às 21h
2026-07-23 16:12:29 [INFO]      [2mReal:[0m 8.0 kWh   [2mHabitual:[0m 5.5 ± 0.7 kWh   [2mz:[0m +3.54   [2mdesvio:[0m +45%   [2m(2 obs. dia_util)[0m
2026-07-23 16:12:29 [INFO] 
2026-07-23 16:12:29 [INFO]   🔴 [91m[1mPT0002000115031201VQ[0m  [2m[Cluster 0][0m
2026-07-23 16:12:29 [INFO]      consumiu MAIS que o habitual às 23h
2026-07-23 16:12:29 [INFO]      [2mReal:[0m 8.0 kWh   [2mHabitual:[0m 5.5 ± 0.7 kWh   [2mz:[0m +3.54   [2mdesvio:[0m +45%   [2m(2 obs. dia_util)[0m
2026-07-23 16:12:29 [INFO] 
2026-07-23 16:12:29 [INFO]   🔴 [91m[1mPT0002000068855003AK[0m  [2m[Cluster 0 (atribuido)][0m
2026-07-23 16:12:29 [INFO]      consumiu MAIS que o habitual às 10h
2026-07-23 16:12:29 [INFO]      [2mReal:[0m 37.0 kWh   [2mHabitual:[0m 27.5 ± 2.8 kWh   [2mz:[0m +3.45   [2mdesvio:[0m +35%   [2m(2 obs. dia_util)[0m
2026-07-23 16:12:29 [INFO] 
2026-07-23 16:12:29 [INFO]   🔴 [91m[1mPT0002000107046231FW[0m  [2m[Cluster 0][0m
2026-07-23 16:12:29 [INFO]      consumiu MAIS que o habitual às 12h
2026-07-23 16:12:29 [INFO]      [2mReal:[0m 39.0 kWh   [2mHabitual:[0m 29.0 ± 2.9 kWh   [2mz:[0m +3.45   [2mdesvio:[0m +34%   [2m(2 obs. dia_util)[0m
2026-07-23 16:12:29 [INFO] 
2026-07-23 16:12:29 [INFO]   🔵 [94m[1mPT0002000068856655YV[0m  [2m[Cluster 0][0m
2026-07-23 16:12:29 [INFO]      consumiu MENOS que o habitual às 08h
2026-07-23 16:12:29 [INFO]      [2mReal:[0m 5.0 kWh   [2mHabitual:[0m 7.5 ± 0.8 kWh   [2mz:[0m -3.33   [2mdesvio:[0m -33%   [2m(2 obs. dia_util)[0m
2026-07-23 16:12:29 [INFO] 
2026-07-23 16:12:29 [INFO]   🔴 [91m[1mPT0002000068856872QG[0m  [2m[Cluster 1][0m
2026-07-23 16:12:29 [INFO]      consumiu MAIS que o habitual às 12h
2026-07-23 16:12:29 [INFO]      [2mReal:[0m 1.0 kWh   [2mHabitual:[0m 0.0 ± 0.3 kWh   [2mz:[0m +3.33   [2mdesvio:[0m +100000%   [2m(2 obs. dia_util)[0m
2026-07-23 16:12:29 [INFO] 
2026-07-23 16:12:29 [INFO]   🔴 [91m[1mPT0002000068856952LS[0m  [2m[Cluster 2][0m
2026-07-23 16:12:29 [INFO]      consumiu MAIS que o habitual às 19h
2026-07-23 16:12:29 [INFO]      [2mReal:[0m 1.0 kWh   [2mHabitual:[0m 0.0 ± 0.3 kWh   [2mz:[0m +3.33   [2mdesvio:[0m +100000%   [2m(2 obs. dia_util)[0m
2026-07-23 16:12:29 [INFO] 
2026-07-23 16:12:29 [INFO]   🔴 [91m[1mPT0002000068856974CZ[0m  [2m[Cluster 0 (atribuido)][0m
2026-07-23 16:12:29 [INFO]      consumiu MAIS que o habitual às 00h
2026-07-23 16:12:29 [INFO]      [2mReal:[0m 14.0 kWh   [2mHabitual:[0m 10.5 ± 1.1 kWh   [2mz:[0m +3.33   [2mdesvio:[0m +33%   [2m(2 obs. dia_util)[0m
2026-07-23 16:12:29 [INFO] 
2026-07-23 16:12:29 [INFO]   🔴 [91m[1mPT0002000068857099AR[0m  [2m[Cluster 1][0m
2026-07-23 16:12:29 [INFO]      consumiu MAIS que o habitual às 01h
2026-07-23 16:12:29 [INFO]      [2mReal:[0m 4.0 kWh   [2mHabitual:[0m 3.0 ± 0.3 kWh   [2mz:[0m +3.33   [2mdesvio:[0m +33%   [2m(2 obs. dia_util)[0m
2026-07-23 16:12:29 [INFO] 
2026-07-23 16:12:29 [INFO]   🔴 [91m[1mPT0002000068857099AR[0m  [2m[Cluster 1][0m
2026-07-23 16:12:29 [INFO]      consumiu MAIS que o habitual às 03h
2026-07-23 16:12:29 [INFO]      [2mReal:[0m 4.0 kWh   [2mHabitual:[0m 3.0 ± 0.3 kWh   [2mz:[0m +3.33   [2mdesvio:[0m +33%   [2m(2 obs. dia_util)[0m
2026-07-23 16:12:29 [INFO] 
2026-07-23 16:12:29 [INFO]   🔴 [91m[1mPT0002000068857099AR[0m  [2m[Cluster 1][0m
2026-07-23 16:12:29 [INFO]      consumiu MAIS que o habitual às 12h
2026-07-23 16:12:29 [INFO]      [2mReal:[0m 4.0 kWh   [2mHabitual:[0m 3.0 ± 0.3 kWh   [2mz:[0m +3.33   [2mdesvio:[0m +33%   [2m(2 obs. dia_util)[0m
2026-07-23 16:12:29 [INFO] 
2026-07-23 16:12:29 [INFO]   🔴 [91m[1mPT0002000068857099AR[0m  [2m[Cluster 1][0m
2026-07-23 16:12:29 [INFO]      consumiu MAIS que o habitual às 14h
2026-07-23 16:12:29 [INFO]      [2mReal:[0m 4.0 kWh   [2mHabitual:[0m 3.0 ± 0.3 kWh   [2mz:[0m +3.33   [2mdesvio:[0m +33%   [2m(2 obs. dia_util)[0m
2026-07-23 16:12:29 [INFO] 
2026-07-23 16:12:29 [INFO]   🔴 [91m[1mPT0002000073717386HC[0m  [2m[Cluster 1 (atribuido)][0m
2026-07-23 16:12:29 [INFO]      consumiu MAIS que o habitual às 00h
2026-07-23 16:12:29 [INFO]      [2mReal:[0m 1.0 kWh   [2mHabitual:[0m 0.0 ± 0.3 kWh   [2mz:[0m +3.33   [2mdesvio:[0m +100000%   [2m(2 obs. dia_util)[0m
2026-07-23 16:12:29 [INFO] 
2026-07-23 16:12:29 [INFO]   🔴 [91m[1mPT0002000073717386HC[0m  [2m[Cluster 1 (atribuido)][0m
2026-07-23 16:12:29 [INFO]      consumiu MAIS que o habitual às 04h
2026-07-23 16:12:29 [INFO]      [2mReal:[0m 1.0 kWh   [2mHabitual:[0m 0.0 ± 0.3 kWh   [2mz:[0m +3.33   [2mdesvio:[0m +100000%   [2m(2 obs. dia_util)[0m
2026-07-23 16:12:29 [INFO] 
2026-07-23 16:12:29 [INFO]   🔵 [94m[1mPT0002000073717386HC[0m  [2m[Cluster 1 (atribuido)][0m
2026-07-23 16:12:29 [INFO]      consumiu MENOS que o habitual às 22h
2026-07-23 16:12:29 [INFO]      [2mReal:[0m 4.0 kWh   [2mHabitual:[0m 6.0 ± 0.6 kWh   [2mz:[0m -3.33   [2mdesvio:[0m -33%   [2m(2 obs. dia_util)[0m
2026-07-23 16:12:29 [INFO] 
2026-07-23 16:12:29 [INFO]   🔴 [91m[1mPT0002000077647404EM[0m  [2m[Cluster 1][0m
2026-07-23 16:12:29 [INFO]      consumiu MAIS que o habitual às 17h
2026-07-23 16:12:29 [INFO]      [2mReal:[0m 3.0 kWh   [2mHabitual:[0m 2.0 ± 0.3 kWh   [2mz:[0m +3.33   [2mdesvio:[0m +50%   [2m(2 obs. dia_util)[0m
2026-07-23 16:12:29 [INFO] 
2026-07-23 16:12:29 [INFO]   🔴 [91m[1mPT0002000078140706BA[0m  [2m[Cluster 1 (atribuido)][0m
2026-07-23 16:12:29 [INFO]      consumiu MAIS que o habitual às 04h
2026-07-23 16:12:29 [INFO]      [2mReal:[0m 48.0 kWh   [2mHabitual:[0m 36.0 ± 3.6 kWh   [2mz:[0m +3.33   [2mdesvio:[0m +33%   [2m(2 obs. dia_util)[0m
2026-07-23 16:12:29 [INFO] 
2026-07-23 16:12:29 [INFO]   🔵 [94m[1mPT0002000078233981HJ[0m  [2m[Cluster 1][0m
2026-07-23 16:12:29 [INFO]      consumiu MENOS que o habitual às 03h
2026-07-23 16:12:29 [INFO]      [2mReal:[0m 1.0 kWh   [2mHabitual:[0m 2.0 ± 0.3 kWh   [2mz:[0m -3.33   [2mdesvio:[0m -50%   [2m(2 obs. dia_util)[0m
2026-07-23 16:12:29 [INFO] 
2026-07-23 16:12:29 [INFO]   🔵 [94m[1mPT0002000078233981HJ[0m  [2m[Cluster 1][0m
2026-07-23 16:12:29 [INFO]      consumiu MENOS que o habitual às 05h
2026-07-23 16:12:29 [INFO]      [2mReal:[0m 1.0 kWh   [2mHabitual:[0m 2.0 ± 0.3 kWh   [2mz:[0m -3.33   [2mdesvio:[0m -50%   [2m(2 obs. dia_util)[0m
2026-07-23 16:12:29 [INFO] 
2026-07-23 16:12:29 [INFO]   🔴 [91m[1mPT0002000078233981HJ[0m  [2m[Cluster 1][0m
2026-07-23 16:12:29 [INFO]      consumiu MAIS que o habitual às 06h
2026-07-23 16:12:29 [INFO]      [2mReal:[0m 2.0 kWh   [2mHabitual:[0m 1.0 ± 0.3 kWh   [2mz:[0m +3.33   [2mdesvio:[0m +100%   [2m(2 obs. dia_util)[0m
2026-07-23 16:12:29 [INFO] 
2026-07-23 16:12:29 [INFO]   🔵 [94m[1mPT0002000081344542CP[0m  [2m[Cluster 1][0m
2026-07-23 16:12:29 [INFO]      consumiu MENOS que o habitual às 14h
2026-07-23 16:12:29 [INFO]      [2mReal:[0m 1.0 kWh   [2mHabitual:[0m 2.0 ± 0.3 kWh   [2mz:[0m -3.33   [2mdesvio:[0m -50%   [2m(2 obs. dia_util)[0m
2026-07-23 16:12:29 [INFO] 
2026-07-23 16:12:29 [INFO]   🔵 [94m[1mPT0002000105483259QH[0m  [2m[Cluster 1][0m
2026-07-23 16:12:29 [INFO]      consumiu MENOS que o habitual às 05h
2026-07-23 16:12:29 [INFO]      [2mReal:[0m 0.0 kWh   [2mHabitual:[0m 1.0 ± 0.3 kWh   [2mz:[0m -3.33   [2mdesvio:[0m -100%   [2m(2 obs. dia_util)[0m
2026-07-23 16:12:29 [INFO] 
2026-07-23 16:12:29 [INFO]   🔴 [91m[1mPT0002000105483259QH[0m  [2m[Cluster 1][0m
2026-07-23 16:12:29 [INFO]      consumiu MAIS que o habitual às 06h
2026-07-23 16:12:29 [INFO]      [2mReal:[0m 1.0 kWh   [2mHabitual:[0m 0.0 ± 0.3 kWh   [2mz:[0m +3.33   [2mdesvio:[0m +100000%   [2m(2 obs. dia_util)[0m
2026-07-23 16:12:29 [INFO] 
2026-07-23 16:12:29 [INFO]   🔵 [94m[1mPT0002000105483259QH[0m  [2m[Cluster 1][0m
2026-07-23 16:12:29 [INFO]      consumiu MENOS que o habitual às 10h
2026-07-23 16:12:29 [INFO]      [2mReal:[0m 0.0 kWh   [2mHabitual:[0m 1.0 ± 0.3 kWh   [2mz:[0m -3.33   [2mdesvio:[0m -100%   [2m(2 obs. dia_util)[0m
2026-07-23 16:12:29 [INFO] 
2026-07-23 16:12:29 [INFO]   🔴 [91m[1mPT0002000105483259QH[0m  [2m[Cluster 1][0m
2026-07-23 16:12:29 [INFO]      consumiu MAIS que o habitual às 11h
2026-07-23 16:12:29 [INFO]      [2mReal:[0m 1.0 kWh   [2mHabitual:[0m 0.0 ± 0.3 kWh   [2mz:[0m +3.33   [2mdesvio:[0m +100000%   [2m(2 obs. dia_util)[0m
2026-07-23 16:12:29 [INFO] 
2026-07-23 16:12:29 [INFO]   🔵 [94m[1mPT0002000105483259QH[0m  [2m[Cluster 1][0m
2026-07-23 16:12:29 [INFO]      consumiu MENOS que o habitual às 15h
2026-07-23 16:12:29 [INFO]      [2mReal:[0m 0.0 kWh   [2mHabitual:[0m 1.0 ± 0.3 kWh   [2mz:[0m -3.33   [2mdesvio:[0m -100%   [2m(2 obs. dia_util)[0m
2026-07-23 16:12:29 [INFO] 
2026-07-23 16:12:29 [INFO]   🔵 [94m[1mPT0002000105483259QH[0m  [2m[Cluster 1][0m
2026-07-23 16:12:29 [INFO]      consumiu MENOS que o habitual às 20h
2026-07-23 16:12:29 [INFO]      [2mReal:[0m 1.0 kWh   [2mHabitual:[0m 2.0 ± 0.3 kWh   [2mz:[0m -3.33   [2mdesvio:[0m -50%   [2m(2 obs. dia_util)[0m
2026-07-23 16:12:29 [INFO] 
2026-07-23 16:12:29 [INFO]   🔴 [91m[1mPT0002000107046231FW[0m  [2m[Cluster 0][0m
2026-07-23 16:12:29 [INFO]      consumiu MAIS que o habitual às 00h
2026-07-23 16:12:29 [INFO]      [2mReal:[0m 3.0 kWh   [2mHabitual:[0m 2.0 ± 0.3 kWh   [2mz:[0m +3.33   [2mdesvio:[0m +50%   [2m(2 obs. dia_util)[0m
2026-07-23 16:12:29 [INFO] 
2026-07-23 16:12:29 [INFO]   🔴 [91m[1mPT0002000107046231FW[0m  [2m[Cluster 0][0m
2026-07-23 16:12:29 [INFO]      consumiu MAIS que o habitual às 06h
2026-07-23 16:12:29 [INFO]      [2mReal:[0m 4.0 kWh   [2mHabitual:[0m 3.0 ± 0.3 kWh   [2mz:[0m +3.33   [2mdesvio:[0m +33%   [2m(2 obs. dia_util)[0m
2026-07-23 16:12:29 [INFO] 
2026-07-23 16:12:29 [INFO]   🔴 [91m[1mPT0002000109837807PE[0m  [2m[Cluster 1][0m
2026-07-23 16:12:29 [INFO]      consumiu MAIS que o habitual às 08h
2026-07-23 16:12:29 [INFO]      [2mReal:[0m 4.0 kWh   [2mHabitual:[0m 3.0 ± 0.3 kWh   [2mz:[0m +3.33   [2mdesvio:[0m +33%   [2m(2 obs. dia_util)[0m
2026-07-23 16:12:29 [INFO] 
2026-07-23 16:12:29 [INFO]   🔴 [91m[1mPT0002000109837807PE[0m  [2m[Cluster 1][0m
2026-07-23 16:12:29 [INFO]      consumiu MAIS que o habitual às 10h
2026-07-23 16:12:29 [INFO]      [2mReal:[0m 4.0 kWh   [2mHabitual:[0m 3.0 ± 0.3 kWh   [2mz:[0m +3.33   [2mdesvio:[0m +33%   [2m(2 obs. dia_util)[0m
2026-07-23 16:12:29 [INFO] 
2026-07-23 16:12:29 [INFO]   🔴 [91m[1mPT0002000109837807PE[0m  [2m[Cluster 1][0m
2026-07-23 16:12:29 [INFO]      consumiu MAIS que o habitual às 12h
2026-07-23 16:12:29 [INFO]      [2mReal:[0m 4.0 kWh   [2mHabitual:[0m 3.0 ± 0.3 kWh   [2mz:[0m +3.33   [2mdesvio:[0m +33%   [2m(2 obs. dia_util)[0m
2026-07-23 16:12:29 [INFO] 
2026-07-23 16:12:29 [INFO]   🔴 [91m[1mPT0002000109837807PE[0m  [2m[Cluster 1][0m
2026-07-23 16:12:29 [INFO]      consumiu MAIS que o habitual às 14h
2026-07-23 16:12:29 [INFO]      [2mReal:[0m 4.0 kWh   [2mHabitual:[0m 3.0 ± 0.3 kWh   [2mz:[0m +3.33   [2mdesvio:[0m +33%   [2m(2 obs. dia_util)[0m
2026-07-23 16:12:29 [INFO] 
2026-07-23 16:12:29 [INFO]   🔴 [91m[1mPT0002000111572054VT[0m  [2m[Cluster 0 (atribuido)][0m
2026-07-23 16:12:29 [INFO]      consumiu MAIS que o habitual às 18h
2026-07-23 16:12:29 [INFO]      [2mReal:[0m 41.0 kWh   [2mHabitual:[0m 24.5 ± 5.0 kWh   [2mz:[0m +3.33   [2mdesvio:[0m +67%   [2m(2 obs. dia_util)[0m
2026-07-23 16:12:29 [INFO] 
2026-07-23 16:12:29 [INFO]   🔴 [91m[1mPT0002000115031201VQ[0m  [2m[Cluster 0][0m
2026-07-23 16:12:29 [INFO]      consumiu MAIS que o habitual às 02h
2026-07-23 16:12:29 [INFO]      [2mReal:[0m 4.0 kWh   [2mHabitual:[0m 3.0 ± 0.3 kWh   [2mz:[0m +3.33   [2mdesvio:[0m +33%   [2m(2 obs. dia_util)[0m
2026-07-23 16:12:29 [INFO] 
2026-07-23 16:12:29 [INFO]   🔴 [91m[1mPT0002000115031201VQ[0m  [2m[Cluster 0][0m
2026-07-23 16:12:29 [INFO]      consumiu MAIS que o habitual às 04h
2026-07-23 16:12:29 [INFO]      [2mReal:[0m 4.0 kWh   [2mHabitual:[0m 3.0 ± 0.3 kWh   [2mz:[0m +3.33   [2mdesvio:[0m +33%   [2m(2 obs. dia_util)[0m
2026-07-23 16:12:29 [INFO] 
2026-07-23 16:12:29 [INFO]   🔴 [91m[1mPT0002000115031201VQ[0m  [2m[Cluster 0][0m
2026-07-23 16:12:29 [INFO]      consumiu MAIS que o habitual às 22h
2026-07-23 16:12:29 [INFO]      [2mReal:[0m 8.0 kWh   [2mHabitual:[0m 6.0 ± 0.6 kWh   [2mz:[0m +3.33   [2mdesvio:[0m +33%   [2m(2 obs. dia_util)[0m
2026-07-23 16:12:29 [INFO] 
2026-07-23 16:12:29 [INFO]   🔴 [91m[1mPT0002000123648159KR[0m  [2m[Cluster 0][0m
2026-07-23 16:12:29 [INFO]      consumiu MAIS que o habitual às 02h
2026-07-23 16:12:29 [INFO]      [2mReal:[0m 3.0 kWh   [2mHabitual:[0m 2.0 ± 0.3 kWh   [2mz:[0m +3.33   [2mdesvio:[0m +50%   [2m(2 obs. dia_util)[0m
2026-07-23 16:12:29 [INFO] 
2026-07-23 16:12:29 [INFO]   🔴 [91m[1mPT0002000123648159KR[0m  [2m[Cluster 0][0m
2026-07-23 16:12:29 [INFO]      consumiu MAIS que o habitual às 04h
2026-07-23 16:12:29 [INFO]      [2mReal:[0m 3.0 kWh   [2mHabitual:[0m 2.0 ± 0.3 kWh   [2mz:[0m +3.33   [2mdesvio:[0m +50%   [2m(2 obs. dia_util)[0m
2026-07-23 16:12:29 [INFO] 
2026-07-23 16:12:29 [INFO]   🔴 [91m[1mPT0002000123648159KR[0m  [2m[Cluster 0][0m
2026-07-23 16:12:29 [INFO]      consumiu MAIS que o habitual às 05h
2026-07-23 16:12:29 [INFO]      [2mReal:[0m 3.0 kWh   [2mHabitual:[0m 2.0 ± 0.3 kWh   [2mz:[0m +3.33   [2mdesvio:[0m +50%   [2m(2 obs. dia_util)[0m
2026-07-23 16:12:29 [INFO] 
2026-07-23 16:12:29 [INFO]   🔵 [94m[1mPT0002000125379984SH[0m  [2m[Cluster 1][0m
2026-07-23 16:12:29 [INFO]      consumiu MENOS que o habitual às 02h
2026-07-23 16:12:29 [INFO]      [2mReal:[0m 2.0 kWh   [2mHabitual:[0m 3.0 ± 0.3 kWh   [2mz:[0m -3.33   [2mdesvio:[0m -33%   [2m(2 obs. dia_util)[0m
2026-07-23 16:12:29 [INFO] 
2026-07-23 16:12:29 [INFO]   🔴 [91m[1mPT0002000125379984SH[0m  [2m[Cluster 1][0m
2026-07-23 16:12:29 [INFO]      consumiu MAIS que o habitual às 06h
2026-07-23 16:12:29 [INFO]      [2mReal:[0m 3.0 kWh   [2mHabitual:[0m 2.0 ± 0.3 kWh   [2mz:[0m +3.33   [2mdesvio:[0m +50%   [2m(2 obs. dia_util)[0m
2026-07-23 16:12:29 [INFO] 
2026-07-23 16:12:29 [INFO]   🔴 [91m[1mPT0002000201038711LS[0m  [2m[Cluster 1 (atribuido)][0m
2026-07-23 16:12:29 [INFO]      consumiu MAIS que o habitual às 03h
2026-07-23 16:12:29 [INFO]      [2mReal:[0m 1.0 kWh   [2mHabitual:[0m 0.0 ± 0.3 kWh   [2mz:[0m +3.33   [2mdesvio:[0m +100000%   [2m(2 obs. dia_util)[0m
2026-07-23 16:12:29 [INFO] 
2026-07-23 16:12:29 [INFO]   🔴 [91m[1mPT0002000081997398TD[0m  [2m[Cluster 0][0m
2026-07-23 16:12:29 [INFO]      consumiu MAIS que o habitual às 12h
2026-07-23 16:12:29 [INFO]      [2mReal:[0m 306.0 kWh   [2mHabitual:[0m 232.5 ± 23.2 kWh   [2mz:[0m +3.16   [2mdesvio:[0m +32%   [2m(2 obs. dia_util)[0m
2026-07-23 16:12:29 [INFO] 
2026-07-23 16:12:29 [INFO]   🔵 [94m[1mPT0002000068859393XH[0m  [2m[Cluster 1][0m
2026-07-23 16:12:29 [INFO]      consumiu MENOS que o habitual às 08h
2026-07-23 16:12:29 [INFO]      [2mReal:[0m 81.0 kWh   [2mHabitual:[0m 116.5 ± 11.7 kWh   [2mz:[0m -3.05   [2mdesvio:[0m -30%   [2m(2 obs. dia_util)[0m
2026-07-23 16:12:29 [INFO] 
2026-07-23 16:12:29 [INFO]   🔵 [94m[1mPT0002000068859325FL[0m  [2m[Cluster 1][0m
2026-07-23 16:12:29 [INFO]      consumiu MENOS que o habitual às 17h
2026-07-23 16:12:29 [INFO]      [2mReal:[0m 88.0 kWh   [2mHabitual:[0m 126.0 ± 12.6 kWh   [2mz:[0m -3.02   [2mdesvio:[0m -30%   [2m(2 obs. dia_util)[0m
2026-07-23 16:12:29 [INFO] 
2026-07-23 16:12:29 [INFO]   [2mCSV:[0m /home/runner/work/ts-anomaly-detection-dissertation/ts-anomaly-detection-dissertation/results/energia/realtime/alerts/analise_energia_2026-07-22.csv
2026-07-23 16:12:29 [INFO] 
2026-07-23 16:12:29 [INFO] [96m→ A prever consumo de 2026-07-23 para 276 CPEs...[0m
2026-07-23 16:12:33 [INFO] [1m══════════════════════════════════════════════════════════════════════[0m
2026-07-23 16:12:33 [INFO] [1m  PREDIÇÃO — 2026-07-23 [0m[2m(dia util)[0m
2026-07-23 16:12:33 [INFO] [1m══════════════════════════════════════════════════════════════════════[0m
2026-07-23 16:12:33 [INFO]   [95m● CPEs previstos[0m          69 [2m(alta: 0, baixa: 1656)[0m
2026-07-23 16:12:33 [INFO]   [95m● Consumo total previsto[0m 109114.0 kWh [2m(±17879.3)[0m
2026-07-23 16:12:33 [INFO] 
2026-07-23 16:12:33 [INFO]   [2mPrevisão guardada:[0m /home/runner/work/ts-anomaly-detection-dissertation/ts-anomaly-detection-dissertation/results/energia/realtime/predictions/previsao_energia_2026-07-23.csv
2026-07-23 16:12:33 [INFO] 
2026-07-23 16:12:33 [INFO] [1m══════════════════════════════════════════════════════════════════════[0m
2026-07-23 16:12:33 [INFO] [1m  VALIDAÇÃO — qualidade das previsões anteriores[0m
2026-07-23 16:12:33 [INFO] [1m══════════════════════════════════════════════════════════════════════[0m
2026-07-23 16:12:33 [INFO]   [2mDias validados:[0m 4   [2mpendentes:[0m 38
2026-07-23 16:12:33 [INFO]   [2mÚltimo (2026-07-22):[0m MAE 8.40 kWh   RMSE 20.66   em ±1σ 72% [2m(esperado ~68%)[0m   em ±2σ 86% [2m(esperado ~95%)[0m
2026-07-23 16:12:33 [INFO]   [2mMédia acumulada:[0m MAE 13.37 kWh   RMSE 33.62   em ±1σ 63%   em ±2σ 86%
2026-07-23 16:12:33 [INFO]   [2mCSV:[0m /home/runner/work/ts-anomaly-detection-dissertation/ts-anomaly-detection-dissertation/results/energia/realtime/analysis/qualidade_previsoes_energia.csv
2026-07-23 16:12:33 [INFO] 
2026-07-23 16:12:33 [INFO] 
2026-07-23 16:12:33 [INFO] Concluido em 645.2s. Ficheiros gerados: 2
