2026-07-24 15:41:56 [INFO] [96m→ A pedir dados ao BaZe (276 CPEs)...[0m
2026-07-24 15:53:56 [INFO]   [2mClusters atribuidos carregados:[0m 22 novos
2026-07-24 15:53:56 [INFO] 
2026-07-24 15:53:56 [INFO] [1m══════════════════════════════════════════════════════════════════════[0m
2026-07-24 15:53:56 [INFO] [1m  DETEÇÃO DE ANOMALIAS — 2026-07-23[0m
2026-07-24 15:53:56 [INFO] [1m══════════════════════════════════════════════════════════════════════[0m
2026-07-24 15:53:56 [INFO]   [2mTipo de dia:[0m  dia util
2026-07-24 15:53:56 [INFO]   [2mFonte:[0m        BAZE
2026-07-24 15:53:56 [INFO]   [2mCPEs c/ dados:[0m 69
2026-07-24 15:53:56 [INFO]   [2mThreshold:[0m    |z| > 3.0 [2m(adaptativo a este tipo de dia)[0m
2026-07-24 15:53:56 [INFO] 
2026-07-24 15:53:56 [INFO] [96m→ A analisar 69 CPEs / 1656 pontos horários (retrospetiva)...[0m
2026-07-24 15:53:58 [INFO] [1m─── Resumo ─────────────────────────────────────[0m
2026-07-24 15:53:58 [INFO]   [92m● Normal[0m                1534 [2m( 92.6%)[0m
2026-07-24 15:53:58 [INFO]   [91m● Desvio (alta confiança)[0m    0 [2m(  0.0%)[0m
2026-07-24 15:53:58 [INFO]   [93m● Desvio (baixa confiança)[0m 122 [2m(  7.4%)[0m
2026-07-24 15:53:58 [INFO]   [2mTempo: 722.2s[0m
2026-07-24 15:53:58 [INFO] 
2026-07-24 15:53:58 [INFO] [1m[93m─── Desvios de BAIXA confiança (122) ──────────────[0m
2026-07-24 15:53:58 [INFO]   [2m(poucos dados históricos — verificar manualmente)[0m
2026-07-24 15:53:58 [INFO] 
2026-07-24 15:53:58 [INFO]   🔴 [91m[1mPT0002000068856872QG[0m  [2m[Cluster 1][0m
2026-07-24 15:53:58 [INFO]      consumiu MAIS que o habitual às 11h
2026-07-24 15:53:58 [INFO]      [2mReal:[0m 3.0 kWh   [2mHabitual:[0m 0.0 ± 0.3 kWh   [2mz:[0m +10.00   [2mdesvio:[0m +300000%   [2m(2 obs. dia_util)[0m
2026-07-24 15:53:58 [INFO] 
2026-07-24 15:53:58 [INFO]   🔴 [91m[1mPT0002000078207354XC[0m  [2m[Cluster 1][0m
2026-07-24 15:53:58 [INFO]      consumiu MAIS que o habitual às 16h
2026-07-24 15:53:58 [INFO]      [2mReal:[0m 18.0 kWh   [2mHabitual:[0m 7.0 ± 0.7 kWh   [2mz:[0m +10.00⁺   [2mdesvio:[0m +157%   [2m(2 obs. dia_util)[0m
2026-07-24 15:53:58 [INFO] 
2026-07-24 15:53:58 [INFO]   🔴 [91m[1mPT0002000078207354XC[0m  [2m[Cluster 1][0m
2026-07-24 15:53:58 [INFO]      consumiu MAIS que o habitual às 17h
2026-07-24 15:53:58 [INFO]      [2mReal:[0m 21.0 kWh   [2mHabitual:[0m 7.0 ± 0.7 kWh   [2mz:[0m +10.00⁺   [2mdesvio:[0m +200%   [2m(2 obs. dia_util)[0m
2026-07-24 15:53:58 [INFO] 
2026-07-24 15:53:58 [INFO]   🔴 [91m[1mPT0002000081344542CP[0m  [2m[Cluster 1][0m
2026-07-24 15:53:58 [INFO]      consumiu MAIS que o habitual às 14h
2026-07-24 15:53:58 [INFO]      [2mReal:[0m 9.0 kWh   [2mHabitual:[0m 1.5 ± 0.7 kWh   [2mz:[0m +10.00⁺   [2mdesvio:[0m +500%   [2m(2 obs. dia_util)[0m
2026-07-24 15:53:58 [INFO] 
2026-07-24 15:53:58 [INFO]   🔴 [91m[1mPT0002000081344542CP[0m  [2m[Cluster 1][0m
2026-07-24 15:53:58 [INFO]      consumiu MAIS que o habitual às 15h
2026-07-24 15:53:58 [INFO]      [2mReal:[0m 7.0 kWh   [2mHabitual:[0m 2.0 ± 0.3 kWh   [2mz:[0m +10.00⁺   [2mdesvio:[0m +250%   [2m(2 obs. dia_util)[0m
2026-07-24 15:53:58 [INFO] 
2026-07-24 15:53:58 [INFO]   🔴 [91m[1mPT0002000081344542CP[0m  [2m[Cluster 1][0m
2026-07-24 15:53:58 [INFO]      consumiu MAIS que o habitual às 21h
2026-07-24 15:53:58 [INFO]      [2mReal:[0m 40.0 kWh   [2mHabitual:[0m 12.0 ± 2.6 kWh   [2mz:[0m +10.00⁺   [2mdesvio:[0m +233%   [2m(3 obs. dia_util)[0m
2026-07-24 15:53:58 [INFO] 
2026-07-24 15:53:58 [INFO]   🔴 [91m[1mPT0002000107046231FW[0m  [2m[Cluster 0][0m
2026-07-24 15:53:58 [INFO]      consumiu MAIS que o habitual às 08h
2026-07-24 15:53:58 [INFO]      [2mReal:[0m 19.0 kWh   [2mHabitual:[0m 8.5 ± 0.8 kWh   [2mz:[0m +10.00⁺   [2mdesvio:[0m +124%   [2m(2 obs. dia_util)[0m
2026-07-24 15:53:58 [INFO] 
2026-07-24 15:53:58 [INFO]   🔴 [91m[1mPT0002000111572054VT[0m  [2m[Cluster 0 (atribuido)][0m
2026-07-24 15:53:58 [INFO]      consumiu MAIS que o habitual às 01h
2026-07-24 15:53:58 [INFO]      [2mReal:[0m 32.0 kWh   [2mHabitual:[0m 16.0 ± 1.6 kWh   [2mz:[0m +10.00   [2mdesvio:[0m +100%   [2m(2 obs. dia_util)[0m
2026-07-24 15:53:58 [INFO] 
2026-07-24 15:53:58 [INFO]   🔴 [91m[1mPT0002000111572054VT[0m  [2m[Cluster 0 (atribuido)][0m
2026-07-24 15:53:58 [INFO]      consumiu MAIS que o habitual às 06h
2026-07-24 15:53:58 [INFO]      [2mReal:[0m 32.0 kWh   [2mHabitual:[0m 16.0 ± 1.6 kWh   [2mz:[0m +10.00   [2mdesvio:[0m +100%   [2m(2 obs. dia_util)[0m
2026-07-24 15:53:58 [INFO] 
2026-07-24 15:53:58 [INFO]   🔴 [91m[1mPT0002000081344542CP[0m  [2m[Cluster 1][0m
2026-07-24 15:53:58 [INFO]      consumiu MAIS que o habitual às 13h
2026-07-24 15:53:58 [INFO]      [2mReal:[0m 17.0 kWh   [2mHabitual:[0m 3.0 ± 1.4 kWh   [2mz:[0m +9.90   [2mdesvio:[0m +467%   [2m(2 obs. dia_util)[0m
2026-07-24 15:53:58 [INFO] 
2026-07-24 15:53:58 [INFO]   🔵 [94m[1mPT0002000077647404EM[0m  [2m[Cluster 1][0m
2026-07-24 15:53:58 [INFO]      consumiu MENOS que o habitual às 10h
2026-07-24 15:53:58 [INFO]      [2mReal:[0m 2.0 kWh   [2mHabitual:[0m 84.0 ± 8.4 kWh   [2mz:[0m -9.76   [2mdesvio:[0m -98%   [2m(2 obs. dia_util)[0m
2026-07-24 15:53:58 [INFO] 
2026-07-24 15:53:58 [INFO]   🔵 [94m[1mPT0002000077647404EM[0m  [2m[Cluster 1][0m
2026-07-24 15:53:58 [INFO]      consumiu MENOS que o habitual às 09h
2026-07-24 15:53:58 [INFO]      [2mReal:[0m 2.0 kWh   [2mHabitual:[0m 79.0 ± 7.9 kWh   [2mz:[0m -9.75   [2mdesvio:[0m -97%   [2m(2 obs. dia_util)[0m
2026-07-24 15:53:58 [INFO] 
2026-07-24 15:53:58 [INFO]   🔴 [91m[1mPT0002000102936404ME[0m  [2m[Cluster 1][0m
2026-07-24 15:53:58 [INFO]      consumiu MAIS que o habitual às 06h
2026-07-24 15:53:58 [INFO]      [2mReal:[0m 43.0 kWh   [2mHabitual:[0m 22.0 ± 2.2 kWh   [2mz:[0m +9.55   [2mdesvio:[0m +95%   [2m(2 obs. dia_util)[0m
2026-07-24 15:53:58 [INFO] 
2026-07-24 15:53:58 [INFO]   🔴 [91m[1mPT0002000075637532JB[0m  [2m[Cluster 0][0m
2026-07-24 15:53:58 [INFO]      consumiu MAIS que o habitual às 15h
2026-07-24 15:53:58 [INFO]      [2mReal:[0m 27.0 kWh   [2mHabitual:[0m 14.0 ± 1.4 kWh   [2mz:[0m +9.19   [2mdesvio:[0m +93%   [2m(2 obs. dia_util)[0m
2026-07-24 15:53:58 [INFO] 
2026-07-24 15:53:58 [INFO]   🔴 [91m[1mPT0002000111572054VT[0m  [2m[Cluster 0 (atribuido)][0m
2026-07-24 15:53:58 [INFO]      consumiu MAIS que o habitual às 07h
2026-07-24 15:53:58 [INFO]      [2mReal:[0m 30.0 kWh   [2mHabitual:[0m 16.0 ± 1.6 kWh   [2mz:[0m +8.75   [2mdesvio:[0m +88%   [2m(2 obs. dia_util)[0m
2026-07-24 15:53:58 [INFO] 
2026-07-24 15:53:58 [INFO]   🔴 [91m[1mPT0002000111572054VT[0m  [2m[Cluster 0 (atribuido)][0m
2026-07-24 15:53:58 [INFO]      consumiu MAIS que o habitual às 04h
2026-07-24 15:53:58 [INFO]      [2mReal:[0m 31.0 kWh   [2mHabitual:[0m 17.0 ± 1.7 kWh   [2mz:[0m +8.24   [2mdesvio:[0m +82%   [2m(2 obs. dia_util)[0m
2026-07-24 15:53:58 [INFO] 
2026-07-24 15:53:58 [INFO]   🔴 [91m[1mPT0002000068856906VS[0m  [2m[Cluster 0][0m
2026-07-24 15:53:58 [INFO]      consumiu MAIS que o habitual às 17h
2026-07-24 15:53:58 [INFO]      [2mReal:[0m 37.0 kWh   [2mHabitual:[0m 20.5 ± 2.0 kWh   [2mz:[0m +8.05   [2mdesvio:[0m +80%   [2m(2 obs. dia_util)[0m
2026-07-24 15:53:58 [INFO] 
2026-07-24 15:53:58 [INFO]   🔴 [91m[1mPT0002000068855003AK[0m  [2m[Cluster 0 (atribuido)][0m
2026-07-24 15:53:58 [INFO]      consumiu MAIS que o habitual às 21h
2026-07-24 15:53:58 [INFO]      [2mReal:[0m 15.0 kWh   [2mHabitual:[0m 8.3 ± 0.8 kWh   [2mz:[0m +8.00   [2mdesvio:[0m +80%   [2m(3 obs. dia_util)[0m
2026-07-24 15:53:58 [INFO] 
2026-07-24 15:53:58 [INFO]   🔵 [94m[1mPT0002000081344542CP[0m  [2m[Cluster 1][0m
2026-07-24 15:53:58 [INFO]      consumiu MENOS que o habitual às 10h
2026-07-24 15:53:58 [INFO]      [2mReal:[0m 4.0 kWh   [2mHabitual:[0m 18.0 ± 1.8 kWh   [2mz:[0m -7.78   [2mdesvio:[0m -78%   [2m(2 obs. dia_util)[0m
2026-07-24 15:53:58 [INFO] 
2026-07-24 15:53:58 [INFO]   🔴 [91m[1mPT0002000111572054VT[0m  [2m[Cluster 0 (atribuido)][0m
2026-07-24 15:53:58 [INFO]      consumiu MAIS que o habitual às 05h
2026-07-24 15:53:58 [INFO]      [2mReal:[0m 33.0 kWh   [2mHabitual:[0m 16.5 ± 2.1 kWh   [2mz:[0m +7.78   [2mdesvio:[0m +100%   [2m(2 obs. dia_util)[0m
2026-07-24 15:53:58 [INFO] 
2026-07-24 15:53:58 [INFO]   🔵 [94m[1mPT0002000201038711LS[0m  [2m[Cluster 1 (atribuido)][0m
2026-07-24 15:53:58 [INFO]      consumiu MENOS que o habitual às 13h
2026-07-24 15:53:58 [INFO]      [2mReal:[0m 0.0 kWh   [2mHabitual:[0m 16.5 ± 2.1 kWh   [2mz:[0m -7.78   [2mdesvio:[0m -100%   [2m(2 obs. dia_util)[0m
2026-07-24 15:53:58 [INFO] 
2026-07-24 15:53:58 [INFO]   🔴 [91m[1mPT0002000068856826ZG[0m  [2m[Cluster 0 (atribuido)][0m
2026-07-24 15:53:58 [INFO]      consumiu MAIS que o habitual às 22h
2026-07-24 15:53:58 [INFO]      [2mReal:[0m 384.0 kWh   [2mHabitual:[0m 204.0 ± 23.4 kWh   [2mz:[0m +7.68   [2mdesvio:[0m +88%   [2m(3 obs. dia_util)[0m
2026-07-24 15:53:58 [INFO] 
2026-07-24 15:53:58 [INFO]   🔴 [91m[1mPT0002000068856906VS[0m  [2m[Cluster 0][0m
2026-07-24 15:53:58 [INFO]      consumiu MAIS que o habitual às 18h
2026-07-24 15:53:58 [INFO]      [2mReal:[0m 34.0 kWh   [2mHabitual:[0m 19.5 ± 1.9 kWh   [2mz:[0m +7.44   [2mdesvio:[0m +74%   [2m(2 obs. dia_util)[0m
2026-07-24 15:53:58 [INFO] 
2026-07-24 15:53:58 [INFO]   🔴 [91m[1mPT0002000111572054VT[0m  [2m[Cluster 0 (atribuido)][0m
2026-07-24 15:53:58 [INFO]      consumiu MAIS que o habitual às 02h
2026-07-24 15:53:58 [INFO]      [2mReal:[0m 32.0 kWh   [2mHabitual:[0m 16.5 ± 2.1 kWh   [2mz:[0m +7.31   [2mdesvio:[0m +94%   [2m(2 obs. dia_util)[0m
2026-07-24 15:53:58 [INFO] 
2026-07-24 15:53:58 [INFO]   🔴 [91m[1mPT0002000111572054VT[0m  [2m[Cluster 0 (atribuido)][0m
2026-07-24 15:53:58 [INFO]      consumiu MAIS que o habitual às 03h
2026-07-24 15:53:58 [INFO]      [2mReal:[0m 31.0 kWh   [2mHabitual:[0m 15.5 ± 2.1 kWh   [2mz:[0m +7.31   [2mdesvio:[0m +100%   [2m(2 obs. dia_util)[0m
2026-07-24 15:53:58 [INFO] 
2026-07-24 15:53:58 [INFO]   🔴 [91m[1mPT0002000068859187RL[0m  [2m[Cluster 0][0m
2026-07-24 15:53:58 [INFO]      consumiu MAIS que o habitual às 16h
2026-07-24 15:53:58 [INFO]      [2mReal:[0m 75.0 kWh   [2mHabitual:[0m 43.5 ± 4.3 kWh   [2mz:[0m +7.24   [2mdesvio:[0m +72%   [2m(2 obs. dia_util)[0m
2026-07-24 15:53:58 [INFO] 
2026-07-24 15:53:58 [INFO]   🔴 [91m[1mPT0002000075637532JB[0m  [2m[Cluster 0][0m
2026-07-24 15:53:58 [INFO]      consumiu MAIS que o habitual às 16h
2026-07-24 15:53:58 [INFO]      [2mReal:[0m 21.0 kWh   [2mHabitual:[0m 11.0 ± 1.4 kWh   [2mz:[0m +7.07   [2mdesvio:[0m +91%   [2m(2 obs. dia_util)[0m
2026-07-24 15:53:58 [INFO] 
2026-07-24 15:53:58 [INFO]   🔵 [94m[1mPT0002000078233981HJ[0m  [2m[Cluster 1][0m
2026-07-24 15:53:58 [INFO]      consumiu MENOS que o habitual às 16h
2026-07-24 15:53:58 [INFO]      [2mReal:[0m 4.0 kWh   [2mHabitual:[0m 13.5 ± 1.4 kWh   [2mz:[0m -7.04   [2mdesvio:[0m -70%   [2m(2 obs. dia_util)[0m
2026-07-24 15:53:58 [INFO] 
2026-07-24 15:53:58 [INFO]   🔴 [91m[1mPT0002000111572054VT[0m  [2m[Cluster 0 (atribuido)][0m
2026-07-24 15:53:58 [INFO]      consumiu MAIS que o habitual às 00h
2026-07-24 15:53:58 [INFO]      [2mReal:[0m 32.0 kWh   [2mHabitual:[0m 17.5 ± 2.1 kWh   [2mz:[0m +6.84   [2mdesvio:[0m +83%   [2m(2 obs. dia_util)[0m
2026-07-24 15:53:58 [INFO] 
2026-07-24 15:53:58 [INFO]   🔴 [91m[1mPT0002000068856872QG[0m  [2m[Cluster 1][0m
2026-07-24 15:53:58 [INFO]      consumiu MAIS que o habitual às 18h
2026-07-24 15:53:58 [INFO]      [2mReal:[0m 2.0 kWh   [2mHabitual:[0m 0.0 ± 0.3 kWh   [2mz:[0m +6.67   [2mdesvio:[0m +200000%   [2m(2 obs. dia_util)[0m
2026-07-24 15:53:58 [INFO] 
2026-07-24 15:53:58 [INFO]   🔴 [91m[1mPT0002000102936404ME[0m  [2m[Cluster 1][0m
2026-07-24 15:53:58 [INFO]      consumiu MAIS que o habitual às 20h
2026-07-24 15:53:58 [INFO]      [2mReal:[0m 39.0 kWh   [2mHabitual:[0m 24.0 ± 2.4 kWh   [2mz:[0m +6.25   [2mdesvio:[0m +62%   [2m(2 obs. dia_util)[0m
2026-07-24 15:53:58 [INFO] 
2026-07-24 15:53:58 [INFO]   🔴 [91m[1mPT0002000068857897ZV[0m  [2m[Cluster 0][0m
2026-07-24 15:53:58 [INFO]      consumiu MAIS que o habitual às 19h
2026-07-24 15:53:58 [INFO]      [2mReal:[0m 42.0 kWh   [2mHabitual:[0m 26.0 ± 2.6 kWh   [2mz:[0m +6.15   [2mdesvio:[0m +62%   [2m(2 obs. dia_util)[0m
2026-07-24 15:53:58 [INFO] 
2026-07-24 15:53:58 [INFO]   🔴 [91m[1mPT0002000068855003AK[0m  [2m[Cluster 0 (atribuido)][0m
2026-07-24 15:53:58 [INFO]      consumiu MAIS que o habitual às 20h
2026-07-24 15:53:58 [INFO]      [2mReal:[0m 29.0 kWh   [2mHabitual:[0m 12.0 ± 2.8 kWh   [2mz:[0m +6.01   [2mdesvio:[0m +142%   [2m(2 obs. dia_util)[0m
2026-07-24 15:53:58 [INFO] 
2026-07-24 15:53:58 [INFO]   🔵 [94m[1mPT0002000078140706BA[0m  [2m[Cluster 1 (atribuido)][0m
2026-07-24 15:53:58 [INFO]      consumiu MENOS que o habitual às 14h
2026-07-24 15:53:58 [INFO]      [2mReal:[0m 5.0 kWh   [2mHabitual:[0m 12.5 ± 1.2 kWh   [2mz:[0m -6.00   [2mdesvio:[0m -60%   [2m(2 obs. dia_util)[0m
2026-07-24 15:53:58 [INFO] 
2026-07-24 15:53:58 [INFO]   🔵 [94m[1mPT0002000102936404ME[0m  [2m[Cluster 1][0m
2026-07-24 15:53:58 [INFO]      consumiu MENOS que o habitual às 01h
2026-07-24 15:53:58 [INFO]      [2mReal:[0m 14.0 kWh   [2mHabitual:[0m 35.0 ± 3.5 kWh   [2mz:[0m -6.00   [2mdesvio:[0m -60%   [2m(2 obs. dia_util)[0m
2026-07-24 15:53:58 [INFO] 
2026-07-24 15:53:58 [INFO]   🔴 [91m[1mPT0002000068856906VS[0m  [2m[Cluster 0][0m
2026-07-24 15:53:58 [INFO]      consumiu MAIS que o habitual às 14h
2026-07-24 15:53:58 [INFO]      [2mReal:[0m 68.0 kWh   [2mHabitual:[0m 43.0 ± 4.3 kWh   [2mz:[0m +5.81   [2mdesvio:[0m +58%   [2m(2 obs. dia_util)[0m
2026-07-24 15:53:58 [INFO] 
2026-07-24 15:53:58 [INFO]   🔴 [91m[1mPT0002000102936404ME[0m  [2m[Cluster 1][0m
2026-07-24 15:53:58 [INFO]      consumiu MAIS que o habitual às 07h
2026-07-24 15:53:58 [INFO]      [2mReal:[0m 29.0 kWh   [2mHabitual:[0m 18.5 ± 1.9 kWh   [2mz:[0m +5.68   [2mdesvio:[0m +57%   [2m(2 obs. dia_util)[0m
2026-07-24 15:53:58 [INFO] 
2026-07-24 15:53:58 [INFO]   🔵 [94m[1mPT0002000078140706BA[0m  [2m[Cluster 1 (atribuido)][0m
2026-07-24 15:53:58 [INFO]      consumiu MENOS que o habitual às 12h
2026-07-24 15:53:58 [INFO]      [2mReal:[0m 4.0 kWh   [2mHabitual:[0m 12.0 ± 1.4 kWh   [2mz:[0m -5.66   [2mdesvio:[0m -67%   [2m(2 obs. dia_util)[0m
2026-07-24 15:53:58 [INFO] 
2026-07-24 15:53:58 [INFO]   🔴 [91m[1mPT0002000068856906VS[0m  [2m[Cluster 0][0m
2026-07-24 15:53:58 [INFO]      consumiu MAIS que o habitual às 11h
2026-07-24 15:53:58 [INFO]      [2mReal:[0m 54.0 kWh   [2mHabitual:[0m 34.5 ± 3.5 kWh   [2mz:[0m +5.65   [2mdesvio:[0m +57%   [2m(2 obs. dia_util)[0m
2026-07-24 15:53:58 [INFO] 
2026-07-24 15:53:58 [INFO]   🔵 [94m[1mPT0002000102936404ME[0m  [2m[Cluster 1][0m
2026-07-24 15:53:58 [INFO]      consumiu MENOS que o habitual às 02h
2026-07-24 15:53:58 [INFO]      [2mReal:[0m 25.0 kWh   [2mHabitual:[0m 56.0 ± 5.6 kWh   [2mz:[0m -5.54   [2mdesvio:[0m -55%   [2m(2 obs. dia_util)[0m
2026-07-24 15:53:58 [INFO] 
2026-07-24 15:53:58 [INFO]   🔵 [94m[1mPT0002000119303492KB[0m  [2m[Cluster 0][0m
2026-07-24 15:53:58 [INFO]      consumiu MENOS que o habitual às 03h
2026-07-24 15:53:58 [INFO]      [2mReal:[0m 6.0 kWh   [2mHabitual:[0m 13.0 ± 1.3 kWh   [2mz:[0m -5.38   [2mdesvio:[0m -54%   [2m(2 obs. dia_util)[0m
2026-07-24 15:53:58 [INFO] 
2026-07-24 15:53:58 [INFO]   🔴 [91m[1mPT0002000073720434JD[0m  [2m[Cluster 1 (atribuido)][0m
2026-07-24 15:53:58 [INFO]      consumiu MAIS que o habitual às 21h
2026-07-24 15:53:58 [INFO]      [2mReal:[0m 41.0 kWh   [2mHabitual:[0m 26.7 ± 2.7 kWh   [2mz:[0m +5.37   [2mdesvio:[0m +54%   [2m(3 obs. dia_util)[0m
2026-07-24 15:53:58 [INFO] 
2026-07-24 15:53:58 [INFO]   🔵 [94m[1mPT0002000119303492KB[0m  [2m[Cluster 0][0m
2026-07-24 15:53:58 [INFO]      consumiu MENOS que o habitual às 02h
2026-07-24 15:53:58 [INFO]      [2mReal:[0m 6.0 kWh   [2mHabitual:[0m 12.5 ± 1.2 kWh   [2mz:[0m -5.20   [2mdesvio:[0m -52%   [2m(2 obs. dia_util)[0m
2026-07-24 15:53:58 [INFO] 
2026-07-24 15:53:58 [INFO]   🔵 [94m[1mPT0002000119303492KB[0m  [2m[Cluster 0][0m
2026-07-24 15:53:58 [INFO]      consumiu MENOS que o habitual às 04h
2026-07-24 15:53:58 [INFO]      [2mReal:[0m 6.0 kWh   [2mHabitual:[0m 12.5 ± 1.2 kWh   [2mz:[0m -5.20   [2mdesvio:[0m -52%   [2m(2 obs. dia_util)[0m
2026-07-24 15:53:58 [INFO] 
2026-07-24 15:53:58 [INFO]   🔵 [94m[1mPT0002000201038711LS[0m  [2m[Cluster 1 (atribuido)][0m
2026-07-24 15:53:58 [INFO]      consumiu MENOS que o habitual às 17h
2026-07-24 15:53:58 [INFO]      [2mReal:[0m 38.0 kWh   [2mHabitual:[0m 78.0 ± 7.8 kWh   [2mz:[0m -5.13   [2mdesvio:[0m -51%   [2m(2 obs. dia_util)[0m
2026-07-24 15:53:58 [INFO] 
2026-07-24 15:53:58 [INFO]   🔴 [91m[1mPT0002000078207354XC[0m  [2m[Cluster 1][0m
2026-07-24 15:53:58 [INFO]      consumiu MAIS que o habitual às 00h
2026-07-24 15:53:58 [INFO]      [2mReal:[0m 6.0 kWh   [2mHabitual:[0m 4.0 ± 0.4 kWh   [2mz:[0m +5.00   [2mdesvio:[0m +50%   [2m(2 obs. dia_util)[0m
2026-07-24 15:53:58 [INFO] 
2026-07-24 15:53:58 [INFO]   🔴 [91m[1mPT0002000078207354XC[0m  [2m[Cluster 1][0m
2026-07-24 15:53:58 [INFO]      consumiu MAIS que o habitual às 02h
2026-07-24 15:53:58 [INFO]      [2mReal:[0m 6.0 kWh   [2mHabitual:[0m 4.0 ± 0.4 kWh   [2mz:[0m +5.00   [2mdesvio:[0m +50%   [2m(2 obs. dia_util)[0m
2026-07-24 15:53:58 [INFO] 
2026-07-24 15:53:58 [INFO]   🔴 [91m[1mPT0002000078207354XC[0m  [2m[Cluster 1][0m
2026-07-24 15:53:58 [INFO]      consumiu MAIS que o habitual às 03h
2026-07-24 15:53:58 [INFO]      [2mReal:[0m 6.0 kWh   [2mHabitual:[0m 4.0 ± 0.4 kWh   [2mz:[0m +5.00   [2mdesvio:[0m +50%   [2m(2 obs. dia_util)[0m
2026-07-24 15:53:58 [INFO] 
2026-07-24 15:53:58 [INFO]   🔴 [91m[1mPT0002000109837807PE[0m  [2m[Cluster 1][0m
2026-07-24 15:53:58 [INFO]      consumiu MAIS que o habitual às 15h
2026-07-24 15:53:58 [INFO]      [2mReal:[0m 6.0 kWh   [2mHabitual:[0m 4.0 ± 0.4 kWh   [2mz:[0m +5.00   [2mdesvio:[0m +50%   [2m(2 obs. dia_util)[0m
2026-07-24 15:53:58 [INFO] 
2026-07-24 15:53:58 [INFO]   🔵 [94m[1mPT0002000119303492KB[0m  [2m[Cluster 0][0m
2026-07-24 15:53:58 [INFO]      consumiu MENOS que o habitual às 01h
2026-07-24 15:53:58 [INFO]      [2mReal:[0m 6.0 kWh   [2mHabitual:[0m 12.0 ± 1.2 kWh   [2mz:[0m -5.00   [2mdesvio:[0m -50%   [2m(2 obs. dia_util)[0m
2026-07-24 15:53:58 [INFO] 
2026-07-24 15:53:58 [INFO]   🔴 [91m[1mPT0002000106102375RC[0m  [2m[Cluster 0 (atribuido)][0m
2026-07-24 15:53:58 [INFO]      consumiu MAIS que o habitual às 15h
2026-07-24 15:53:58 [INFO]      [2mReal:[0m 106.0 kWh   [2mHabitual:[0m 71.0 ± 7.1 kWh   [2mz:[0m +4.93   [2mdesvio:[0m +49%   [2m(2 obs. dia_util)[0m
2026-07-24 15:53:58 [INFO] 
2026-07-24 15:53:58 [INFO]   🔴 [91m[1mPT0002000068857897ZV[0m  [2m[Cluster 0][0m
2026-07-24 15:53:58 [INFO]      consumiu MAIS que o habitual às 17h
2026-07-24 15:53:58 [INFO]      [2mReal:[0m 46.0 kWh   [2mHabitual:[0m 31.0 ± 3.1 kWh   [2mz:[0m +4.84   [2mdesvio:[0m +48%   [2m(2 obs. dia_util)[0m
2026-07-24 15:53:58 [INFO] 
2026-07-24 15:53:58 [INFO]   🔵 [94m[1mPT0002000073717386HC[0m  [2m[Cluster 1 (atribuido)][0m
2026-07-24 15:53:58 [INFO]      consumiu MENOS que o habitual às 12h
2026-07-24 15:53:58 [INFO]      [2mReal:[0m 6.0 kWh   [2mHabitual:[0m 11.5 ± 1.1 kWh   [2mz:[0m -4.78   [2mdesvio:[0m -48%   [2m(2 obs. dia_util)[0m
2026-07-24 15:53:58 [INFO] 
2026-07-24 15:53:58 [INFO]   🔴 [91m[1mPT0002000125379984SH[0m  [2m[Cluster 1][0m
2026-07-24 15:53:58 [INFO]      consumiu MAIS que o habitual às 20h
2026-07-24 15:53:58 [INFO]      [2mReal:[0m 17.0 kWh   [2mHabitual:[0m 11.5 ± 1.1 kWh   [2mz:[0m +4.78   [2mdesvio:[0m +48%   [2m(2 obs. dia_util)[0m
2026-07-24 15:53:58 [INFO] 
2026-07-24 15:53:58 [INFO]   🔵 [94m[1mPT0002000115700602GW[0m  [2m[Cluster 0][0m
2026-07-24 15:53:58 [INFO]      consumiu MENOS que o habitual às 15h
2026-07-24 15:53:58 [INFO]      [2mReal:[0m 17.0 kWh   [2mHabitual:[0m 32.0 ± 3.2 kWh   [2mz:[0m -4.69   [2mdesvio:[0m -47%   [2m(2 obs. dia_util)[0m
2026-07-24 15:53:58 [INFO] 
2026-07-24 15:53:58 [INFO]   🔴 [91m[1mPT0002000068856906VS[0m  [2m[Cluster 0][0m
2026-07-24 15:53:58 [INFO]      consumiu MAIS que o habitual às 10h
2026-07-24 15:53:58 [INFO]      [2mReal:[0m 49.0 kWh   [2mHabitual:[0m 32.5 ± 3.5 kWh   [2mz:[0m +4.67   [2mdesvio:[0m +51%   [2m(2 obs. dia_util)[0m
2026-07-24 15:53:58 [INFO] 
2026-07-24 15:53:58 [INFO]   🔵 [94m[1mPT0002000073573036KH[0m  [2m[Cluster 0 (atribuido)][0m
2026-07-24 15:53:58 [INFO]      consumiu MENOS que o habitual às 23h
2026-07-24 15:53:58 [INFO]      [2mReal:[0m 104.0 kWh   [2mHabitual:[0m 188.3 ± 18.8 kWh   [2mz:[0m -4.48   [2mdesvio:[0m -45%   [2m(3 obs. dia_util)[0m
2026-07-24 15:53:58 [INFO] 
2026-07-24 15:53:58 [INFO]   🔴 [91m[1mPT0002000107172384HT[0m  [2m[Cluster 1][0m
2026-07-24 15:53:58 [INFO]      consumiu MAIS que o habitual às 14h
2026-07-24 15:53:58 [INFO]      [2mReal:[0m 52.0 kWh   [2mHabitual:[0m 36.0 ± 3.6 kWh   [2mz:[0m +4.44   [2mdesvio:[0m +44%   [2m(2 obs. dia_util)[0m
2026-07-24 15:53:58 [INFO] 
2026-07-24 15:53:58 [INFO]   🔴 [91m[1mPT0002000068859325FL[0m  [2m[Cluster 1][0m
2026-07-24 15:53:58 [INFO]      consumiu MAIS que o habitual às 14h
2026-07-24 15:53:58 [INFO]      [2mReal:[0m 192.0 kWh   [2mHabitual:[0m 134.0 ± 13.4 kWh   [2mz:[0m +4.33   [2mdesvio:[0m +43%   [2m(2 obs. dia_util)[0m
2026-07-24 15:53:58 [INFO] 
2026-07-24 15:53:58 [INFO]   🔵 [94m[1mPT0002000077348081AG[0m  [2m[Cluster 0 (atribuido)][0m
2026-07-24 15:53:58 [INFO]      consumiu MENOS que o habitual às 11h
2026-07-24 15:53:58 [INFO]      [2mReal:[0m 150.0 kWh   [2mHabitual:[0m 262.0 ± 26.2 kWh   [2mz:[0m -4.27   [2mdesvio:[0m -43%   [2m(2 obs. dia_util)[0m
2026-07-24 15:53:58 [INFO] 
2026-07-24 15:53:58 [INFO]   🔵 [94m[1mPT0002000073573036KH[0m  [2m[Cluster 0 (atribuido)][0m
2026-07-24 15:53:58 [INFO]      consumiu MENOS que o habitual às 22h
2026-07-24 15:53:58 [INFO]      [2mReal:[0m 110.0 kWh   [2mHabitual:[0m 191.7 ± 19.2 kWh   [2mz:[0m -4.26   [2mdesvio:[0m -43%   [2m(3 obs. dia_util)[0m
2026-07-24 15:53:58 [INFO] 
2026-07-24 15:53:58 [INFO]   🔴 [91m[1mPT0002000068858674WN[0m  [2m[Cluster 1 (atribuido)][0m
2026-07-24 15:53:58 [INFO]      consumiu MAIS que o habitual às 04h
2026-07-24 15:53:58 [INFO]      [2mReal:[0m 40.0 kWh   [2mHabitual:[0m 16.0 ± 5.7 kWh   [2mz:[0m +4.24   [2mdesvio:[0m +150%   [2m(2 obs. dia_util)[0m
2026-07-24 15:53:58 [INFO] 
2026-07-24 15:53:58 [INFO]   🔴 [91m[1mPT0002000068859187RL[0m  [2m[Cluster 0][0m
2026-07-24 15:53:58 [INFO]      consumiu MAIS que o habitual às 12h
2026-07-24 15:53:58 [INFO]      [2mReal:[0m 89.0 kWh   [2mHabitual:[0m 62.5 ± 6.2 kWh   [2mz:[0m +4.24   [2mdesvio:[0m +42%   [2m(2 obs. dia_util)[0m
2026-07-24 15:53:58 [INFO] 
2026-07-24 15:53:58 [INFO]   🔴 [91m[1mPT0002000078207354XC[0m  [2m[Cluster 1][0m
2026-07-24 15:53:58 [INFO]      consumiu MAIS que o habitual às 18h
2026-07-24 15:53:58 [INFO]      [2mReal:[0m 20.0 kWh   [2mHabitual:[0m 8.0 ± 2.8 kWh   [2mz:[0m +4.24   [2mdesvio:[0m +150%   [2m(2 obs. dia_util)[0m
2026-07-24 15:53:58 [INFO] 
2026-07-24 15:53:58 [INFO]   🔴 [91m[1mPT0002000068855003AK[0m  [2m[Cluster 0 (atribuido)][0m
2026-07-24 15:53:58 [INFO]      consumiu MAIS que o habitual às 19h
2026-07-24 15:53:58 [INFO]      [2mReal:[0m 58.0 kWh   [2mHabitual:[0m 31.5 ± 6.4 kWh   [2mz:[0m +4.16   [2mdesvio:[0m +84%   [2m(2 obs. dia_util)[0m
2026-07-24 15:53:58 [INFO] 
2026-07-24 15:53:58 [INFO]   🔴 [91m[1mPT0002000201038711LS[0m  [2m[Cluster 1 (atribuido)][0m
2026-07-24 15:53:58 [INFO]      consumiu MAIS que o habitual às 10h
2026-07-24 15:53:58 [INFO]      [2mReal:[0m 36.0 kWh   [2mHabitual:[0m 9.5 ± 6.4 kWh   [2mz:[0m +4.16   [2mdesvio:[0m +279%   [2m(2 obs. dia_util)[0m
2026-07-24 15:53:58 [INFO] 
2026-07-24 15:53:58 [INFO]   🔴 [91m[1mPT0002000068859187RL[0m  [2m[Cluster 0][0m
2026-07-24 15:53:58 [INFO]      consumiu MAIS que o habitual às 17h
2026-07-24 15:53:58 [INFO]      [2mReal:[0m 57.0 kWh   [2mHabitual:[0m 40.5 ± 4.0 kWh   [2mz:[0m +4.07   [2mdesvio:[0m +41%   [2m(2 obs. dia_util)[0m
2026-07-24 15:53:58 [INFO] 
2026-07-24 15:53:58 [INFO]   🔴 [91m[1mPT0002000068858674WN[0m  [2m[Cluster 1 (atribuido)][0m
2026-07-24 15:53:58 [INFO]      consumiu MAIS que o habitual às 08h
2026-07-24 15:53:58 [INFO]      [2mReal:[0m 52.0 kWh   [2mHabitual:[0m 18.0 ± 8.5 kWh   [2mz:[0m +4.01   [2mdesvio:[0m +189%   [2m(2 obs. dia_util)[0m
2026-07-24 15:53:58 [INFO] 
2026-07-24 15:53:58 [INFO]   🔴 [91m[1mPT0002000068857897ZV[0m  [2m[Cluster 0][0m
2026-07-24 15:53:58 [INFO]      consumiu MAIS que o habitual às 23h
2026-07-24 15:53:58 [INFO]      [2mReal:[0m 35.0 kWh   [2mHabitual:[0m 25.0 ± 2.5 kWh   [2mz:[0m +4.00   [2mdesvio:[0m +40%   [2m(3 obs. dia_util)[0m
2026-07-24 15:53:58 [INFO] 
2026-07-24 15:53:58 [INFO]   🔴 [91m[1mPT0002000112989585PH[0m  [2m[Cluster 0][0m
2026-07-24 15:53:58 [INFO]      consumiu MAIS que o habitual às 12h
2026-07-24 15:53:58 [INFO]      [2mReal:[0m 44.0 kWh   [2mHabitual:[0m 31.5 ± 3.1 kWh   [2mz:[0m +3.97   [2mdesvio:[0m +40%   [2m(2 obs. dia_util)[0m
2026-07-24 15:53:58 [INFO] 
2026-07-24 15:53:58 [INFO]   🔴 [91m[1mPT0002000068857897ZV[0m  [2m[Cluster 0][0m
2026-07-24 15:53:58 [INFO]      consumiu MAIS que o habitual às 18h
2026-07-24 15:53:58 [INFO]      [2mReal:[0m 39.0 kWh   [2mHabitual:[0m 28.0 ± 2.8 kWh   [2mz:[0m +3.93   [2mdesvio:[0m +39%   [2m(2 obs. dia_util)[0m
2026-07-24 15:53:58 [INFO] 
2026-07-24 15:53:58 [INFO]   🔵 [94m[1mPT0002000110607652SB[0m  [2m[Cluster 0][0m
2026-07-24 15:53:58 [INFO]      consumiu MENOS que o habitual às 12h
2026-07-24 15:53:58 [INFO]      [2mReal:[0m 44.0 kWh   [2mHabitual:[0m 72.0 ± 7.2 kWh   [2mz:[0m -3.89   [2mdesvio:[0m -39%   [2m(2 obs. dia_util)[0m
2026-07-24 15:53:58 [INFO] 
2026-07-24 15:53:58 [INFO]   🔴 [91m[1mPT0002000068859325FL[0m  [2m[Cluster 1][0m
2026-07-24 15:53:58 [INFO]      consumiu MAIS que o habitual às 13h
2026-07-24 15:53:58 [INFO]      [2mReal:[0m 136.0 kWh   [2mHabitual:[0m 98.0 ± 9.8 kWh   [2mz:[0m +3.88   [2mdesvio:[0m +39%   [2m(2 obs. dia_util)[0m
2026-07-24 15:53:58 [INFO] 
2026-07-24 15:53:58 [INFO]   🔵 [94m[1mPT0002000068856974CZ[0m  [2m[Cluster 0 (atribuido)][0m
2026-07-24 15:53:58 [INFO]      consumiu MENOS que o habitual às 14h
2026-07-24 15:53:58 [INFO]      [2mReal:[0m 46.0 kWh   [2mHabitual:[0m 73.0 ± 7.3 kWh   [2mz:[0m -3.70   [2mdesvio:[0m -37%   [2m(2 obs. dia_util)[0m
2026-07-24 15:53:58 [INFO] 
2026-07-24 15:53:58 [INFO]   🔴 [91m[1mPT0002000068856906VS[0m  [2m[Cluster 0][0m
2026-07-24 15:53:58 [INFO]      consumiu MAIS que o habitual às 19h
2026-07-24 15:53:58 [INFO]      [2mReal:[0m 28.0 kWh   [2mHabitual:[0m 20.5 ± 2.0 kWh   [2mz:[0m +3.66   [2mdesvio:[0m +37%   [2m(2 obs. dia_util)[0m
2026-07-24 15:53:58 [INFO] 
2026-07-24 15:53:58 [INFO]   🔵 [94m[1mPT0002000068856974CZ[0m  [2m[Cluster 0 (atribuido)][0m
2026-07-24 15:53:58 [INFO]      consumiu MENOS que o habitual às 18h
2026-07-24 15:53:58 [INFO]      [2mReal:[0m 22.0 kWh   [2mHabitual:[0m 34.5 ± 3.5 kWh   [2mz:[0m -3.62   [2mdesvio:[0m -36%   [2m(2 obs. dia_util)[0m
2026-07-24 15:53:58 [INFO] 
2026-07-24 15:53:58 [INFO]   🔴 [91m[1mPT0002000068859325FL[0m  [2m[Cluster 1][0m
2026-07-24 15:53:58 [INFO]      consumiu MAIS que o habitual às 22h
2026-07-24 15:53:58 [INFO]      [2mReal:[0m 76.0 kWh   [2mHabitual:[0m 56.0 ± 5.6 kWh   [2mz:[0m +3.57   [2mdesvio:[0m +36%   [2m(3 obs. dia_util)[0m
2026-07-24 15:53:58 [INFO] 
2026-07-24 15:53:58 [INFO]   🔴 [91m[1mPT0002000068856872QG[0m  [2m[Cluster 1][0m
2026-07-24 15:53:58 [INFO]      consumiu MAIS que o habitual às 05h
2026-07-24 15:53:58 [INFO]      [2mReal:[0m 3.0 kWh   [2mHabitual:[0m 0.5 ± 0.7 kWh   [2mz:[0m +3.54   [2mdesvio:[0m +500%   [2m(2 obs. dia_util)[0m
2026-07-24 15:53:58 [INFO] 
2026-07-24 15:53:58 [INFO]   🔴 [91m[1mPT0002000068856906VS[0m  [2m[Cluster 0][0m
2026-07-24 15:53:58 [INFO]      consumiu MAIS que o habitual às 09h
2026-07-24 15:53:58 [INFO]      [2mReal:[0m 53.0 kWh   [2mHabitual:[0m 30.5 ± 6.4 kWh   [2mz:[0m +3.54   [2mdesvio:[0m +74%   [2m(2 obs. dia_util)[0m
2026-07-24 15:53:58 [INFO] 
2026-07-24 15:53:58 [INFO]   🔵 [94m[1mPT0002000111572054VT[0m  [2m[Cluster 0 (atribuido)][0m
2026-07-24 15:53:58 [INFO]      consumiu MENOS que o habitual às 10h
2026-07-24 15:53:58 [INFO]      [2mReal:[0m 1.0 kWh   [2mHabitual:[0m 6.0 ± 1.4 kWh   [2mz:[0m -3.54   [2mdesvio:[0m -83%   [2m(2 obs. dia_util)[0m
2026-07-24 15:53:58 [INFO] 
2026-07-24 15:53:58 [INFO]   🔵 [94m[1mPT0002000111572054VT[0m  [2m[Cluster 0 (atribuido)][0m
2026-07-24 15:53:58 [INFO]      consumiu MENOS que o habitual às 18h
2026-07-24 15:53:58 [INFO]      [2mReal:[0m 2.0 kWh   [2mHabitual:[0m 34.5 ± 9.2 kWh   [2mz:[0m -3.54   [2mdesvio:[0m -94%   [2m(2 obs. dia_util)[0m
2026-07-24 15:53:58 [INFO] 
2026-07-24 15:53:58 [INFO]   🔵 [94m[1mPT0002000068856974CZ[0m  [2m[Cluster 0 (atribuido)][0m
2026-07-24 15:53:58 [INFO]      consumiu MENOS que o habitual às 11h
2026-07-24 15:53:58 [INFO]      [2mReal:[0m 37.0 kWh   [2mHabitual:[0m 56.5 ± 5.7 kWh   [2mz:[0m -3.45   [2mdesvio:[0m -35%   [2m(2 obs. dia_util)[0m
2026-07-24 15:53:58 [INFO] 
2026-07-24 15:53:58 [INFO]   🔴 [91m[1mPT0002000073481266XH[0m  [2m[Cluster 0][0m
2026-07-24 15:53:58 [INFO]      consumiu MAIS que o habitual às 09h
2026-07-24 15:53:58 [INFO]      [2mReal:[0m 41.0 kWh   [2mHabitual:[0m 30.5 ± 3.0 kWh   [2mz:[0m +3.44   [2mdesvio:[0m +34%   [2m(2 obs. dia_util)[0m
2026-07-24 15:53:58 [INFO] 
2026-07-24 15:53:58 [INFO]   🔵 [94m[1mPT0002000115700602GW[0m  [2m[Cluster 0][0m
2026-07-24 15:53:58 [INFO]      consumiu MENOS que o habitual às 16h
2026-07-24 15:53:58 [INFO]      [2mReal:[0m 20.0 kWh   [2mHabitual:[0m 30.5 ± 3.0 kWh   [2mz:[0m -3.44   [2mdesvio:[0m -34%   [2m(2 obs. dia_util)[0m
2026-07-24 15:53:58 [INFO] 
2026-07-24 15:53:58 [INFO]   🔵 [94m[1mPT0002000068856826ZG[0m  [2m[Cluster 0 (atribuido)][0m
2026-07-24 15:53:58 [INFO]      consumiu MENOS que o habitual às 08h
2026-07-24 15:53:58 [INFO]      [2mReal:[0m 288.0 kWh   [2mHabitual:[0m 438.5 ± 43.9 kWh   [2mz:[0m -3.43   [2mdesvio:[0m -34%   [2m(2 obs. dia_util)[0m
2026-07-24 15:53:58 [INFO] 
2026-07-24 15:53:58 [INFO]   🔴 [91m[1mPT0002000068856655YV[0m  [2m[Cluster 0][0m
2026-07-24 15:53:58 [INFO]      consumiu MAIS que o habitual às 02h
2026-07-24 15:53:58 [INFO]      [2mReal:[0m 3.0 kWh   [2mHabitual:[0m 2.0 ± 0.3 kWh   [2mz:[0m +3.33   [2mdesvio:[0m +50%   [2m(2 obs. dia_util)[0m
2026-07-24 15:53:58 [INFO] 
2026-07-24 15:53:58 [INFO]   🔴 [91m[1mPT0002000068856872QG[0m  [2m[Cluster 1][0m
2026-07-24 15:53:58 [INFO]      consumiu MAIS que o habitual às 17h
2026-07-24 15:53:58 [INFO]      [2mReal:[0m 1.0 kWh   [2mHabitual:[0m 0.0 ± 0.3 kWh   [2mz:[0m +3.33   [2mdesvio:[0m +100000%   [2m(2 obs. dia_util)[0m
2026-07-24 15:53:58 [INFO] 
2026-07-24 15:53:58 [INFO]   🔵 [94m[1mPT0002000068856952LS[0m  [2m[Cluster 2][0m
2026-07-24 15:53:58 [INFO]      consumiu MENOS que o habitual às 02h
2026-07-24 15:53:58 [INFO]      [2mReal:[0m 0.0 kWh   [2mHabitual:[0m 1.0 ± 0.3 kWh   [2mz:[0m -3.33   [2mdesvio:[0m -100%   [2m(2 obs. dia_util)[0m
2026-07-24 15:53:58 [INFO] 
2026-07-24 15:53:58 [INFO]   🔴 [91m[1mPT0002000068856952LS[0m  [2m[Cluster 2][0m
2026-07-24 15:53:58 [INFO]      consumiu MAIS que o habitual às 04h
2026-07-24 15:53:58 [INFO]      [2mReal:[0m 1.0 kWh   [2mHabitual:[0m 0.0 ± 0.3 kWh   [2mz:[0m +3.33   [2mdesvio:[0m +100000%   [2m(2 obs. dia_util)[0m
2026-07-24 15:53:58 [INFO] 
2026-07-24 15:53:58 [INFO]   🔴 [91m[1mPT0002000068856952LS[0m  [2m[Cluster 2][0m
2026-07-24 15:53:58 [INFO]      consumiu MAIS que o habitual às 22h
2026-07-24 15:53:58 [INFO]      [2mReal:[0m 1.0 kWh   [2mHabitual:[0m 0.0 ± 0.3 kWh   [2mz:[0m +3.33   [2mdesvio:[0m +100000%   [2m(3 obs. dia_util)[0m
2026-07-24 15:53:58 [INFO] 
2026-07-24 15:53:58 [INFO]   🔴 [91m[1mPT0002000068857099AR[0m  [2m[Cluster 1][0m
2026-07-24 15:53:58 [INFO]      consumiu MAIS que o habitual às 02h
2026-07-24 15:53:58 [INFO]      [2mReal:[0m 4.0 kWh   [2mHabitual:[0m 3.0 ± 0.3 kWh   [2mz:[0m +3.33   [2mdesvio:[0m +33%   [2m(2 obs. dia_util)[0m
2026-07-24 15:53:58 [INFO] 
2026-07-24 15:53:58 [INFO]   🔴 [91m[1mPT0002000068857099AR[0m  [2m[Cluster 1][0m
2026-07-24 15:53:58 [INFO]      consumiu MAIS que o habitual às 05h
2026-07-24 15:53:58 [INFO]      [2mReal:[0m 4.0 kWh   [2mHabitual:[0m 3.0 ± 0.3 kWh   [2mz:[0m +3.33   [2mdesvio:[0m +33%   [2m(2 obs. dia_util)[0m
2026-07-24 15:53:58 [INFO] 
2026-07-24 15:53:58 [INFO]   🔴 [91m[1mPT0002000068857099AR[0m  [2m[Cluster 1][0m
2026-07-24 15:53:58 [INFO]      consumiu MAIS que o habitual às 07h
2026-07-24 15:53:58 [INFO]      [2mReal:[0m 4.0 kWh   [2mHabitual:[0m 3.0 ± 0.3 kWh   [2mz:[0m +3.33   [2mdesvio:[0m +33%   [2m(2 obs. dia_util)[0m
2026-07-24 15:53:58 [INFO] 
2026-07-24 15:53:58 [INFO]   🔵 [94m[1mPT0002000073717386HC[0m  [2m[Cluster 1 (atribuido)][0m
2026-07-24 15:53:58 [INFO]      consumiu MENOS que o habitual às 01h
2026-07-24 15:53:58 [INFO]      [2mReal:[0m 0.0 kWh   [2mHabitual:[0m 1.0 ± 0.3 kWh   [2mz:[0m -3.33   [2mdesvio:[0m -100%   [2m(2 obs. dia_util)[0m
2026-07-24 15:53:58 [INFO] 
2026-07-24 15:53:58 [INFO]   🔵 [94m[1mPT0002000073717386HC[0m  [2m[Cluster 1 (atribuido)][0m
2026-07-24 15:53:58 [INFO]      consumiu MENOS que o habitual às 03h
2026-07-24 15:53:58 [INFO]      [2mReal:[0m 0.0 kWh   [2mHabitual:[0m 1.0 ± 0.3 kWh   [2mz:[0m -3.33   [2mdesvio:[0m -100%   [2m(2 obs. dia_util)[0m
2026-07-24 15:53:58 [INFO] 
2026-07-24 15:53:58 [INFO]   🔴 [91m[1mPT0002000077647404EM[0m  [2m[Cluster 1][0m
2026-07-24 15:53:58 [INFO]      consumiu MAIS que o habitual às 12h
2026-07-24 15:53:58 [INFO]      [2mReal:[0m 2.0 kWh   [2mHabitual:[0m 1.0 ± 0.3 kWh   [2mz:[0m +3.33   [2mdesvio:[0m +100%   [2m(2 obs. dia_util)[0m
2026-07-24 15:53:58 [INFO] 
2026-07-24 15:53:58 [INFO]   🔵 [94m[1mPT0002000081344542CP[0m  [2m[Cluster 1][0m
2026-07-24 15:53:58 [INFO]      consumiu MENOS que o habitual às 06h
2026-07-24 15:53:58 [INFO]      [2mReal:[0m 1.0 kWh   [2mHabitual:[0m 2.0 ± 0.3 kWh   [2mz:[0m -3.33   [2mdesvio:[0m -50%   [2m(2 obs. dia_util)[0m
2026-07-24 15:53:58 [INFO] 
2026-07-24 15:53:58 [INFO]   🔴 [91m[1mPT0002000103647515BL[0m  [2m[Cluster 1 (atribuido)][0m
2026-07-24 15:53:58 [INFO]      consumiu MAIS que o habitual às 23h
2026-07-24 15:53:58 [INFO]      [2mReal:[0m 3.0 kWh   [2mHabitual:[0m 2.0 ± 0.3 kWh   [2mz:[0m +3.33   [2mdesvio:[0m +50%   [2m(3 obs. dia_util)[0m
2026-07-24 15:53:58 [INFO] 
2026-07-24 15:53:58 [INFO]   🔵 [94m[1mPT0002000105483259QH[0m  [2m[Cluster 1][0m
2026-07-24 15:53:58 [INFO]      consumiu MENOS que o habitual às 00h
2026-07-24 15:53:58 [INFO]      [2mReal:[0m 1.0 kWh   [2mHabitual:[0m 2.0 ± 0.3 kWh   [2mz:[0m -3.33   [2mdesvio:[0m -50%   [2m(2 obs. dia_util)[0m
2026-07-24 15:53:58 [INFO] 
2026-07-24 15:53:58 [INFO]   🔴 [91m[1mPT0002000105483259QH[0m  [2m[Cluster 1][0m
2026-07-24 15:53:58 [INFO]      consumiu MAIS que o habitual às 03h
2026-07-24 15:53:58 [INFO]      [2mReal:[0m 1.0 kWh   [2mHabitual:[0m 0.0 ± 0.3 kWh   [2mz:[0m +3.33   [2mdesvio:[0m +100000%   [2m(2 obs. dia_util)[0m
2026-07-24 15:53:58 [INFO] 
2026-07-24 15:53:58 [INFO]   🔵 [94m[1mPT0002000105483259QH[0m  [2m[Cluster 1][0m
2026-07-24 15:53:58 [INFO]      consumiu MENOS que o habitual às 04h
2026-07-24 15:53:58 [INFO]      [2mReal:[0m 0.0 kWh   [2mHabitual:[0m 1.0 ± 0.3 kWh   [2mz:[0m -3.33   [2mdesvio:[0m -100%   [2m(2 obs. dia_util)[0m
2026-07-24 15:53:58 [INFO] 
2026-07-24 15:53:58 [INFO]   🔵 [94m[1mPT0002000105483259QH[0m  [2m[Cluster 1][0m
2026-07-24 15:53:58 [INFO]      consumiu MENOS que o habitual às 09h
2026-07-24 15:53:58 [INFO]      [2mReal:[0m 0.0 kWh   [2mHabitual:[0m 1.0 ± 0.3 kWh   [2mz:[0m -3.33   [2mdesvio:[0m -100%   [2m(2 obs. dia_util)[0m
2026-07-24 15:53:58 [INFO] 
2026-07-24 15:53:58 [INFO]   🔵 [94m[1mPT0002000105483259QH[0m  [2m[Cluster 1][0m
2026-07-24 15:53:58 [INFO]      consumiu MENOS que o habitual às 12h
2026-07-24 15:53:58 [INFO]      [2mReal:[0m 0.0 kWh   [2mHabitual:[0m 1.0 ± 0.3 kWh   [2mz:[0m -3.33   [2mdesvio:[0m -100%   [2m(2 obs. dia_util)[0m
2026-07-24 15:53:58 [INFO] 
2026-07-24 15:53:58 [INFO]   🔴 [91m[1mPT0002000105483259QH[0m  [2m[Cluster 1][0m
2026-07-24 15:53:58 [INFO]      consumiu MAIS que o habitual às 13h
2026-07-24 15:53:58 [INFO]      [2mReal:[0m 1.0 kWh   [2mHabitual:[0m 0.0 ± 0.3 kWh   [2mz:[0m +3.33   [2mdesvio:[0m +100000%   [2m(2 obs. dia_util)[0m
2026-07-24 15:53:58 [INFO] 
2026-07-24 15:53:58 [INFO]   🔵 [94m[1mPT0002000105483259QH[0m  [2m[Cluster 1][0m
2026-07-24 15:53:58 [INFO]      consumiu MENOS que o habitual às 14h
2026-07-24 15:53:58 [INFO]      [2mReal:[0m 0.0 kWh   [2mHabitual:[0m 1.0 ± 0.3 kWh   [2mz:[0m -3.33   [2mdesvio:[0m -100%   [2m(2 obs. dia_util)[0m
2026-07-24 15:53:58 [INFO] 
2026-07-24 15:53:58 [INFO]   🔵 [94m[1mPT0002000105483259QH[0m  [2m[Cluster 1][0m
2026-07-24 15:53:58 [INFO]      consumiu MENOS que o habitual às 17h
2026-07-24 15:53:58 [INFO]      [2mReal:[0m 0.0 kWh   [2mHabitual:[0m 1.0 ± 0.3 kWh   [2mz:[0m -3.33   [2mdesvio:[0m -100%   [2m(2 obs. dia_util)[0m
2026-07-24 15:53:58 [INFO] 
2026-07-24 15:53:58 [INFO]   🔴 [91m[1mPT0002000105483259QH[0m  [2m[Cluster 1][0m
2026-07-24 15:53:58 [INFO]      consumiu MAIS que o habitual às 18h
2026-07-24 15:53:58 [INFO]      [2mReal:[0m 1.0 kWh   [2mHabitual:[0m 0.0 ± 0.3 kWh   [2mz:[0m +3.33   [2mdesvio:[0m +100000%   [2m(2 obs. dia_util)[0m
2026-07-24 15:53:58 [INFO] 
2026-07-24 15:53:58 [INFO]   🔵 [94m[1mPT0002000105483259QH[0m  [2m[Cluster 1][0m
2026-07-24 15:53:58 [INFO]      consumiu MENOS que o habitual às 22h
2026-07-24 15:53:58 [INFO]      [2mReal:[0m 1.0 kWh   [2mHabitual:[0m 2.0 ± 0.3 kWh   [2mz:[0m -3.33   [2mdesvio:[0m -50%   [2m(3 obs. dia_util)[0m
2026-07-24 15:53:58 [INFO] 
2026-07-24 15:53:58 [INFO]   🔴 [91m[1mPT0002000109837807PE[0m  [2m[Cluster 1][0m
2026-07-24 15:53:58 [INFO]      consumiu MAIS que o habitual às 07h
2026-07-24 15:53:58 [INFO]      [2mReal:[0m 4.0 kWh   [2mHabitual:[0m 3.0 ± 0.3 kWh   [2mz:[0m +3.33   [2mdesvio:[0m +33%   [2m(2 obs. dia_util)[0m
2026-07-24 15:53:58 [INFO] 
2026-07-24 15:53:58 [INFO]   🔵 [94m[1mPT0002000111572054VT[0m  [2m[Cluster 0 (atribuido)][0m
2026-07-24 15:53:58 [INFO]      consumiu MENOS que o habitual às 12h
2026-07-24 15:53:58 [INFO]      [2mReal:[0m 0.0 kWh   [2mHabitual:[0m 1.0 ± 0.3 kWh   [2mz:[0m -3.33   [2mdesvio:[0m -100%   [2m(2 obs. dia_util)[0m
2026-07-24 15:53:58 [INFO] 
2026-07-24 15:53:58 [INFO]   🔴 [91m[1mPT0002000115031201VQ[0m  [2m[Cluster 0][0m
2026-07-24 15:53:58 [INFO]      consumiu MAIS que o habitual às 00h
2026-07-24 15:53:58 [INFO]      [2mReal:[0m 8.0 kWh   [2mHabitual:[0m 6.0 ± 0.6 kWh   [2mz:[0m +3.33   [2mdesvio:[0m +33%   [2m(2 obs. dia_util)[0m
2026-07-24 15:53:58 [INFO] 
2026-07-24 15:53:58 [INFO]   🔵 [94m[1mPT0002000119303492KB[0m  [2m[Cluster 0][0m
2026-07-24 15:53:58 [INFO]      consumiu MENOS que o habitual às 13h
2026-07-24 15:53:58 [INFO]      [2mReal:[0m 27.0 kWh   [2mHabitual:[0m 40.0 ± 4.0 kWh   [2mz:[0m -3.25   [2mdesvio:[0m -32%   [2m(2 obs. dia_util)[0m
2026-07-24 15:53:58 [INFO] 
2026-07-24 15:53:58 [INFO]   🔴 [91m[1mPT0002000079469719HF[0m  [2m[Cluster 1 (atribuido)][0m
2026-07-24 15:53:58 [INFO]      consumiu MAIS que o habitual às 16h
2026-07-24 15:53:58 [INFO]      [2mReal:[0m 154.0 kWh   [2mHabitual:[0m 81.0 ± 22.6 kWh   [2mz:[0m +3.23   [2mdesvio:[0m +90%   [2m(2 obs. dia_util)[0m
2026-07-24 15:53:58 [INFO] 
2026-07-24 15:53:58 [INFO]   🔵 [94m[1mPT0002000115700602GW[0m  [2m[Cluster 0][0m
2026-07-24 15:53:58 [INFO]      consumiu MENOS que o habitual às 14h
2026-07-24 15:53:58 [INFO]      [2mReal:[0m 22.0 kWh   [2mHabitual:[0m 32.5 ± 3.2 kWh   [2mz:[0m -3.23   [2mdesvio:[0m -32%   [2m(2 obs. dia_util)[0m
2026-07-24 15:53:58 [INFO] 
2026-07-24 15:53:58 [INFO]   🔴 [91m[1mPT0002000068856906VS[0m  [2m[Cluster 0][0m
2026-07-24 15:53:58 [INFO]      consumiu MAIS que o habitual às 20h
2026-07-24 15:53:58 [INFO]      [2mReal:[0m 29.0 kWh   [2mHabitual:[0m 22.0 ± 2.2 kWh   [2mz:[0m +3.18   [2mdesvio:[0m +32%   [2m(2 obs. dia_util)[0m
2026-07-24 15:53:58 [INFO] 
2026-07-24 15:53:58 [INFO]   🔵 [94m[1mPT0002000107172384HT[0m  [2m[Cluster 1][0m
2026-07-24 15:53:58 [INFO]      consumiu MENOS que o habitual às 20h
2026-07-24 15:53:58 [INFO]      [2mReal:[0m 30.0 kWh   [2mHabitual:[0m 44.0 ± 4.4 kWh   [2mz:[0m -3.18   [2mdesvio:[0m -32%   [2m(2 obs. dia_util)[0m
2026-07-24 15:53:58 [INFO] 
2026-07-24 15:53:58 [INFO]   🔴 [91m[1mPT0002000068856826ZG[0m  [2m[Cluster 0 (atribuido)][0m
2026-07-24 15:53:58 [INFO]      consumiu MAIS que o habitual às 21h
2026-07-24 15:53:58 [INFO]      [2mReal:[0m 440.0 kWh   [2mHabitual:[0m 216.7 ± 72.2 kWh   [2mz:[0m +3.10   [2mdesvio:[0m +103%   [2m(3 obs. dia_util)[0m
2026-07-24 15:53:58 [INFO] 
2026-07-24 15:53:58 [INFO]   🔴 [91m[1mPT0002000071896778MT[0m  [2m[Cluster 0][0m
2026-07-24 15:53:58 [INFO]      consumiu MAIS que o habitual às 11h
2026-07-24 15:53:58 [INFO]      [2mReal:[0m 27.0 kWh   [2mHabitual:[0m 20.5 ± 2.1 kWh   [2mz:[0m +3.06   [2mdesvio:[0m +32%   [2m(2 obs. dia_util)[0m
2026-07-24 15:53:58 [INFO] 
2026-07-24 15:53:58 [INFO]   🔵 [94m[1mPT0002000107046231FW[0m  [2m[Cluster 0][0m
2026-07-24 15:53:58 [INFO]      consumiu MENOS que o habitual às 14h
2026-07-24 15:53:58 [INFO]      [2mReal:[0m 20.0 kWh   [2mHabitual:[0m 33.0 ± 4.2 kWh   [2mz:[0m -3.06   [2mdesvio:[0m -39%   [2m(2 obs. dia_util)[0m
2026-07-24 15:53:58 [INFO] 
2026-07-24 15:53:58 [INFO]   🔴 [91m[1mPT0002000068856906VS[0m  [2m[Cluster 0][0m
2026-07-24 15:53:58 [INFO]      consumiu MAIS que o habitual às 23h
2026-07-24 15:53:58 [INFO]      [2mReal:[0m 40.0 kWh   [2mHabitual:[0m 30.7 ± 3.1 kWh   [2mz:[0m +3.04   [2mdesvio:[0m +30%   [2m(3 obs. dia_util)[0m
2026-07-24 15:53:58 [INFO] 
2026-07-24 15:53:58 [INFO]   🔴 [91m[1mPT0002000073481266XH[0m  [2m[Cluster 0][0m
2026-07-24 15:53:58 [INFO]      consumiu MAIS que o habitual às 23h
2026-07-24 15:53:58 [INFO]      [2mReal:[0m 10.0 kWh   [2mHabitual:[0m 7.7 ± 0.8 kWh   [2mz:[0m +3.04   [2mdesvio:[0m +30%   [2m(3 obs. dia_util)[0m
2026-07-24 15:53:58 [INFO] 
2026-07-24 15:53:58 [INFO]   🔴 [91m[1mPT0002000123648159KR[0m  [2m[Cluster 0][0m
2026-07-24 15:53:58 [INFO]      consumiu MAIS que o habitual às 16h
2026-07-24 15:53:58 [INFO]      [2mReal:[0m 15.0 kWh   [2mHabitual:[0m 11.5 ± 1.1 kWh   [2mz:[0m +3.04   [2mdesvio:[0m +30%   [2m(2 obs. dia_util)[0m
2026-07-24 15:53:58 [INFO] 
2026-07-24 15:53:58 [INFO]   [2mCSV:[0m /home/runner/work/ts-anomaly-detection-dissertation/ts-anomaly-detection-dissertation/results/energia/realtime/alerts/analise_energia_2026-07-23.csv
2026-07-24 15:53:58 [INFO] 
2026-07-24 15:53:58 [INFO] [96m→ A prever consumo de 2026-07-24 para 276 CPEs...[0m
2026-07-24 15:54:02 [INFO] [1m══════════════════════════════════════════════════════════════════════[0m
2026-07-24 15:54:02 [INFO] [1m  PREDIÇÃO — 2026-07-24 [0m[2m(dia util)[0m
2026-07-24 15:54:02 [INFO] [1m══════════════════════════════════════════════════════════════════════[0m
2026-07-24 15:54:02 [INFO]   [95m● CPEs previstos[0m          69 [2m(alta: 0, baixa: 1656)[0m
2026-07-24 15:54:02 [INFO]   [95m● Consumo total previsto[0m 107297.8 kWh [2m(±15677.7)[0m
2026-07-24 15:54:02 [INFO] 
2026-07-24 15:54:02 [INFO]   [2mPrevisão guardada:[0m /home/runner/work/ts-anomaly-detection-dissertation/ts-anomaly-detection-dissertation/results/energia/realtime/predictions/previsao_energia_2026-07-24.csv
2026-07-24 15:54:02 [INFO] 
2026-07-24 15:54:02 [INFO] [1m══════════════════════════════════════════════════════════════════════[0m
2026-07-24 15:54:02 [INFO] [1m  VALIDAÇÃO — qualidade das previsões anteriores[0m
2026-07-24 15:54:02 [INFO] [1m══════════════════════════════════════════════════════════════════════[0m
2026-07-24 15:54:02 [INFO]   [2mDias validados:[0m 4   [2mpendentes:[0m 39
2026-07-24 15:54:02 [INFO]   [2mÚltimo (2026-07-23):[0m MAE 8.17 kWh   RMSE 20.08   em ±1σ 72% [2m(esperado ~68%)[0m   em ±2σ 91% [2m(esperado ~95%)[0m
2026-07-24 15:54:02 [INFO]   [2mMédia acumulada:[0m MAE 11.41 kWh   RMSE 27.05   em ±1σ 65%   em ±2σ 85%
2026-07-24 15:54:02 [INFO]   [2mCSV:[0m /home/runner/work/ts-anomaly-detection-dissertation/ts-anomaly-detection-dissertation/results/energia/realtime/analysis/qualidade_previsoes_energia.csv
2026-07-24 15:54:02 [INFO] 
2026-07-24 15:54:02 [INFO] 
2026-07-24 15:54:02 [INFO] Concluido em 726.7s. Ficheiros gerados: 2
2026-07-24 16:53:39 [INFO] [96m→ A pedir dados ao BaZe (276 CPEs)...[0m
2026-07-24 17:05:27 [INFO]   [2mClusters atribuidos carregados:[0m 22 novos
2026-07-24 17:05:27 [INFO] 
2026-07-24 17:05:27 [INFO] [1m══════════════════════════════════════════════════════════════════════[0m
2026-07-24 17:05:27 [INFO] [1m  DETEÇÃO DE ANOMALIAS — 2026-07-23[0m
2026-07-24 17:05:27 [INFO] [1m══════════════════════════════════════════════════════════════════════[0m
2026-07-24 17:05:27 [INFO]   [2mTipo de dia:[0m  dia util
2026-07-24 17:05:27 [INFO]   [2mFonte:[0m        BAZE
2026-07-24 17:05:27 [INFO]   [2mCPEs c/ dados:[0m 69
2026-07-24 17:05:27 [INFO]   [2mThreshold:[0m    |z| > 3.0 [2m(adaptativo a este tipo de dia)[0m
2026-07-24 17:05:27 [INFO] 
2026-07-24 17:05:27 [INFO] [96m→ A analisar 69 CPEs / 1656 pontos horários (retrospetiva)...[0m
2026-07-24 17:05:29 [INFO] [1m─── Resumo ─────────────────────────────────────[0m
2026-07-24 17:05:29 [INFO]   [92m● Normal[0m                1534 [2m( 92.6%)[0m
2026-07-24 17:05:29 [INFO]   [91m● Desvio (alta confiança)[0m    0 [2m(  0.0%)[0m
2026-07-24 17:05:29 [INFO]   [93m● Desvio (baixa confiança)[0m 122 [2m(  7.4%)[0m
2026-07-24 17:05:29 [INFO]   [2mTempo: 709.8s[0m
2026-07-24 17:05:29 [INFO] 
2026-07-24 17:05:29 [INFO] [1m[93m─── Desvios de BAIXA confiança (122) ──────────────[0m
2026-07-24 17:05:29 [INFO]   [2m(poucos dados históricos — verificar manualmente)[0m
2026-07-24 17:05:29 [INFO] 
2026-07-24 17:05:29 [INFO]   🔴 [91m[1mPT0002000068856872QG[0m  [2m[Cluster 1][0m
2026-07-24 17:05:29 [INFO]      consumiu MAIS que o habitual às 11h
2026-07-24 17:05:29 [INFO]      [2mReal:[0m 3.0 kWh   [2mHabitual:[0m 0.0 ± 0.3 kWh   [2mz:[0m +10.00   [2mdesvio:[0m +300000%   [2m(2 obs. dia_util)[0m
2026-07-24 17:05:29 [INFO] 
2026-07-24 17:05:29 [INFO]   🔴 [91m[1mPT0002000078207354XC[0m  [2m[Cluster 1][0m
2026-07-24 17:05:29 [INFO]      consumiu MAIS que o habitual às 16h
2026-07-24 17:05:29 [INFO]      [2mReal:[0m 18.0 kWh   [2mHabitual:[0m 7.0 ± 0.7 kWh   [2mz:[0m +10.00⁺   [2mdesvio:[0m +157%   [2m(2 obs. dia_util)[0m
2026-07-24 17:05:29 [INFO] 
2026-07-24 17:05:29 [INFO]   🔴 [91m[1mPT0002000078207354XC[0m  [2m[Cluster 1][0m
2026-07-24 17:05:29 [INFO]      consumiu MAIS que o habitual às 17h
2026-07-24 17:05:29 [INFO]      [2mReal:[0m 21.0 kWh   [2mHabitual:[0m 7.0 ± 0.7 kWh   [2mz:[0m +10.00⁺   [2mdesvio:[0m +200%   [2m(2 obs. dia_util)[0m
2026-07-24 17:05:29 [INFO] 
2026-07-24 17:05:29 [INFO]   🔴 [91m[1mPT0002000081344542CP[0m  [2m[Cluster 1][0m
2026-07-24 17:05:29 [INFO]      consumiu MAIS que o habitual às 14h
2026-07-24 17:05:29 [INFO]      [2mReal:[0m 9.0 kWh   [2mHabitual:[0m 1.5 ± 0.7 kWh   [2mz:[0m +10.00⁺   [2mdesvio:[0m +500%   [2m(2 obs. dia_util)[0m
2026-07-24 17:05:29 [INFO] 
2026-07-24 17:05:29 [INFO]   🔴 [91m[1mPT0002000081344542CP[0m  [2m[Cluster 1][0m
2026-07-24 17:05:29 [INFO]      consumiu MAIS que o habitual às 15h
2026-07-24 17:05:29 [INFO]      [2mReal:[0m 7.0 kWh   [2mHabitual:[0m 2.0 ± 0.3 kWh   [2mz:[0m +10.00⁺   [2mdesvio:[0m +250%   [2m(2 obs. dia_util)[0m
2026-07-24 17:05:29 [INFO] 
2026-07-24 17:05:29 [INFO]   🔴 [91m[1mPT0002000081344542CP[0m  [2m[Cluster 1][0m
2026-07-24 17:05:29 [INFO]      consumiu MAIS que o habitual às 21h
2026-07-24 17:05:29 [INFO]      [2mReal:[0m 40.0 kWh   [2mHabitual:[0m 12.0 ± 2.6 kWh   [2mz:[0m +10.00⁺   [2mdesvio:[0m +233%   [2m(3 obs. dia_util)[0m
2026-07-24 17:05:29 [INFO] 
2026-07-24 17:05:29 [INFO]   🔴 [91m[1mPT0002000107046231FW[0m  [2m[Cluster 0][0m
2026-07-24 17:05:29 [INFO]      consumiu MAIS que o habitual às 08h
2026-07-24 17:05:29 [INFO]      [2mReal:[0m 19.0 kWh   [2mHabitual:[0m 8.5 ± 0.8 kWh   [2mz:[0m +10.00⁺   [2mdesvio:[0m +124%   [2m(2 obs. dia_util)[0m
2026-07-24 17:05:29 [INFO] 
2026-07-24 17:05:29 [INFO]   🔴 [91m[1mPT0002000111572054VT[0m  [2m[Cluster 0 (atribuido)][0m
2026-07-24 17:05:29 [INFO]      consumiu MAIS que o habitual às 01h
2026-07-24 17:05:29 [INFO]      [2mReal:[0m 32.0 kWh   [2mHabitual:[0m 16.0 ± 1.6 kWh   [2mz:[0m +10.00   [2mdesvio:[0m +100%   [2m(2 obs. dia_util)[0m
2026-07-24 17:05:29 [INFO] 
2026-07-24 17:05:29 [INFO]   🔴 [91m[1mPT0002000111572054VT[0m  [2m[Cluster 0 (atribuido)][0m
2026-07-24 17:05:29 [INFO]      consumiu MAIS que o habitual às 06h
2026-07-24 17:05:29 [INFO]      [2mReal:[0m 32.0 kWh   [2mHabitual:[0m 16.0 ± 1.6 kWh   [2mz:[0m +10.00   [2mdesvio:[0m +100%   [2m(2 obs. dia_util)[0m
2026-07-24 17:05:29 [INFO] 
2026-07-24 17:05:29 [INFO]   🔴 [91m[1mPT0002000081344542CP[0m  [2m[Cluster 1][0m
2026-07-24 17:05:29 [INFO]      consumiu MAIS que o habitual às 13h
2026-07-24 17:05:29 [INFO]      [2mReal:[0m 17.0 kWh   [2mHabitual:[0m 3.0 ± 1.4 kWh   [2mz:[0m +9.90   [2mdesvio:[0m +467%   [2m(2 obs. dia_util)[0m
2026-07-24 17:05:29 [INFO] 
2026-07-24 17:05:29 [INFO]   🔵 [94m[1mPT0002000077647404EM[0m  [2m[Cluster 1][0m
2026-07-24 17:05:29 [INFO]      consumiu MENOS que o habitual às 10h
2026-07-24 17:05:29 [INFO]      [2mReal:[0m 2.0 kWh   [2mHabitual:[0m 84.0 ± 8.4 kWh   [2mz:[0m -9.76   [2mdesvio:[0m -98%   [2m(2 obs. dia_util)[0m
2026-07-24 17:05:29 [INFO] 
2026-07-24 17:05:29 [INFO]   🔵 [94m[1mPT0002000077647404EM[0m  [2m[Cluster 1][0m
2026-07-24 17:05:29 [INFO]      consumiu MENOS que o habitual às 09h
2026-07-24 17:05:29 [INFO]      [2mReal:[0m 2.0 kWh   [2mHabitual:[0m 79.0 ± 7.9 kWh   [2mz:[0m -9.75   [2mdesvio:[0m -97%   [2m(2 obs. dia_util)[0m
2026-07-24 17:05:29 [INFO] 
2026-07-24 17:05:29 [INFO]   🔴 [91m[1mPT0002000102936404ME[0m  [2m[Cluster 1][0m
2026-07-24 17:05:29 [INFO]      consumiu MAIS que o habitual às 06h
2026-07-24 17:05:29 [INFO]      [2mReal:[0m 43.0 kWh   [2mHabitual:[0m 22.0 ± 2.2 kWh   [2mz:[0m +9.55   [2mdesvio:[0m +95%   [2m(2 obs. dia_util)[0m
2026-07-24 17:05:29 [INFO] 
2026-07-24 17:05:29 [INFO]   🔴 [91m[1mPT0002000075637532JB[0m  [2m[Cluster 0][0m
2026-07-24 17:05:29 [INFO]      consumiu MAIS que o habitual às 15h
2026-07-24 17:05:29 [INFO]      [2mReal:[0m 27.0 kWh   [2mHabitual:[0m 14.0 ± 1.4 kWh   [2mz:[0m +9.19   [2mdesvio:[0m +93%   [2m(2 obs. dia_util)[0m
2026-07-24 17:05:29 [INFO] 
2026-07-24 17:05:29 [INFO]   🔴 [91m[1mPT0002000111572054VT[0m  [2m[Cluster 0 (atribuido)][0m
2026-07-24 17:05:29 [INFO]      consumiu MAIS que o habitual às 07h
2026-07-24 17:05:29 [INFO]      [2mReal:[0m 30.0 kWh   [2mHabitual:[0m 16.0 ± 1.6 kWh   [2mz:[0m +8.75   [2mdesvio:[0m +88%   [2m(2 obs. dia_util)[0m
2026-07-24 17:05:29 [INFO] 
2026-07-24 17:05:29 [INFO]   🔴 [91m[1mPT0002000111572054VT[0m  [2m[Cluster 0 (atribuido)][0m
2026-07-24 17:05:29 [INFO]      consumiu MAIS que o habitual às 04h
2026-07-24 17:05:29 [INFO]      [2mReal:[0m 31.0 kWh   [2mHabitual:[0m 17.0 ± 1.7 kWh   [2mz:[0m +8.24   [2mdesvio:[0m +82%   [2m(2 obs. dia_util)[0m
2026-07-24 17:05:29 [INFO] 
2026-07-24 17:05:29 [INFO]   🔴 [91m[1mPT0002000068856906VS[0m  [2m[Cluster 0][0m
2026-07-24 17:05:29 [INFO]      consumiu MAIS que o habitual às 17h
2026-07-24 17:05:29 [INFO]      [2mReal:[0m 37.0 kWh   [2mHabitual:[0m 20.5 ± 2.0 kWh   [2mz:[0m +8.05   [2mdesvio:[0m +80%   [2m(2 obs. dia_util)[0m
2026-07-24 17:05:29 [INFO] 
2026-07-24 17:05:29 [INFO]   🔴 [91m[1mPT0002000068855003AK[0m  [2m[Cluster 0 (atribuido)][0m
2026-07-24 17:05:29 [INFO]      consumiu MAIS que o habitual às 21h
2026-07-24 17:05:29 [INFO]      [2mReal:[0m 15.0 kWh   [2mHabitual:[0m 8.3 ± 0.8 kWh   [2mz:[0m +8.00   [2mdesvio:[0m +80%   [2m(3 obs. dia_util)[0m
2026-07-24 17:05:29 [INFO] 
2026-07-24 17:05:29 [INFO]   🔵 [94m[1mPT0002000081344542CP[0m  [2m[Cluster 1][0m
2026-07-24 17:05:29 [INFO]      consumiu MENOS que o habitual às 10h
2026-07-24 17:05:29 [INFO]      [2mReal:[0m 4.0 kWh   [2mHabitual:[0m 18.0 ± 1.8 kWh   [2mz:[0m -7.78   [2mdesvio:[0m -78%   [2m(2 obs. dia_util)[0m
2026-07-24 17:05:29 [INFO] 
2026-07-24 17:05:29 [INFO]   🔴 [91m[1mPT0002000111572054VT[0m  [2m[Cluster 0 (atribuido)][0m
2026-07-24 17:05:29 [INFO]      consumiu MAIS que o habitual às 05h
2026-07-24 17:05:29 [INFO]      [2mReal:[0m 33.0 kWh   [2mHabitual:[0m 16.5 ± 2.1 kWh   [2mz:[0m +7.78   [2mdesvio:[0m +100%   [2m(2 obs. dia_util)[0m
2026-07-24 17:05:29 [INFO] 
2026-07-24 17:05:29 [INFO]   🔵 [94m[1mPT0002000201038711LS[0m  [2m[Cluster 1 (atribuido)][0m
2026-07-24 17:05:29 [INFO]      consumiu MENOS que o habitual às 13h
2026-07-24 17:05:29 [INFO]      [2mReal:[0m 0.0 kWh   [2mHabitual:[0m 16.5 ± 2.1 kWh   [2mz:[0m -7.78   [2mdesvio:[0m -100%   [2m(2 obs. dia_util)[0m
2026-07-24 17:05:29 [INFO] 
2026-07-24 17:05:29 [INFO]   🔴 [91m[1mPT0002000068856826ZG[0m  [2m[Cluster 0 (atribuido)][0m
2026-07-24 17:05:29 [INFO]      consumiu MAIS que o habitual às 22h
2026-07-24 17:05:29 [INFO]      [2mReal:[0m 384.0 kWh   [2mHabitual:[0m 204.0 ± 23.4 kWh   [2mz:[0m +7.68   [2mdesvio:[0m +88%   [2m(3 obs. dia_util)[0m
2026-07-24 17:05:29 [INFO] 
2026-07-24 17:05:29 [INFO]   🔴 [91m[1mPT0002000068856906VS[0m  [2m[Cluster 0][0m
2026-07-24 17:05:29 [INFO]      consumiu MAIS que o habitual às 18h
2026-07-24 17:05:29 [INFO]      [2mReal:[0m 34.0 kWh   [2mHabitual:[0m 19.5 ± 1.9 kWh   [2mz:[0m +7.44   [2mdesvio:[0m +74%   [2m(2 obs. dia_util)[0m
2026-07-24 17:05:29 [INFO] 
2026-07-24 17:05:29 [INFO]   🔴 [91m[1mPT0002000111572054VT[0m  [2m[Cluster 0 (atribuido)][0m
2026-07-24 17:05:29 [INFO]      consumiu MAIS que o habitual às 02h
2026-07-24 17:05:29 [INFO]      [2mReal:[0m 32.0 kWh   [2mHabitual:[0m 16.5 ± 2.1 kWh   [2mz:[0m +7.31   [2mdesvio:[0m +94%   [2m(2 obs. dia_util)[0m
2026-07-24 17:05:29 [INFO] 
2026-07-24 17:05:29 [INFO]   🔴 [91m[1mPT0002000111572054VT[0m  [2m[Cluster 0 (atribuido)][0m
2026-07-24 17:05:29 [INFO]      consumiu MAIS que o habitual às 03h
2026-07-24 17:05:29 [INFO]      [2mReal:[0m 31.0 kWh   [2mHabitual:[0m 15.5 ± 2.1 kWh   [2mz:[0m +7.31   [2mdesvio:[0m +100%   [2m(2 obs. dia_util)[0m
2026-07-24 17:05:29 [INFO] 
2026-07-24 17:05:29 [INFO]   🔴 [91m[1mPT0002000068859187RL[0m  [2m[Cluster 0][0m
2026-07-24 17:05:29 [INFO]      consumiu MAIS que o habitual às 16h
2026-07-24 17:05:29 [INFO]      [2mReal:[0m 75.0 kWh   [2mHabitual:[0m 43.5 ± 4.3 kWh   [2mz:[0m +7.24   [2mdesvio:[0m +72%   [2m(2 obs. dia_util)[0m
2026-07-24 17:05:29 [INFO] 
2026-07-24 17:05:29 [INFO]   🔴 [91m[1mPT0002000075637532JB[0m  [2m[Cluster 0][0m
2026-07-24 17:05:29 [INFO]      consumiu MAIS que o habitual às 16h
2026-07-24 17:05:29 [INFO]      [2mReal:[0m 21.0 kWh   [2mHabitual:[0m 11.0 ± 1.4 kWh   [2mz:[0m +7.07   [2mdesvio:[0m +91%   [2m(2 obs. dia_util)[0m
2026-07-24 17:05:29 [INFO] 
2026-07-24 17:05:29 [INFO]   🔵 [94m[1mPT0002000078233981HJ[0m  [2m[Cluster 1][0m
2026-07-24 17:05:29 [INFO]      consumiu MENOS que o habitual às 16h
2026-07-24 17:05:29 [INFO]      [2mReal:[0m 4.0 kWh   [2mHabitual:[0m 13.5 ± 1.4 kWh   [2mz:[0m -7.04   [2mdesvio:[0m -70%   [2m(2 obs. dia_util)[0m
2026-07-24 17:05:29 [INFO] 
2026-07-24 17:05:29 [INFO]   🔴 [91m[1mPT0002000111572054VT[0m  [2m[Cluster 0 (atribuido)][0m
2026-07-24 17:05:29 [INFO]      consumiu MAIS que o habitual às 00h
2026-07-24 17:05:29 [INFO]      [2mReal:[0m 32.0 kWh   [2mHabitual:[0m 17.5 ± 2.1 kWh   [2mz:[0m +6.84   [2mdesvio:[0m +83%   [2m(2 obs. dia_util)[0m
2026-07-24 17:05:29 [INFO] 
2026-07-24 17:05:29 [INFO]   🔴 [91m[1mPT0002000068856872QG[0m  [2m[Cluster 1][0m
2026-07-24 17:05:29 [INFO]      consumiu MAIS que o habitual às 18h
2026-07-24 17:05:29 [INFO]      [2mReal:[0m 2.0 kWh   [2mHabitual:[0m 0.0 ± 0.3 kWh   [2mz:[0m +6.67   [2mdesvio:[0m +200000%   [2m(2 obs. dia_util)[0m
2026-07-24 17:05:29 [INFO] 
2026-07-24 17:05:29 [INFO]   🔴 [91m[1mPT0002000102936404ME[0m  [2m[Cluster 1][0m
2026-07-24 17:05:29 [INFO]      consumiu MAIS que o habitual às 20h
2026-07-24 17:05:29 [INFO]      [2mReal:[0m 39.0 kWh   [2mHabitual:[0m 24.0 ± 2.4 kWh   [2mz:[0m +6.25   [2mdesvio:[0m +62%   [2m(2 obs. dia_util)[0m
2026-07-24 17:05:29 [INFO] 
2026-07-24 17:05:29 [INFO]   🔴 [91m[1mPT0002000068857897ZV[0m  [2m[Cluster 0][0m
2026-07-24 17:05:29 [INFO]      consumiu MAIS que o habitual às 19h
2026-07-24 17:05:29 [INFO]      [2mReal:[0m 42.0 kWh   [2mHabitual:[0m 26.0 ± 2.6 kWh   [2mz:[0m +6.15   [2mdesvio:[0m +62%   [2m(2 obs. dia_util)[0m
2026-07-24 17:05:29 [INFO] 
2026-07-24 17:05:29 [INFO]   🔴 [91m[1mPT0002000068855003AK[0m  [2m[Cluster 0 (atribuido)][0m
2026-07-24 17:05:29 [INFO]      consumiu MAIS que o habitual às 20h
2026-07-24 17:05:29 [INFO]      [2mReal:[0m 29.0 kWh   [2mHabitual:[0m 12.0 ± 2.8 kWh   [2mz:[0m +6.01   [2mdesvio:[0m +142%   [2m(2 obs. dia_util)[0m
2026-07-24 17:05:29 [INFO] 
2026-07-24 17:05:29 [INFO]   🔵 [94m[1mPT0002000078140706BA[0m  [2m[Cluster 1 (atribuido)][0m
2026-07-24 17:05:29 [INFO]      consumiu MENOS que o habitual às 14h
2026-07-24 17:05:29 [INFO]      [2mReal:[0m 5.0 kWh   [2mHabitual:[0m 12.5 ± 1.2 kWh   [2mz:[0m -6.00   [2mdesvio:[0m -60%   [2m(2 obs. dia_util)[0m
2026-07-24 17:05:29 [INFO] 
2026-07-24 17:05:29 [INFO]   🔵 [94m[1mPT0002000102936404ME[0m  [2m[Cluster 1][0m
2026-07-24 17:05:29 [INFO]      consumiu MENOS que o habitual às 01h
2026-07-24 17:05:29 [INFO]      [2mReal:[0m 14.0 kWh   [2mHabitual:[0m 35.0 ± 3.5 kWh   [2mz:[0m -6.00   [2mdesvio:[0m -60%   [2m(2 obs. dia_util)[0m
2026-07-24 17:05:29 [INFO] 
2026-07-24 17:05:29 [INFO]   🔴 [91m[1mPT0002000068856906VS[0m  [2m[Cluster 0][0m
2026-07-24 17:05:29 [INFO]      consumiu MAIS que o habitual às 14h
2026-07-24 17:05:29 [INFO]      [2mReal:[0m 68.0 kWh   [2mHabitual:[0m 43.0 ± 4.3 kWh   [2mz:[0m +5.81   [2mdesvio:[0m +58%   [2m(2 obs. dia_util)[0m
2026-07-24 17:05:29 [INFO] 
2026-07-24 17:05:29 [INFO]   🔴 [91m[1mPT0002000102936404ME[0m  [2m[Cluster 1][0m
2026-07-24 17:05:29 [INFO]      consumiu MAIS que o habitual às 07h
2026-07-24 17:05:29 [INFO]      [2mReal:[0m 29.0 kWh   [2mHabitual:[0m 18.5 ± 1.9 kWh   [2mz:[0m +5.68   [2mdesvio:[0m +57%   [2m(2 obs. dia_util)[0m
2026-07-24 17:05:29 [INFO] 
2026-07-24 17:05:29 [INFO]   🔵 [94m[1mPT0002000078140706BA[0m  [2m[Cluster 1 (atribuido)][0m
2026-07-24 17:05:29 [INFO]      consumiu MENOS que o habitual às 12h
2026-07-24 17:05:29 [INFO]      [2mReal:[0m 4.0 kWh   [2mHabitual:[0m 12.0 ± 1.4 kWh   [2mz:[0m -5.66   [2mdesvio:[0m -67%   [2m(2 obs. dia_util)[0m
2026-07-24 17:05:29 [INFO] 
2026-07-24 17:05:29 [INFO]   🔴 [91m[1mPT0002000068856906VS[0m  [2m[Cluster 0][0m
2026-07-24 17:05:29 [INFO]      consumiu MAIS que o habitual às 11h
2026-07-24 17:05:29 [INFO]      [2mReal:[0m 54.0 kWh   [2mHabitual:[0m 34.5 ± 3.5 kWh   [2mz:[0m +5.65   [2mdesvio:[0m +57%   [2m(2 obs. dia_util)[0m
2026-07-24 17:05:29 [INFO] 
2026-07-24 17:05:29 [INFO]   🔵 [94m[1mPT0002000102936404ME[0m  [2m[Cluster 1][0m
2026-07-24 17:05:29 [INFO]      consumiu MENOS que o habitual às 02h
2026-07-24 17:05:29 [INFO]      [2mReal:[0m 25.0 kWh   [2mHabitual:[0m 56.0 ± 5.6 kWh   [2mz:[0m -5.54   [2mdesvio:[0m -55%   [2m(2 obs. dia_util)[0m
2026-07-24 17:05:29 [INFO] 
2026-07-24 17:05:29 [INFO]   🔵 [94m[1mPT0002000119303492KB[0m  [2m[Cluster 0][0m
2026-07-24 17:05:29 [INFO]      consumiu MENOS que o habitual às 03h
2026-07-24 17:05:29 [INFO]      [2mReal:[0m 6.0 kWh   [2mHabitual:[0m 13.0 ± 1.3 kWh   [2mz:[0m -5.38   [2mdesvio:[0m -54%   [2m(2 obs. dia_util)[0m
2026-07-24 17:05:29 [INFO] 
2026-07-24 17:05:29 [INFO]   🔴 [91m[1mPT0002000073720434JD[0m  [2m[Cluster 1 (atribuido)][0m
2026-07-24 17:05:29 [INFO]      consumiu MAIS que o habitual às 21h
2026-07-24 17:05:29 [INFO]      [2mReal:[0m 41.0 kWh   [2mHabitual:[0m 26.7 ± 2.7 kWh   [2mz:[0m +5.37   [2mdesvio:[0m +54%   [2m(3 obs. dia_util)[0m
2026-07-24 17:05:29 [INFO] 
2026-07-24 17:05:29 [INFO]   🔵 [94m[1mPT0002000119303492KB[0m  [2m[Cluster 0][0m
2026-07-24 17:05:29 [INFO]      consumiu MENOS que o habitual às 02h
2026-07-24 17:05:29 [INFO]      [2mReal:[0m 6.0 kWh   [2mHabitual:[0m 12.5 ± 1.2 kWh   [2mz:[0m -5.20   [2mdesvio:[0m -52%   [2m(2 obs. dia_util)[0m
2026-07-24 17:05:29 [INFO] 
2026-07-24 17:05:29 [INFO]   🔵 [94m[1mPT0002000119303492KB[0m  [2m[Cluster 0][0m
2026-07-24 17:05:29 [INFO]      consumiu MENOS que o habitual às 04h
2026-07-24 17:05:29 [INFO]      [2mReal:[0m 6.0 kWh   [2mHabitual:[0m 12.5 ± 1.2 kWh   [2mz:[0m -5.20   [2mdesvio:[0m -52%   [2m(2 obs. dia_util)[0m
2026-07-24 17:05:29 [INFO] 
2026-07-24 17:05:29 [INFO]   🔵 [94m[1mPT0002000201038711LS[0m  [2m[Cluster 1 (atribuido)][0m
2026-07-24 17:05:29 [INFO]      consumiu MENOS que o habitual às 17h
2026-07-24 17:05:29 [INFO]      [2mReal:[0m 38.0 kWh   [2mHabitual:[0m 78.0 ± 7.8 kWh   [2mz:[0m -5.13   [2mdesvio:[0m -51%   [2m(2 obs. dia_util)[0m
2026-07-24 17:05:29 [INFO] 
2026-07-24 17:05:29 [INFO]   🔴 [91m[1mPT0002000078207354XC[0m  [2m[Cluster 1][0m
2026-07-24 17:05:29 [INFO]      consumiu MAIS que o habitual às 00h
2026-07-24 17:05:29 [INFO]      [2mReal:[0m 6.0 kWh   [2mHabitual:[0m 4.0 ± 0.4 kWh   [2mz:[0m +5.00   [2mdesvio:[0m +50%   [2m(2 obs. dia_util)[0m
2026-07-24 17:05:29 [INFO] 
2026-07-24 17:05:29 [INFO]   🔴 [91m[1mPT0002000078207354XC[0m  [2m[Cluster 1][0m
2026-07-24 17:05:29 [INFO]      consumiu MAIS que o habitual às 02h
2026-07-24 17:05:29 [INFO]      [2mReal:[0m 6.0 kWh   [2mHabitual:[0m 4.0 ± 0.4 kWh   [2mz:[0m +5.00   [2mdesvio:[0m +50%   [2m(2 obs. dia_util)[0m
2026-07-24 17:05:29 [INFO] 
2026-07-24 17:05:29 [INFO]   🔴 [91m[1mPT0002000078207354XC[0m  [2m[Cluster 1][0m
2026-07-24 17:05:29 [INFO]      consumiu MAIS que o habitual às 03h
2026-07-24 17:05:29 [INFO]      [2mReal:[0m 6.0 kWh   [2mHabitual:[0m 4.0 ± 0.4 kWh   [2mz:[0m +5.00   [2mdesvio:[0m +50%   [2m(2 obs. dia_util)[0m
2026-07-24 17:05:29 [INFO] 
2026-07-24 17:05:29 [INFO]   🔴 [91m[1mPT0002000109837807PE[0m  [2m[Cluster 1][0m
2026-07-24 17:05:29 [INFO]      consumiu MAIS que o habitual às 15h
2026-07-24 17:05:29 [INFO]      [2mReal:[0m 6.0 kWh   [2mHabitual:[0m 4.0 ± 0.4 kWh   [2mz:[0m +5.00   [2mdesvio:[0m +50%   [2m(2 obs. dia_util)[0m
2026-07-24 17:05:29 [INFO] 
2026-07-24 17:05:29 [INFO]   🔵 [94m[1mPT0002000119303492KB[0m  [2m[Cluster 0][0m
2026-07-24 17:05:29 [INFO]      consumiu MENOS que o habitual às 01h
2026-07-24 17:05:29 [INFO]      [2mReal:[0m 6.0 kWh   [2mHabitual:[0m 12.0 ± 1.2 kWh   [2mz:[0m -5.00   [2mdesvio:[0m -50%   [2m(2 obs. dia_util)[0m
2026-07-24 17:05:29 [INFO] 
2026-07-24 17:05:29 [INFO]   🔴 [91m[1mPT0002000106102375RC[0m  [2m[Cluster 0 (atribuido)][0m
2026-07-24 17:05:29 [INFO]      consumiu MAIS que o habitual às 15h
2026-07-24 17:05:29 [INFO]      [2mReal:[0m 106.0 kWh   [2mHabitual:[0m 71.0 ± 7.1 kWh   [2mz:[0m +4.93   [2mdesvio:[0m +49%   [2m(2 obs. dia_util)[0m
2026-07-24 17:05:29 [INFO] 
2026-07-24 17:05:29 [INFO]   🔴 [91m[1mPT0002000068857897ZV[0m  [2m[Cluster 0][0m
2026-07-24 17:05:29 [INFO]      consumiu MAIS que o habitual às 17h
2026-07-24 17:05:29 [INFO]      [2mReal:[0m 46.0 kWh   [2mHabitual:[0m 31.0 ± 3.1 kWh   [2mz:[0m +4.84   [2mdesvio:[0m +48%   [2m(2 obs. dia_util)[0m
2026-07-24 17:05:29 [INFO] 
2026-07-24 17:05:29 [INFO]   🔵 [94m[1mPT0002000073717386HC[0m  [2m[Cluster 1 (atribuido)][0m
2026-07-24 17:05:29 [INFO]      consumiu MENOS que o habitual às 12h
2026-07-24 17:05:29 [INFO]      [2mReal:[0m 6.0 kWh   [2mHabitual:[0m 11.5 ± 1.1 kWh   [2mz:[0m -4.78   [2mdesvio:[0m -48%   [2m(2 obs. dia_util)[0m
2026-07-24 17:05:29 [INFO] 
2026-07-24 17:05:29 [INFO]   🔴 [91m[1mPT0002000125379984SH[0m  [2m[Cluster 1][0m
2026-07-24 17:05:29 [INFO]      consumiu MAIS que o habitual às 20h
2026-07-24 17:05:29 [INFO]      [2mReal:[0m 17.0 kWh   [2mHabitual:[0m 11.5 ± 1.1 kWh   [2mz:[0m +4.78   [2mdesvio:[0m +48%   [2m(2 obs. dia_util)[0m
2026-07-24 17:05:29 [INFO] 
2026-07-24 17:05:29 [INFO]   🔵 [94m[1mPT0002000115700602GW[0m  [2m[Cluster 0][0m
2026-07-24 17:05:29 [INFO]      consumiu MENOS que o habitual às 15h
2026-07-24 17:05:29 [INFO]      [2mReal:[0m 17.0 kWh   [2mHabitual:[0m 32.0 ± 3.2 kWh   [2mz:[0m -4.69   [2mdesvio:[0m -47%   [2m(2 obs. dia_util)[0m
2026-07-24 17:05:29 [INFO] 
2026-07-24 17:05:29 [INFO]   🔴 [91m[1mPT0002000068856906VS[0m  [2m[Cluster 0][0m
2026-07-24 17:05:29 [INFO]      consumiu MAIS que o habitual às 10h
2026-07-24 17:05:29 [INFO]      [2mReal:[0m 49.0 kWh   [2mHabitual:[0m 32.5 ± 3.5 kWh   [2mz:[0m +4.67   [2mdesvio:[0m +51%   [2m(2 obs. dia_util)[0m
2026-07-24 17:05:29 [INFO] 
2026-07-24 17:05:29 [INFO]   🔵 [94m[1mPT0002000073573036KH[0m  [2m[Cluster 0 (atribuido)][0m
2026-07-24 17:05:29 [INFO]      consumiu MENOS que o habitual às 23h
2026-07-24 17:05:29 [INFO]      [2mReal:[0m 104.0 kWh   [2mHabitual:[0m 188.3 ± 18.8 kWh   [2mz:[0m -4.48   [2mdesvio:[0m -45%   [2m(3 obs. dia_util)[0m
2026-07-24 17:05:29 [INFO] 
2026-07-24 17:05:29 [INFO]   🔴 [91m[1mPT0002000107172384HT[0m  [2m[Cluster 1][0m
2026-07-24 17:05:29 [INFO]      consumiu MAIS que o habitual às 14h
2026-07-24 17:05:29 [INFO]      [2mReal:[0m 52.0 kWh   [2mHabitual:[0m 36.0 ± 3.6 kWh   [2mz:[0m +4.44   [2mdesvio:[0m +44%   [2m(2 obs. dia_util)[0m
2026-07-24 17:05:29 [INFO] 
2026-07-24 17:05:29 [INFO]   🔴 [91m[1mPT0002000068859325FL[0m  [2m[Cluster 1][0m
2026-07-24 17:05:29 [INFO]      consumiu MAIS que o habitual às 14h
2026-07-24 17:05:29 [INFO]      [2mReal:[0m 192.0 kWh   [2mHabitual:[0m 134.0 ± 13.4 kWh   [2mz:[0m +4.33   [2mdesvio:[0m +43%   [2m(2 obs. dia_util)[0m
2026-07-24 17:05:29 [INFO] 
2026-07-24 17:05:29 [INFO]   🔵 [94m[1mPT0002000077348081AG[0m  [2m[Cluster 0 (atribuido)][0m
2026-07-24 17:05:29 [INFO]      consumiu MENOS que o habitual às 11h
2026-07-24 17:05:29 [INFO]      [2mReal:[0m 150.0 kWh   [2mHabitual:[0m 262.0 ± 26.2 kWh   [2mz:[0m -4.27   [2mdesvio:[0m -43%   [2m(2 obs. dia_util)[0m
2026-07-24 17:05:29 [INFO] 
2026-07-24 17:05:29 [INFO]   🔵 [94m[1mPT0002000073573036KH[0m  [2m[Cluster 0 (atribuido)][0m
2026-07-24 17:05:29 [INFO]      consumiu MENOS que o habitual às 22h
2026-07-24 17:05:29 [INFO]      [2mReal:[0m 110.0 kWh   [2mHabitual:[0m 191.7 ± 19.2 kWh   [2mz:[0m -4.26   [2mdesvio:[0m -43%   [2m(3 obs. dia_util)[0m
2026-07-24 17:05:29 [INFO] 
2026-07-24 17:05:29 [INFO]   🔴 [91m[1mPT0002000068858674WN[0m  [2m[Cluster 1 (atribuido)][0m
2026-07-24 17:05:29 [INFO]      consumiu MAIS que o habitual às 04h
2026-07-24 17:05:29 [INFO]      [2mReal:[0m 40.0 kWh   [2mHabitual:[0m 16.0 ± 5.7 kWh   [2mz:[0m +4.24   [2mdesvio:[0m +150%   [2m(2 obs. dia_util)[0m
2026-07-24 17:05:29 [INFO] 
2026-07-24 17:05:29 [INFO]   🔴 [91m[1mPT0002000068859187RL[0m  [2m[Cluster 0][0m
2026-07-24 17:05:29 [INFO]      consumiu MAIS que o habitual às 12h
2026-07-24 17:05:29 [INFO]      [2mReal:[0m 89.0 kWh   [2mHabitual:[0m 62.5 ± 6.2 kWh   [2mz:[0m +4.24   [2mdesvio:[0m +42%   [2m(2 obs. dia_util)[0m
2026-07-24 17:05:29 [INFO] 
2026-07-24 17:05:29 [INFO]   🔴 [91m[1mPT0002000078207354XC[0m  [2m[Cluster 1][0m
2026-07-24 17:05:29 [INFO]      consumiu MAIS que o habitual às 18h
2026-07-24 17:05:29 [INFO]      [2mReal:[0m 20.0 kWh   [2mHabitual:[0m 8.0 ± 2.8 kWh   [2mz:[0m +4.24   [2mdesvio:[0m +150%   [2m(2 obs. dia_util)[0m
2026-07-24 17:05:29 [INFO] 
2026-07-24 17:05:29 [INFO]   🔴 [91m[1mPT0002000068855003AK[0m  [2m[Cluster 0 (atribuido)][0m
2026-07-24 17:05:29 [INFO]      consumiu MAIS que o habitual às 19h
2026-07-24 17:05:29 [INFO]      [2mReal:[0m 58.0 kWh   [2mHabitual:[0m 31.5 ± 6.4 kWh   [2mz:[0m +4.16   [2mdesvio:[0m +84%   [2m(2 obs. dia_util)[0m
2026-07-24 17:05:29 [INFO] 
2026-07-24 17:05:29 [INFO]   🔴 [91m[1mPT0002000201038711LS[0m  [2m[Cluster 1 (atribuido)][0m
2026-07-24 17:05:29 [INFO]      consumiu MAIS que o habitual às 10h
2026-07-24 17:05:29 [INFO]      [2mReal:[0m 36.0 kWh   [2mHabitual:[0m 9.5 ± 6.4 kWh   [2mz:[0m +4.16   [2mdesvio:[0m +279%   [2m(2 obs. dia_util)[0m
2026-07-24 17:05:29 [INFO] 
2026-07-24 17:05:29 [INFO]   🔴 [91m[1mPT0002000068859187RL[0m  [2m[Cluster 0][0m
2026-07-24 17:05:29 [INFO]      consumiu MAIS que o habitual às 17h
2026-07-24 17:05:29 [INFO]      [2mReal:[0m 57.0 kWh   [2mHabitual:[0m 40.5 ± 4.0 kWh   [2mz:[0m +4.07   [2mdesvio:[0m +41%   [2m(2 obs. dia_util)[0m
2026-07-24 17:05:29 [INFO] 
2026-07-24 17:05:29 [INFO]   🔴 [91m[1mPT0002000068858674WN[0m  [2m[Cluster 1 (atribuido)][0m
2026-07-24 17:05:29 [INFO]      consumiu MAIS que o habitual às 08h
2026-07-24 17:05:29 [INFO]      [2mReal:[0m 52.0 kWh   [2mHabitual:[0m 18.0 ± 8.5 kWh   [2mz:[0m +4.01   [2mdesvio:[0m +189%   [2m(2 obs. dia_util)[0m
2026-07-24 17:05:29 [INFO] 
2026-07-24 17:05:29 [INFO]   🔴 [91m[1mPT0002000068857897ZV[0m  [2m[Cluster 0][0m
2026-07-24 17:05:29 [INFO]      consumiu MAIS que o habitual às 23h
2026-07-24 17:05:29 [INFO]      [2mReal:[0m 35.0 kWh   [2mHabitual:[0m 25.0 ± 2.5 kWh   [2mz:[0m +4.00   [2mdesvio:[0m +40%   [2m(3 obs. dia_util)[0m
2026-07-24 17:05:29 [INFO] 
2026-07-24 17:05:29 [INFO]   🔴 [91m[1mPT0002000112989585PH[0m  [2m[Cluster 0][0m
2026-07-24 17:05:29 [INFO]      consumiu MAIS que o habitual às 12h
2026-07-24 17:05:29 [INFO]      [2mReal:[0m 44.0 kWh   [2mHabitual:[0m 31.5 ± 3.1 kWh   [2mz:[0m +3.97   [2mdesvio:[0m +40%   [2m(2 obs. dia_util)[0m
2026-07-24 17:05:29 [INFO] 
2026-07-24 17:05:29 [INFO]   🔴 [91m[1mPT0002000068857897ZV[0m  [2m[Cluster 0][0m
2026-07-24 17:05:29 [INFO]      consumiu MAIS que o habitual às 18h
2026-07-24 17:05:29 [INFO]      [2mReal:[0m 39.0 kWh   [2mHabitual:[0m 28.0 ± 2.8 kWh   [2mz:[0m +3.93   [2mdesvio:[0m +39%   [2m(2 obs. dia_util)[0m
2026-07-24 17:05:29 [INFO] 
2026-07-24 17:05:29 [INFO]   🔵 [94m[1mPT0002000110607652SB[0m  [2m[Cluster 0][0m
2026-07-24 17:05:29 [INFO]      consumiu MENOS que o habitual às 12h
2026-07-24 17:05:29 [INFO]      [2mReal:[0m 44.0 kWh   [2mHabitual:[0m 72.0 ± 7.2 kWh   [2mz:[0m -3.89   [2mdesvio:[0m -39%   [2m(2 obs. dia_util)[0m
2026-07-24 17:05:29 [INFO] 
2026-07-24 17:05:29 [INFO]   🔴 [91m[1mPT0002000068859325FL[0m  [2m[Cluster 1][0m
2026-07-24 17:05:29 [INFO]      consumiu MAIS que o habitual às 13h
2026-07-24 17:05:29 [INFO]      [2mReal:[0m 136.0 kWh   [2mHabitual:[0m 98.0 ± 9.8 kWh   [2mz:[0m +3.88   [2mdesvio:[0m +39%   [2m(2 obs. dia_util)[0m
2026-07-24 17:05:29 [INFO] 
2026-07-24 17:05:29 [INFO]   🔵 [94m[1mPT0002000068856974CZ[0m  [2m[Cluster 0 (atribuido)][0m
2026-07-24 17:05:29 [INFO]      consumiu MENOS que o habitual às 14h
2026-07-24 17:05:29 [INFO]      [2mReal:[0m 46.0 kWh   [2mHabitual:[0m 73.0 ± 7.3 kWh   [2mz:[0m -3.70   [2mdesvio:[0m -37%   [2m(2 obs. dia_util)[0m
2026-07-24 17:05:29 [INFO] 
2026-07-24 17:05:29 [INFO]   🔴 [91m[1mPT0002000068856906VS[0m  [2m[Cluster 0][0m
2026-07-24 17:05:29 [INFO]      consumiu MAIS que o habitual às 19h
2026-07-24 17:05:29 [INFO]      [2mReal:[0m 28.0 kWh   [2mHabitual:[0m 20.5 ± 2.0 kWh   [2mz:[0m +3.66   [2mdesvio:[0m +37%   [2m(2 obs. dia_util)[0m
2026-07-24 17:05:29 [INFO] 
2026-07-24 17:05:29 [INFO]   🔵 [94m[1mPT0002000068856974CZ[0m  [2m[Cluster 0 (atribuido)][0m
2026-07-24 17:05:29 [INFO]      consumiu MENOS que o habitual às 18h
2026-07-24 17:05:29 [INFO]      [2mReal:[0m 22.0 kWh   [2mHabitual:[0m 34.5 ± 3.5 kWh   [2mz:[0m -3.62   [2mdesvio:[0m -36%   [2m(2 obs. dia_util)[0m
2026-07-24 17:05:29 [INFO] 
2026-07-24 17:05:29 [INFO]   🔴 [91m[1mPT0002000068859325FL[0m  [2m[Cluster 1][0m
2026-07-24 17:05:29 [INFO]      consumiu MAIS que o habitual às 22h
2026-07-24 17:05:29 [INFO]      [2mReal:[0m 76.0 kWh   [2mHabitual:[0m 56.0 ± 5.6 kWh   [2mz:[0m +3.57   [2mdesvio:[0m +36%   [2m(3 obs. dia_util)[0m
2026-07-24 17:05:29 [INFO] 
2026-07-24 17:05:29 [INFO]   🔴 [91m[1mPT0002000068856872QG[0m  [2m[Cluster 1][0m
2026-07-24 17:05:29 [INFO]      consumiu MAIS que o habitual às 05h
2026-07-24 17:05:29 [INFO]      [2mReal:[0m 3.0 kWh   [2mHabitual:[0m 0.5 ± 0.7 kWh   [2mz:[0m +3.54   [2mdesvio:[0m +500%   [2m(2 obs. dia_util)[0m
2026-07-24 17:05:29 [INFO] 
2026-07-24 17:05:29 [INFO]   🔴 [91m[1mPT0002000068856906VS[0m  [2m[Cluster 0][0m
2026-07-24 17:05:29 [INFO]      consumiu MAIS que o habitual às 09h
2026-07-24 17:05:29 [INFO]      [2mReal:[0m 53.0 kWh   [2mHabitual:[0m 30.5 ± 6.4 kWh   [2mz:[0m +3.54   [2mdesvio:[0m +74%   [2m(2 obs. dia_util)[0m
2026-07-24 17:05:29 [INFO] 
2026-07-24 17:05:29 [INFO]   🔵 [94m[1mPT0002000111572054VT[0m  [2m[Cluster 0 (atribuido)][0m
2026-07-24 17:05:29 [INFO]      consumiu MENOS que o habitual às 10h
2026-07-24 17:05:29 [INFO]      [2mReal:[0m 1.0 kWh   [2mHabitual:[0m 6.0 ± 1.4 kWh   [2mz:[0m -3.54   [2mdesvio:[0m -83%   [2m(2 obs. dia_util)[0m
2026-07-24 17:05:29 [INFO] 
2026-07-24 17:05:29 [INFO]   🔵 [94m[1mPT0002000111572054VT[0m  [2m[Cluster 0 (atribuido)][0m
2026-07-24 17:05:29 [INFO]      consumiu MENOS que o habitual às 18h
2026-07-24 17:05:29 [INFO]      [2mReal:[0m 2.0 kWh   [2mHabitual:[0m 34.5 ± 9.2 kWh   [2mz:[0m -3.54   [2mdesvio:[0m -94%   [2m(2 obs. dia_util)[0m
2026-07-24 17:05:29 [INFO] 
2026-07-24 17:05:29 [INFO]   🔵 [94m[1mPT0002000068856974CZ[0m  [2m[Cluster 0 (atribuido)][0m
2026-07-24 17:05:29 [INFO]      consumiu MENOS que o habitual às 11h
2026-07-24 17:05:29 [INFO]      [2mReal:[0m 37.0 kWh   [2mHabitual:[0m 56.5 ± 5.7 kWh   [2mz:[0m -3.45   [2mdesvio:[0m -35%   [2m(2 obs. dia_util)[0m
2026-07-24 17:05:29 [INFO] 
2026-07-24 17:05:29 [INFO]   🔴 [91m[1mPT0002000073481266XH[0m  [2m[Cluster 0][0m
2026-07-24 17:05:29 [INFO]      consumiu MAIS que o habitual às 09h
2026-07-24 17:05:29 [INFO]      [2mReal:[0m 41.0 kWh   [2mHabitual:[0m 30.5 ± 3.0 kWh   [2mz:[0m +3.44   [2mdesvio:[0m +34%   [2m(2 obs. dia_util)[0m
2026-07-24 17:05:29 [INFO] 
2026-07-24 17:05:29 [INFO]   🔵 [94m[1mPT0002000115700602GW[0m  [2m[Cluster 0][0m
2026-07-24 17:05:29 [INFO]      consumiu MENOS que o habitual às 16h
2026-07-24 17:05:29 [INFO]      [2mReal:[0m 20.0 kWh   [2mHabitual:[0m 30.5 ± 3.0 kWh   [2mz:[0m -3.44   [2mdesvio:[0m -34%   [2m(2 obs. dia_util)[0m
2026-07-24 17:05:29 [INFO] 
2026-07-24 17:05:29 [INFO]   🔵 [94m[1mPT0002000068856826ZG[0m  [2m[Cluster 0 (atribuido)][0m
2026-07-24 17:05:29 [INFO]      consumiu MENOS que o habitual às 08h
2026-07-24 17:05:29 [INFO]      [2mReal:[0m 288.0 kWh   [2mHabitual:[0m 438.5 ± 43.9 kWh   [2mz:[0m -3.43   [2mdesvio:[0m -34%   [2m(2 obs. dia_util)[0m
2026-07-24 17:05:29 [INFO] 
2026-07-24 17:05:29 [INFO]   🔴 [91m[1mPT0002000068856655YV[0m  [2m[Cluster 0][0m
2026-07-24 17:05:29 [INFO]      consumiu MAIS que o habitual às 02h
2026-07-24 17:05:29 [INFO]      [2mReal:[0m 3.0 kWh   [2mHabitual:[0m 2.0 ± 0.3 kWh   [2mz:[0m +3.33   [2mdesvio:[0m +50%   [2m(2 obs. dia_util)[0m
2026-07-24 17:05:29 [INFO] 
2026-07-24 17:05:29 [INFO]   🔴 [91m[1mPT0002000068856872QG[0m  [2m[Cluster 1][0m
2026-07-24 17:05:29 [INFO]      consumiu MAIS que o habitual às 17h
2026-07-24 17:05:29 [INFO]      [2mReal:[0m 1.0 kWh   [2mHabitual:[0m 0.0 ± 0.3 kWh   [2mz:[0m +3.33   [2mdesvio:[0m +100000%   [2m(2 obs. dia_util)[0m
2026-07-24 17:05:29 [INFO] 
2026-07-24 17:05:29 [INFO]   🔵 [94m[1mPT0002000068856952LS[0m  [2m[Cluster 2][0m
2026-07-24 17:05:29 [INFO]      consumiu MENOS que o habitual às 02h
2026-07-24 17:05:29 [INFO]      [2mReal:[0m 0.0 kWh   [2mHabitual:[0m 1.0 ± 0.3 kWh   [2mz:[0m -3.33   [2mdesvio:[0m -100%   [2m(2 obs. dia_util)[0m
2026-07-24 17:05:29 [INFO] 
2026-07-24 17:05:29 [INFO]   🔴 [91m[1mPT0002000068856952LS[0m  [2m[Cluster 2][0m
2026-07-24 17:05:29 [INFO]      consumiu MAIS que o habitual às 04h
2026-07-24 17:05:29 [INFO]      [2mReal:[0m 1.0 kWh   [2mHabitual:[0m 0.0 ± 0.3 kWh   [2mz:[0m +3.33   [2mdesvio:[0m +100000%   [2m(2 obs. dia_util)[0m
2026-07-24 17:05:29 [INFO] 
2026-07-24 17:05:29 [INFO]   🔴 [91m[1mPT0002000068856952LS[0m  [2m[Cluster 2][0m
2026-07-24 17:05:29 [INFO]      consumiu MAIS que o habitual às 22h
2026-07-24 17:05:29 [INFO]      [2mReal:[0m 1.0 kWh   [2mHabitual:[0m 0.0 ± 0.3 kWh   [2mz:[0m +3.33   [2mdesvio:[0m +100000%   [2m(3 obs. dia_util)[0m
2026-07-24 17:05:29 [INFO] 
2026-07-24 17:05:29 [INFO]   🔴 [91m[1mPT0002000068857099AR[0m  [2m[Cluster 1][0m
2026-07-24 17:05:29 [INFO]      consumiu MAIS que o habitual às 02h
2026-07-24 17:05:29 [INFO]      [2mReal:[0m 4.0 kWh   [2mHabitual:[0m 3.0 ± 0.3 kWh   [2mz:[0m +3.33   [2mdesvio:[0m +33%   [2m(2 obs. dia_util)[0m
2026-07-24 17:05:29 [INFO] 
2026-07-24 17:05:29 [INFO]   🔴 [91m[1mPT0002000068857099AR[0m  [2m[Cluster 1][0m
2026-07-24 17:05:29 [INFO]      consumiu MAIS que o habitual às 05h
2026-07-24 17:05:29 [INFO]      [2mReal:[0m 4.0 kWh   [2mHabitual:[0m 3.0 ± 0.3 kWh   [2mz:[0m +3.33   [2mdesvio:[0m +33%   [2m(2 obs. dia_util)[0m
2026-07-24 17:05:29 [INFO] 
2026-07-24 17:05:29 [INFO]   🔴 [91m[1mPT0002000068857099AR[0m  [2m[Cluster 1][0m
2026-07-24 17:05:29 [INFO]      consumiu MAIS que o habitual às 07h
2026-07-24 17:05:29 [INFO]      [2mReal:[0m 4.0 kWh   [2mHabitual:[0m 3.0 ± 0.3 kWh   [2mz:[0m +3.33   [2mdesvio:[0m +33%   [2m(2 obs. dia_util)[0m
2026-07-24 17:05:29 [INFO] 
2026-07-24 17:05:29 [INFO]   🔵 [94m[1mPT0002000073717386HC[0m  [2m[Cluster 1 (atribuido)][0m
2026-07-24 17:05:29 [INFO]      consumiu MENOS que o habitual às 01h
2026-07-24 17:05:29 [INFO]      [2mReal:[0m 0.0 kWh   [2mHabitual:[0m 1.0 ± 0.3 kWh   [2mz:[0m -3.33   [2mdesvio:[0m -100%   [2m(2 obs. dia_util)[0m
2026-07-24 17:05:29 [INFO] 
2026-07-24 17:05:29 [INFO]   🔵 [94m[1mPT0002000073717386HC[0m  [2m[Cluster 1 (atribuido)][0m
2026-07-24 17:05:29 [INFO]      consumiu MENOS que o habitual às 03h
2026-07-24 17:05:29 [INFO]      [2mReal:[0m 0.0 kWh   [2mHabitual:[0m 1.0 ± 0.3 kWh   [2mz:[0m -3.33   [2mdesvio:[0m -100%   [2m(2 obs. dia_util)[0m
2026-07-24 17:05:29 [INFO] 
2026-07-24 17:05:29 [INFO]   🔴 [91m[1mPT0002000077647404EM[0m  [2m[Cluster 1][0m
2026-07-24 17:05:29 [INFO]      consumiu MAIS que o habitual às 12h
2026-07-24 17:05:29 [INFO]      [2mReal:[0m 2.0 kWh   [2mHabitual:[0m 1.0 ± 0.3 kWh   [2mz:[0m +3.33   [2mdesvio:[0m +100%   [2m(2 obs. dia_util)[0m
2026-07-24 17:05:29 [INFO] 
2026-07-24 17:05:29 [INFO]   🔵 [94m[1mPT0002000081344542CP[0m  [2m[Cluster 1][0m
2026-07-24 17:05:29 [INFO]      consumiu MENOS que o habitual às 06h
2026-07-24 17:05:29 [INFO]      [2mReal:[0m 1.0 kWh   [2mHabitual:[0m 2.0 ± 0.3 kWh   [2mz:[0m -3.33   [2mdesvio:[0m -50%   [2m(2 obs. dia_util)[0m
2026-07-24 17:05:29 [INFO] 
2026-07-24 17:05:29 [INFO]   🔴 [91m[1mPT0002000103647515BL[0m  [2m[Cluster 1 (atribuido)][0m
2026-07-24 17:05:29 [INFO]      consumiu MAIS que o habitual às 23h
2026-07-24 17:05:29 [INFO]      [2mReal:[0m 3.0 kWh   [2mHabitual:[0m 2.0 ± 0.3 kWh   [2mz:[0m +3.33   [2mdesvio:[0m +50%   [2m(3 obs. dia_util)[0m
2026-07-24 17:05:29 [INFO] 
2026-07-24 17:05:29 [INFO]   🔵 [94m[1mPT0002000105483259QH[0m  [2m[Cluster 1][0m
2026-07-24 17:05:29 [INFO]      consumiu MENOS que o habitual às 00h
2026-07-24 17:05:29 [INFO]      [2mReal:[0m 1.0 kWh   [2mHabitual:[0m 2.0 ± 0.3 kWh   [2mz:[0m -3.33   [2mdesvio:[0m -50%   [2m(2 obs. dia_util)[0m
2026-07-24 17:05:29 [INFO] 
2026-07-24 17:05:29 [INFO]   🔴 [91m[1mPT0002000105483259QH[0m  [2m[Cluster 1][0m
2026-07-24 17:05:29 [INFO]      consumiu MAIS que o habitual às 03h
2026-07-24 17:05:29 [INFO]      [2mReal:[0m 1.0 kWh   [2mHabitual:[0m 0.0 ± 0.3 kWh   [2mz:[0m +3.33   [2mdesvio:[0m +100000%   [2m(2 obs. dia_util)[0m
2026-07-24 17:05:29 [INFO] 
2026-07-24 17:05:29 [INFO]   🔵 [94m[1mPT0002000105483259QH[0m  [2m[Cluster 1][0m
2026-07-24 17:05:29 [INFO]      consumiu MENOS que o habitual às 04h
2026-07-24 17:05:29 [INFO]      [2mReal:[0m 0.0 kWh   [2mHabitual:[0m 1.0 ± 0.3 kWh   [2mz:[0m -3.33   [2mdesvio:[0m -100%   [2m(2 obs. dia_util)[0m
2026-07-24 17:05:29 [INFO] 
2026-07-24 17:05:29 [INFO]   🔵 [94m[1mPT0002000105483259QH[0m  [2m[Cluster 1][0m
2026-07-24 17:05:29 [INFO]      consumiu MENOS que o habitual às 09h
2026-07-24 17:05:29 [INFO]      [2mReal:[0m 0.0 kWh   [2mHabitual:[0m 1.0 ± 0.3 kWh   [2mz:[0m -3.33   [2mdesvio:[0m -100%   [2m(2 obs. dia_util)[0m
2026-07-24 17:05:29 [INFO] 
2026-07-24 17:05:29 [INFO]   🔵 [94m[1mPT0002000105483259QH[0m  [2m[Cluster 1][0m
2026-07-24 17:05:29 [INFO]      consumiu MENOS que o habitual às 12h
2026-07-24 17:05:29 [INFO]      [2mReal:[0m 0.0 kWh   [2mHabitual:[0m 1.0 ± 0.3 kWh   [2mz:[0m -3.33   [2mdesvio:[0m -100%   [2m(2 obs. dia_util)[0m
2026-07-24 17:05:29 [INFO] 
2026-07-24 17:05:29 [INFO]   🔴 [91m[1mPT0002000105483259QH[0m  [2m[Cluster 1][0m
2026-07-24 17:05:29 [INFO]      consumiu MAIS que o habitual às 13h
2026-07-24 17:05:29 [INFO]      [2mReal:[0m 1.0 kWh   [2mHabitual:[0m 0.0 ± 0.3 kWh   [2mz:[0m +3.33   [2mdesvio:[0m +100000%   [2m(2 obs. dia_util)[0m
2026-07-24 17:05:29 [INFO] 
2026-07-24 17:05:29 [INFO]   🔵 [94m[1mPT0002000105483259QH[0m  [2m[Cluster 1][0m
2026-07-24 17:05:29 [INFO]      consumiu MENOS que o habitual às 14h
2026-07-24 17:05:29 [INFO]      [2mReal:[0m 0.0 kWh   [2mHabitual:[0m 1.0 ± 0.3 kWh   [2mz:[0m -3.33   [2mdesvio:[0m -100%   [2m(2 obs. dia_util)[0m
2026-07-24 17:05:29 [INFO] 
2026-07-24 17:05:29 [INFO]   🔵 [94m[1mPT0002000105483259QH[0m  [2m[Cluster 1][0m
2026-07-24 17:05:29 [INFO]      consumiu MENOS que o habitual às 17h
2026-07-24 17:05:29 [INFO]      [2mReal:[0m 0.0 kWh   [2mHabitual:[0m 1.0 ± 0.3 kWh   [2mz:[0m -3.33   [2mdesvio:[0m -100%   [2m(2 obs. dia_util)[0m
2026-07-24 17:05:29 [INFO] 
2026-07-24 17:05:29 [INFO]   🔴 [91m[1mPT0002000105483259QH[0m  [2m[Cluster 1][0m
2026-07-24 17:05:29 [INFO]      consumiu MAIS que o habitual às 18h
2026-07-24 17:05:29 [INFO]      [2mReal:[0m 1.0 kWh   [2mHabitual:[0m 0.0 ± 0.3 kWh   [2mz:[0m +3.33   [2mdesvio:[0m +100000%   [2m(2 obs. dia_util)[0m
2026-07-24 17:05:29 [INFO] 
2026-07-24 17:05:29 [INFO]   🔵 [94m[1mPT0002000105483259QH[0m  [2m[Cluster 1][0m
2026-07-24 17:05:29 [INFO]      consumiu MENOS que o habitual às 22h
2026-07-24 17:05:29 [INFO]      [2mReal:[0m 1.0 kWh   [2mHabitual:[0m 2.0 ± 0.3 kWh   [2mz:[0m -3.33   [2mdesvio:[0m -50%   [2m(3 obs. dia_util)[0m
2026-07-24 17:05:29 [INFO] 
2026-07-24 17:05:29 [INFO]   🔴 [91m[1mPT0002000109837807PE[0m  [2m[Cluster 1][0m
2026-07-24 17:05:29 [INFO]      consumiu MAIS que o habitual às 07h
2026-07-24 17:05:29 [INFO]      [2mReal:[0m 4.0 kWh   [2mHabitual:[0m 3.0 ± 0.3 kWh   [2mz:[0m +3.33   [2mdesvio:[0m +33%   [2m(2 obs. dia_util)[0m
2026-07-24 17:05:29 [INFO] 
2026-07-24 17:05:29 [INFO]   🔵 [94m[1mPT0002000111572054VT[0m  [2m[Cluster 0 (atribuido)][0m
2026-07-24 17:05:29 [INFO]      consumiu MENOS que o habitual às 12h
2026-07-24 17:05:29 [INFO]      [2mReal:[0m 0.0 kWh   [2mHabitual:[0m 1.0 ± 0.3 kWh   [2mz:[0m -3.33   [2mdesvio:[0m -100%   [2m(2 obs. dia_util)[0m
2026-07-24 17:05:29 [INFO] 
2026-07-24 17:05:29 [INFO]   🔴 [91m[1mPT0002000115031201VQ[0m  [2m[Cluster 0][0m
2026-07-24 17:05:29 [INFO]      consumiu MAIS que o habitual às 00h
2026-07-24 17:05:29 [INFO]      [2mReal:[0m 8.0 kWh   [2mHabitual:[0m 6.0 ± 0.6 kWh   [2mz:[0m +3.33   [2mdesvio:[0m +33%   [2m(2 obs. dia_util)[0m
2026-07-24 17:05:29 [INFO] 
2026-07-24 17:05:29 [INFO]   🔵 [94m[1mPT0002000119303492KB[0m  [2m[Cluster 0][0m
2026-07-24 17:05:29 [INFO]      consumiu MENOS que o habitual às 13h
2026-07-24 17:05:29 [INFO]      [2mReal:[0m 27.0 kWh   [2mHabitual:[0m 40.0 ± 4.0 kWh   [2mz:[0m -3.25   [2mdesvio:[0m -32%   [2m(2 obs. dia_util)[0m
2026-07-24 17:05:29 [INFO] 
2026-07-24 17:05:29 [INFO]   🔴 [91m[1mPT0002000079469719HF[0m  [2m[Cluster 1 (atribuido)][0m
2026-07-24 17:05:29 [INFO]      consumiu MAIS que o habitual às 16h
2026-07-24 17:05:29 [INFO]      [2mReal:[0m 154.0 kWh   [2mHabitual:[0m 81.0 ± 22.6 kWh   [2mz:[0m +3.23   [2mdesvio:[0m +90%   [2m(2 obs. dia_util)[0m
2026-07-24 17:05:29 [INFO] 
2026-07-24 17:05:29 [INFO]   🔵 [94m[1mPT0002000115700602GW[0m  [2m[Cluster 0][0m
2026-07-24 17:05:29 [INFO]      consumiu MENOS que o habitual às 14h
2026-07-24 17:05:29 [INFO]      [2mReal:[0m 22.0 kWh   [2mHabitual:[0m 32.5 ± 3.2 kWh   [2mz:[0m -3.23   [2mdesvio:[0m -32%   [2m(2 obs. dia_util)[0m
2026-07-24 17:05:29 [INFO] 
2026-07-24 17:05:29 [INFO]   🔴 [91m[1mPT0002000068856906VS[0m  [2m[Cluster 0][0m
2026-07-24 17:05:29 [INFO]      consumiu MAIS que o habitual às 20h
2026-07-24 17:05:29 [INFO]      [2mReal:[0m 29.0 kWh   [2mHabitual:[0m 22.0 ± 2.2 kWh   [2mz:[0m +3.18   [2mdesvio:[0m +32%   [2m(2 obs. dia_util)[0m
2026-07-24 17:05:29 [INFO] 
2026-07-24 17:05:29 [INFO]   🔵 [94m[1mPT0002000107172384HT[0m  [2m[Cluster 1][0m
2026-07-24 17:05:29 [INFO]      consumiu MENOS que o habitual às 20h
2026-07-24 17:05:29 [INFO]      [2mReal:[0m 30.0 kWh   [2mHabitual:[0m 44.0 ± 4.4 kWh   [2mz:[0m -3.18   [2mdesvio:[0m -32%   [2m(2 obs. dia_util)[0m
2026-07-24 17:05:29 [INFO] 
2026-07-24 17:05:29 [INFO]   🔴 [91m[1mPT0002000068856826ZG[0m  [2m[Cluster 0 (atribuido)][0m
2026-07-24 17:05:29 [INFO]      consumiu MAIS que o habitual às 21h
2026-07-24 17:05:29 [INFO]      [2mReal:[0m 440.0 kWh   [2mHabitual:[0m 216.7 ± 72.2 kWh   [2mz:[0m +3.10   [2mdesvio:[0m +103%   [2m(3 obs. dia_util)[0m
2026-07-24 17:05:29 [INFO] 
2026-07-24 17:05:29 [INFO]   🔴 [91m[1mPT0002000071896778MT[0m  [2m[Cluster 0][0m
2026-07-24 17:05:29 [INFO]      consumiu MAIS que o habitual às 11h
2026-07-24 17:05:29 [INFO]      [2mReal:[0m 27.0 kWh   [2mHabitual:[0m 20.5 ± 2.1 kWh   [2mz:[0m +3.06   [2mdesvio:[0m +32%   [2m(2 obs. dia_util)[0m
2026-07-24 17:05:29 [INFO] 
2026-07-24 17:05:29 [INFO]   🔵 [94m[1mPT0002000107046231FW[0m  [2m[Cluster 0][0m
2026-07-24 17:05:29 [INFO]      consumiu MENOS que o habitual às 14h
2026-07-24 17:05:29 [INFO]      [2mReal:[0m 20.0 kWh   [2mHabitual:[0m 33.0 ± 4.2 kWh   [2mz:[0m -3.06   [2mdesvio:[0m -39%   [2m(2 obs. dia_util)[0m
2026-07-24 17:05:29 [INFO] 
2026-07-24 17:05:29 [INFO]   🔴 [91m[1mPT0002000068856906VS[0m  [2m[Cluster 0][0m
2026-07-24 17:05:29 [INFO]      consumiu MAIS que o habitual às 23h
2026-07-24 17:05:29 [INFO]      [2mReal:[0m 40.0 kWh   [2mHabitual:[0m 30.7 ± 3.1 kWh   [2mz:[0m +3.04   [2mdesvio:[0m +30%   [2m(3 obs. dia_util)[0m
2026-07-24 17:05:29 [INFO] 
2026-07-24 17:05:29 [INFO]   🔴 [91m[1mPT0002000073481266XH[0m  [2m[Cluster 0][0m
2026-07-24 17:05:29 [INFO]      consumiu MAIS que o habitual às 23h
2026-07-24 17:05:29 [INFO]      [2mReal:[0m 10.0 kWh   [2mHabitual:[0m 7.7 ± 0.8 kWh   [2mz:[0m +3.04   [2mdesvio:[0m +30%   [2m(3 obs. dia_util)[0m
2026-07-24 17:05:29 [INFO] 
2026-07-24 17:05:29 [INFO]   🔴 [91m[1mPT0002000123648159KR[0m  [2m[Cluster 0][0m
2026-07-24 17:05:29 [INFO]      consumiu MAIS que o habitual às 16h
2026-07-24 17:05:29 [INFO]      [2mReal:[0m 15.0 kWh   [2mHabitual:[0m 11.5 ± 1.1 kWh   [2mz:[0m +3.04   [2mdesvio:[0m +30%   [2m(2 obs. dia_util)[0m
2026-07-24 17:05:29 [INFO] 
2026-07-24 17:05:29 [INFO]   [2mCSV:[0m /home/runner/work/ts-anomaly-detection-dissertation/ts-anomaly-detection-dissertation/results/energia/realtime/alerts/analise_energia_2026-07-23.csv
2026-07-24 17:05:29 [INFO] 
2026-07-24 17:05:29 [INFO] [96m→ A prever consumo de 2026-07-24 para 276 CPEs...[0m
2026-07-24 17:05:33 [INFO] [1m══════════════════════════════════════════════════════════════════════[0m
2026-07-24 17:05:33 [INFO] [1m  PREDIÇÃO — 2026-07-24 [0m[2m(dia util)[0m
2026-07-24 17:05:33 [INFO] [1m══════════════════════════════════════════════════════════════════════[0m
2026-07-24 17:05:33 [INFO]   [95m● CPEs previstos[0m          69 [2m(alta: 0, baixa: 1656)[0m
2026-07-24 17:05:33 [INFO]   [95m● Consumo total previsto[0m 107297.8 kWh [2m(±15677.7)[0m
2026-07-24 17:05:33 [INFO] 
2026-07-24 17:05:33 [INFO]   [2mPrevisão guardada:[0m /home/runner/work/ts-anomaly-detection-dissertation/ts-anomaly-detection-dissertation/results/energia/realtime/predictions/previsao_energia_2026-07-24.csv
2026-07-24 17:05:33 [INFO] 
2026-07-24 17:05:33 [INFO] [1m══════════════════════════════════════════════════════════════════════[0m
2026-07-24 17:05:33 [INFO] [1m  VALIDAÇÃO — qualidade das previsões anteriores[0m
2026-07-24 17:05:33 [INFO] [1m══════════════════════════════════════════════════════════════════════[0m
2026-07-24 17:05:33 [INFO]   [2mDias validados:[0m 4   [2mpendentes:[0m 39
2026-07-24 17:05:33 [INFO]   [2mÚltimo (2026-07-23):[0m MAE 8.17 kWh   RMSE 20.08   em ±1σ 72% [2m(esperado ~68%)[0m   em ±2σ 91% [2m(esperado ~95%)[0m
2026-07-24 17:05:33 [INFO]   [2mMédia acumulada:[0m MAE 11.41 kWh   RMSE 27.05   em ±1σ 65%   em ±2σ 85%
2026-07-24 17:05:33 [INFO]   [2mCSV:[0m /home/runner/work/ts-anomaly-detection-dissertation/ts-anomaly-detection-dissertation/results/energia/realtime/analysis/qualidade_previsoes_energia.csv
2026-07-24 17:05:33 [INFO] 
2026-07-24 17:05:33 [INFO] 
2026-07-24 17:05:33 [INFO] Concluido em 714.3s. Ficheiros gerados: 2
