2026-08-15 14:35:34 [INFO] [96m→ A pedir dados ao BaZe (276 CPEs)...[0m
2026-08-15 14:42:46 [INFO]   [2mClusters atribuidos carregados:[0m 22 novos
2026-08-15 14:42:46 [INFO] 
2026-08-15 14:42:46 [INFO] [1m══════════════════════════════════════════════════════════════════════[0m
2026-08-15 14:42:46 [INFO] [1m  DETEÇÃO DE ANOMALIAS — 2026-08-11[0m
2026-08-15 14:42:46 [INFO] [1m══════════════════════════════════════════════════════════════════════[0m
2026-08-15 14:42:46 [INFO]   [2mTipo de dia:[0m  dia util
2026-08-15 14:42:46 [INFO]   [2mFonte:[0m        BAZE
2026-08-15 14:42:46 [INFO]   [2mCPEs c/ dados:[0m 56
2026-08-15 14:42:46 [INFO]   [2mThreshold:[0m    |z| > 3.0 [2m(adaptativo a este tipo de dia)[0m
2026-08-15 14:42:46 [INFO] 
2026-08-15 14:42:46 [INFO] [96m→ A analisar 56 CPEs / 1344 pontos horários (retrospetiva)...[0m
2026-08-15 14:42:47 [INFO] [1m─── Resumo ─────────────────────────────────────[0m
2026-08-15 14:42:47 [INFO]   [92m● Normal[0m                1229 [2m( 91.4%)[0m
2026-08-15 14:42:47 [INFO]   [91m● Desvio (alta confiança)[0m    0 [2m(  0.0%)[0m
2026-08-15 14:42:47 [INFO]   [93m● Desvio (baixa confiança)[0m 115 [2m(  8.6%)[0m
2026-08-15 14:42:47 [INFO]   [2mTempo: 432.6s[0m
2026-08-15 14:42:47 [INFO] 
2026-08-15 14:42:47 [INFO] [1m[93m─── Desvios de BAIXA confiança (115) ──────────────[0m
2026-08-15 14:42:47 [INFO]   [2m(poucos dados históricos — verificar manualmente)[0m
2026-08-15 14:42:47 [INFO] 
2026-08-15 14:42:47 [INFO]   🔴 [91m[1mPT0002000068856655YV[0m  [2m[Cluster 0][0m
2026-08-15 14:42:47 [INFO]      consumiu MAIS que o habitual às 22h
2026-08-15 14:42:47 [INFO]      [2mReal:[0m 6.0 kWh   [2mHabitual:[0m 2.0 ± 0.3 kWh   [2mz:[0m +10.00⁺   [2mdesvio:[0m +200%   [2m(3 obs. dia_util)[0m
2026-08-15 14:42:47 [INFO] 
2026-08-15 14:42:47 [INFO]   🔴 [91m[1mPT0002000068856872QG[0m  [2m[Cluster 1][0m
2026-08-15 14:42:47 [INFO]      consumiu MAIS que o habitual às 02h
2026-08-15 14:42:47 [INFO]      [2mReal:[0m 3.0 kWh   [2mHabitual:[0m 0.0 ± 0.3 kWh   [2mz:[0m +10.00   [2mdesvio:[0m +300000%   [2m(2 obs. dia_util)[0m
2026-08-15 14:42:47 [INFO] 
2026-08-15 14:42:47 [INFO]   🔴 [91m[1mPT0002000068856872QG[0m  [2m[Cluster 1][0m
2026-08-15 14:42:47 [INFO]      consumiu MAIS que o habitual às 15h
2026-08-15 14:42:47 [INFO]      [2mReal:[0m 3.0 kWh   [2mHabitual:[0m 0.0 ± 0.3 kWh   [2mz:[0m +10.00   [2mdesvio:[0m +300000%   [2m(2 obs. dia_util)[0m
2026-08-15 14:42:47 [INFO] 
2026-08-15 14:42:47 [INFO]   🔴 [91m[1mPT0002000068858674WN[0m  [2m[Cluster 1 (atribuido)][0m
2026-08-15 14:42:47 [INFO]      consumiu MAIS que o habitual às 01h
2026-08-15 14:42:47 [INFO]      [2mReal:[0m 8.0 kWh   [2mHabitual:[0m 4.0 ± 0.4 kWh   [2mz:[0m +10.00   [2mdesvio:[0m +100%   [2m(2 obs. dia_util)[0m
2026-08-15 14:42:47 [INFO] 
2026-08-15 14:42:47 [INFO]   🔴 [91m[1mPT0002000068858674WN[0m  [2m[Cluster 1 (atribuido)][0m
2026-08-15 14:42:47 [INFO]      consumiu MAIS que o habitual às 05h
2026-08-15 14:42:47 [INFO]      [2mReal:[0m 8.0 kWh   [2mHabitual:[0m 4.0 ± 0.4 kWh   [2mz:[0m +10.00   [2mdesvio:[0m +100%   [2m(2 obs. dia_util)[0m
2026-08-15 14:42:47 [INFO] 
2026-08-15 14:42:47 [INFO]   🔴 [91m[1mPT0002000068858674WN[0m  [2m[Cluster 1 (atribuido)][0m
2026-08-15 14:42:47 [INFO]      consumiu MAIS que o habitual às 07h
2026-08-15 14:42:47 [INFO]      [2mReal:[0m 8.0 kWh   [2mHabitual:[0m 4.0 ± 0.4 kWh   [2mz:[0m +10.00   [2mdesvio:[0m +100%   [2m(2 obs. dia_util)[0m
2026-08-15 14:42:47 [INFO] 
2026-08-15 14:42:47 [INFO]   🔴 [91m[1mPT0002000068858674WN[0m  [2m[Cluster 1 (atribuido)][0m
2026-08-15 14:42:47 [INFO]      consumiu MAIS que o habitual às 09h
2026-08-15 14:42:47 [INFO]      [2mReal:[0m 12.0 kWh   [2mHabitual:[0m 4.0 ± 0.4 kWh   [2mz:[0m +10.00⁺   [2mdesvio:[0m +200%   [2m(2 obs. dia_util)[0m
2026-08-15 14:42:47 [INFO] 
2026-08-15 14:42:47 [INFO]   🔴 [91m[1mPT0002000068859325FL[0m  [2m[Cluster 1][0m
2026-08-15 14:42:47 [INFO]      consumiu MAIS que o habitual às 08h
2026-08-15 14:42:47 [INFO]      [2mReal:[0m 140.0 kWh   [2mHabitual:[0m 68.0 ± 6.8 kWh   [2mz:[0m +10.00⁺   [2mdesvio:[0m +106%   [2m(2 obs. dia_util)[0m
2026-08-15 14:42:47 [INFO] 
2026-08-15 14:42:47 [INFO]   🔴 [91m[1mPT0002000081344542CP[0m  [2m[Cluster 1][0m
2026-08-15 14:42:47 [INFO]      consumiu MAIS que o habitual às 07h
2026-08-15 14:42:47 [INFO]      [2mReal:[0m 4.0 kWh   [2mHabitual:[0m 1.0 ± 0.3 kWh   [2mz:[0m +10.00   [2mdesvio:[0m +300%   [2m(2 obs. dia_util)[0m
2026-08-15 14:42:47 [INFO] 
2026-08-15 14:42:47 [INFO]   🔴 [91m[1mPT0002000081344542CP[0m  [2m[Cluster 1][0m
2026-08-15 14:42:47 [INFO]      consumiu MAIS que o habitual às 19h
2026-08-15 14:42:47 [INFO]      [2mReal:[0m 42.0 kWh   [2mHabitual:[0m 1.5 ± 0.7 kWh   [2mz:[0m +10.00⁺   [2mdesvio:[0m +2700%   [2m(2 obs. dia_util)[0m
2026-08-15 14:42:47 [INFO] 
2026-08-15 14:42:47 [INFO]   🔴 [91m[1mPT0002000081344542CP[0m  [2m[Cluster 1][0m
2026-08-15 14:42:47 [INFO]      consumiu MAIS que o habitual às 20h
2026-08-15 14:42:47 [INFO]      [2mReal:[0m 41.0 kWh   [2mHabitual:[0m 1.5 ± 0.7 kWh   [2mz:[0m +10.00⁺   [2mdesvio:[0m +2633%   [2m(2 obs. dia_util)[0m
2026-08-15 14:42:47 [INFO] 
2026-08-15 14:42:47 [INFO]   🔴 [91m[1mPT0002000081344542CP[0m  [2m[Cluster 1][0m
2026-08-15 14:42:47 [INFO]      consumiu MAIS que o habitual às 21h
2026-08-15 14:42:47 [INFO]      [2mReal:[0m 29.0 kWh   [2mHabitual:[0m 1.7 ± 1.1 kWh   [2mz:[0m +10.00⁺   [2mdesvio:[0m +1637%   [2m(3 obs. dia_util)[0m
2026-08-15 14:42:47 [INFO] 
2026-08-15 14:42:47 [INFO]   🔴 [91m[1mPT0002000201038711LS[0m  [2m[Cluster 1 (atribuido)][0m
2026-08-15 14:42:47 [INFO]      consumiu MAIS que o habitual às 10h
2026-08-15 14:42:47 [INFO]      [2mReal:[0m 14.0 kWh   [2mHabitual:[0m 0.5 ± 0.7 kWh   [2mz:[0m +10.00⁺   [2mdesvio:[0m +2700%   [2m(2 obs. dia_util)[0m
2026-08-15 14:42:47 [INFO] 
2026-08-15 14:42:47 [INFO]   🔴 [91m[1mPT0002000068859597LS[0m  [2m[Cluster 0][0m
2026-08-15 14:42:47 [INFO]      consumiu MAIS que o habitual às 19h
2026-08-15 14:42:47 [INFO]      [2mReal:[0m 50.0 kWh   [2mHabitual:[0m 24.0 ± 2.8 kWh   [2mz:[0m +9.19   [2mdesvio:[0m +108%   [2m(2 obs. dia_util)[0m
2026-08-15 14:42:47 [INFO] 
2026-08-15 14:42:47 [INFO]   🔴 [91m[1mPT0002000081344542CP[0m  [2m[Cluster 1][0m
2026-08-15 14:42:47 [INFO]      consumiu MAIS que o habitual às 15h
2026-08-15 14:42:47 [INFO]      [2mReal:[0m 9.0 kWh   [2mHabitual:[0m 2.5 ± 0.7 kWh   [2mz:[0m +9.19   [2mdesvio:[0m +260%   [2m(2 obs. dia_util)[0m
2026-08-15 14:42:47 [INFO] 
2026-08-15 14:42:47 [INFO]   🔴 [91m[1mPT0002000111572054VT[0m  [2m[Cluster 0 (atribuido)][0m
2026-08-15 14:42:47 [INFO]      consumiu MAIS que o habitual às 09h
2026-08-15 14:42:47 [INFO]      [2mReal:[0m 10.0 kWh   [2mHabitual:[0m 3.5 ± 0.7 kWh   [2mz:[0m +9.19   [2mdesvio:[0m +186%   [2m(2 obs. dia_util)[0m
2026-08-15 14:42:47 [INFO] 
2026-08-15 14:42:47 [INFO]   🔴 [91m[1mPT0002000073720434JD[0m  [2m[Cluster 1 (atribuido)][0m
2026-08-15 14:42:47 [INFO]      consumiu MAIS que o habitual às 19h
2026-08-15 14:42:47 [INFO]      [2mReal:[0m 45.0 kWh   [2mHabitual:[0m 23.5 ± 2.4 kWh   [2mz:[0m +9.15   [2mdesvio:[0m +91%   [2m(2 obs. dia_util)[0m
2026-08-15 14:42:47 [INFO] 
2026-08-15 14:42:47 [INFO]   🔴 [91m[1mPT0002000101964938LF[0m  [2m[Cluster 0][0m
2026-08-15 14:42:47 [INFO]      consumiu MAIS que o habitual às 07h
2026-08-15 14:42:47 [INFO]      [2mReal:[0m 35.0 kWh   [2mHabitual:[0m 10.0 ± 2.8 kWh   [2mz:[0m +8.84   [2mdesvio:[0m +250%   [2m(2 obs. dia_util)[0m
2026-08-15 14:42:47 [INFO] 
2026-08-15 14:42:47 [INFO]   🔵 [94m[1mPT0002000081344542CP[0m  [2m[Cluster 1][0m
2026-08-15 14:42:47 [INFO]      consumiu MENOS que o habitual às 04h
2026-08-15 14:42:47 [INFO]      [2mReal:[0m 1.0 kWh   [2mHabitual:[0m 8.0 ± 0.8 kWh   [2mz:[0m -8.75   [2mdesvio:[0m -88%   [2m(2 obs. dia_util)[0m
2026-08-15 14:42:47 [INFO] 
2026-08-15 14:42:47 [INFO]   🔴 [91m[1mPT0002000112989585PH[0m  [2m[Cluster 0][0m
2026-08-15 14:42:47 [INFO]      consumiu MAIS que o habitual às 09h
2026-08-15 14:42:47 [INFO]      [2mReal:[0m 94.0 kWh   [2mHabitual:[0m 52.0 ± 5.2 kWh   [2mz:[0m +8.08   [2mdesvio:[0m +81%   [2m(2 obs. dia_util)[0m
2026-08-15 14:42:47 [INFO] 
2026-08-15 14:42:47 [INFO]   🔵 [94m[1mPT0002000081344542CP[0m  [2m[Cluster 1][0m
2026-08-15 14:42:47 [INFO]      consumiu MENOS que o habitual às 03h
2026-08-15 14:42:47 [INFO]      [2mReal:[0m 2.0 kWh   [2mHabitual:[0m 7.0 ± 0.7 kWh   [2mz:[0m -7.14   [2mdesvio:[0m -71%   [2m(2 obs. dia_util)[0m
2026-08-15 14:42:47 [INFO] 
2026-08-15 14:42:47 [INFO]   🔵 [94m[1mPT0002000081344542CP[0m  [2m[Cluster 1][0m
2026-08-15 14:42:47 [INFO]      consumiu MENOS que o habitual às 05h
2026-08-15 14:42:47 [INFO]      [2mReal:[0m 2.0 kWh   [2mHabitual:[0m 7.0 ± 0.7 kWh   [2mz:[0m -7.14   [2mdesvio:[0m -71%   [2m(2 obs. dia_util)[0m
2026-08-15 14:42:47 [INFO] 
2026-08-15 14:42:47 [INFO]   🔴 [91m[1mPT0002000068856655YV[0m  [2m[Cluster 0][0m
2026-08-15 14:42:47 [INFO]      consumiu MAIS que o habitual às 21h
2026-08-15 14:42:47 [INFO]      [2mReal:[0m 4.0 kWh   [2mHabitual:[0m 2.0 ± 0.3 kWh   [2mz:[0m +6.67   [2mdesvio:[0m +100%   [2m(3 obs. dia_util)[0m
2026-08-15 14:42:47 [INFO] 
2026-08-15 14:42:47 [INFO]   🔴 [91m[1mPT0002000081344542CP[0m  [2m[Cluster 1][0m
2026-08-15 14:42:47 [INFO]      consumiu MAIS que o habitual às 06h
2026-08-15 14:42:47 [INFO]      [2mReal:[0m 3.0 kWh   [2mHabitual:[0m 1.0 ± 0.3 kWh   [2mz:[0m +6.67   [2mdesvio:[0m +200%   [2m(2 obs. dia_util)[0m
2026-08-15 14:42:47 [INFO] 
2026-08-15 14:42:47 [INFO]   🔴 [91m[1mPT0002000101964938LF[0m  [2m[Cluster 0][0m
2026-08-15 14:42:47 [INFO]      consumiu MAIS que o habitual às 04h
2026-08-15 14:42:47 [INFO]      [2mReal:[0m 15.0 kWh   [2mHabitual:[0m 9.0 ± 0.9 kWh   [2mz:[0m +6.67   [2mdesvio:[0m +67%   [2m(2 obs. dia_util)[0m
2026-08-15 14:42:47 [INFO] 
2026-08-15 14:42:47 [INFO]   🔴 [91m[1mPT0002000105483259QH[0m  [2m[Cluster 1][0m
2026-08-15 14:42:47 [INFO]      consumiu MAIS que o habitual às 19h
2026-08-15 14:42:47 [INFO]      [2mReal:[0m 3.0 kWh   [2mHabitual:[0m 1.0 ± 0.3 kWh   [2mz:[0m +6.67   [2mdesvio:[0m +200%   [2m(2 obs. dia_util)[0m
2026-08-15 14:42:47 [INFO] 
2026-08-15 14:42:47 [INFO]   🔴 [91m[1mPT0002000107172384HT[0m  [2m[Cluster 1][0m
2026-08-15 14:42:47 [INFO]      consumiu MAIS que o habitual às 13h
2026-08-15 14:42:47 [INFO]      [2mReal:[0m 35.0 kWh   [2mHabitual:[0m 21.0 ± 2.1 kWh   [2mz:[0m +6.67   [2mdesvio:[0m +67%   [2m(2 obs. dia_util)[0m
2026-08-15 14:42:47 [INFO] 
2026-08-15 14:42:47 [INFO]   🔴 [91m[1mPT0002000119303492KB[0m  [2m[Cluster 0][0m
2026-08-15 14:42:47 [INFO]      consumiu MAIS que o habitual às 14h
2026-08-15 14:42:47 [INFO]      [2mReal:[0m 4.0 kWh   [2mHabitual:[0m 2.0 ± 0.3 kWh   [2mz:[0m +6.67   [2mdesvio:[0m +100%   [2m(2 obs. dia_util)[0m
2026-08-15 14:42:47 [INFO] 
2026-08-15 14:42:47 [INFO]   🔴 [91m[1mPT0002000081344542CP[0m  [2m[Cluster 1][0m
2026-08-15 14:42:47 [INFO]      consumiu MAIS que o habitual às 14h
2026-08-15 14:42:47 [INFO]      [2mReal:[0m 16.0 kWh   [2mHabitual:[0m 2.5 ± 2.1 kWh   [2mz:[0m +6.36   [2mdesvio:[0m +540%   [2m(2 obs. dia_util)[0m
2026-08-15 14:42:47 [INFO] 
2026-08-15 14:42:47 [INFO]   🔴 [91m[1mPT0002000101964938LF[0m  [2m[Cluster 0][0m
2026-08-15 14:42:47 [INFO]      consumiu MAIS que o habitual às 06h
2026-08-15 14:42:47 [INFO]      [2mReal:[0m 18.0 kWh   [2mHabitual:[0m 9.0 ± 1.4 kWh   [2mz:[0m +6.36   [2mdesvio:[0m +100%   [2m(2 obs. dia_util)[0m
2026-08-15 14:42:47 [INFO] 
2026-08-15 14:42:47 [INFO]   🔴 [91m[1mPT0002000073720434JD[0m  [2m[Cluster 1 (atribuido)][0m
2026-08-15 14:42:47 [INFO]      consumiu MAIS que o habitual às 17h
2026-08-15 14:42:47 [INFO]      [2mReal:[0m 53.0 kWh   [2mHabitual:[0m 23.5 ± 5.0 kWh   [2mz:[0m +5.96   [2mdesvio:[0m +126%   [2m(2 obs. dia_util)[0m
2026-08-15 14:42:47 [INFO] 
2026-08-15 14:42:47 [INFO]   🔴 [91m[1mPT0002000081344542CP[0m  [2m[Cluster 1][0m
2026-08-15 14:42:47 [INFO]      consumiu MAIS que o habitual às 22h
2026-08-15 14:42:47 [INFO]      [2mReal:[0m 13.0 kWh   [2mHabitual:[0m 3.0 ± 1.7 kWh   [2mz:[0m +5.77   [2mdesvio:[0m +333%   [2m(3 obs. dia_util)[0m
2026-08-15 14:42:47 [INFO] 
2026-08-15 14:42:47 [INFO]   🔴 [91m[1mPT0002000101964938LF[0m  [2m[Cluster 0][0m
2026-08-15 14:42:47 [INFO]      consumiu MAIS que o habitual às 00h
2026-08-15 14:42:47 [INFO]      [2mReal:[0m 14.0 kWh   [2mHabitual:[0m 9.0 ± 0.9 kWh   [2mz:[0m +5.56   [2mdesvio:[0m +56%   [2m(2 obs. dia_util)[0m
2026-08-15 14:42:47 [INFO] 
2026-08-15 14:42:47 [INFO]   🔴 [91m[1mPT0002000101964938LF[0m  [2m[Cluster 0][0m
2026-08-15 14:42:47 [INFO]      consumiu MAIS que o habitual às 01h
2026-08-15 14:42:47 [INFO]      [2mReal:[0m 14.0 kWh   [2mHabitual:[0m 9.0 ± 0.9 kWh   [2mz:[0m +5.56   [2mdesvio:[0m +56%   [2m(2 obs. dia_util)[0m
2026-08-15 14:42:47 [INFO] 
2026-08-15 14:42:47 [INFO]   🔴 [91m[1mPT0002000101964938LF[0m  [2m[Cluster 0][0m
2026-08-15 14:42:47 [INFO]      consumiu MAIS que o habitual às 02h
2026-08-15 14:42:47 [INFO]      [2mReal:[0m 14.0 kWh   [2mHabitual:[0m 9.0 ± 0.9 kWh   [2mz:[0m +5.56   [2mdesvio:[0m +56%   [2m(2 obs. dia_util)[0m
2026-08-15 14:42:47 [INFO] 
2026-08-15 14:42:47 [INFO]   🔴 [91m[1mPT0002000101964938LF[0m  [2m[Cluster 0][0m
2026-08-15 14:42:47 [INFO]      consumiu MAIS que o habitual às 03h
2026-08-15 14:42:47 [INFO]      [2mReal:[0m 14.0 kWh   [2mHabitual:[0m 9.0 ± 0.9 kWh   [2mz:[0m +5.56   [2mdesvio:[0m +56%   [2m(2 obs. dia_util)[0m
2026-08-15 14:42:47 [INFO] 
2026-08-15 14:42:47 [INFO]   🔴 [91m[1mPT0002000101964938LF[0m  [2m[Cluster 0][0m
2026-08-15 14:42:47 [INFO]      consumiu MAIS que o habitual às 05h
2026-08-15 14:42:47 [INFO]      [2mReal:[0m 14.0 kWh   [2mHabitual:[0m 9.0 ± 0.9 kWh   [2mz:[0m +5.56   [2mdesvio:[0m +56%   [2m(2 obs. dia_util)[0m
2026-08-15 14:42:47 [INFO] 
2026-08-15 14:42:47 [INFO]   🔴 [91m[1mPT0002000073720434JD[0m  [2m[Cluster 1 (atribuido)][0m
2026-08-15 14:42:47 [INFO]      consumiu MAIS que o habitual às 14h
2026-08-15 14:42:47 [INFO]      [2mReal:[0m 33.0 kWh   [2mHabitual:[0m 21.5 ± 2.1 kWh   [2mz:[0m +5.35   [2mdesvio:[0m +53%   [2m(2 obs. dia_util)[0m
2026-08-15 14:42:47 [INFO] 
2026-08-15 14:42:47 [INFO]   🔵 [94m[1mPT0002000068859597LS[0m  [2m[Cluster 0][0m
2026-08-15 14:42:47 [INFO]      consumiu MENOS que o habitual às 23h
2026-08-15 14:42:47 [INFO]      [2mReal:[0m 29.0 kWh   [2mHabitual:[0m 66.3 ± 7.2 kWh   [2mz:[0m -5.16   [2mdesvio:[0m -56%   [2m(3 obs. dia_util)[0m
2026-08-15 14:42:47 [INFO] 
2026-08-15 14:42:47 [INFO]   🔵 [94m[1mPT0002000068858674WN[0m  [2m[Cluster 1 (atribuido)][0m
2026-08-15 14:42:47 [INFO]      consumiu MENOS que o habitual às 00h
2026-08-15 14:42:47 [INFO]      [2mReal:[0m 4.0 kWh   [2mHabitual:[0m 8.0 ± 0.8 kWh   [2mz:[0m -5.00   [2mdesvio:[0m -50%   [2m(2 obs. dia_util)[0m
2026-08-15 14:42:47 [INFO] 
2026-08-15 14:42:47 [INFO]   🔵 [94m[1mPT0002000068858674WN[0m  [2m[Cluster 1 (atribuido)][0m
2026-08-15 14:42:47 [INFO]      consumiu MENOS que o habitual às 06h
2026-08-15 14:42:47 [INFO]      [2mReal:[0m 4.0 kWh   [2mHabitual:[0m 8.0 ± 0.8 kWh   [2mz:[0m -5.00   [2mdesvio:[0m -50%   [2m(2 obs. dia_util)[0m
2026-08-15 14:42:47 [INFO] 
2026-08-15 14:42:47 [INFO]   🔵 [94m[1mPT0002000068858674WN[0m  [2m[Cluster 1 (atribuido)][0m
2026-08-15 14:42:47 [INFO]      consumiu MENOS que o habitual às 08h
2026-08-15 14:42:47 [INFO]      [2mReal:[0m 4.0 kWh   [2mHabitual:[0m 8.0 ± 0.8 kWh   [2mz:[0m -5.00   [2mdesvio:[0m -50%   [2m(2 obs. dia_util)[0m
2026-08-15 14:42:47 [INFO] 
2026-08-15 14:42:47 [INFO]   🔵 [94m[1mPT0002000068858674WN[0m  [2m[Cluster 1 (atribuido)][0m
2026-08-15 14:42:47 [INFO]      consumiu MENOS que o habitual às 16h
2026-08-15 14:42:47 [INFO]      [2mReal:[0m 4.0 kWh   [2mHabitual:[0m 8.0 ± 0.8 kWh   [2mz:[0m -5.00   [2mdesvio:[0m -50%   [2m(2 obs. dia_util)[0m
2026-08-15 14:42:47 [INFO] 
2026-08-15 14:42:47 [INFO]   🔵 [94m[1mPT0002000110607652SB[0m  [2m[Cluster 0][0m
2026-08-15 14:42:47 [INFO]      consumiu MENOS que o habitual às 02h
2026-08-15 14:42:47 [INFO]      [2mReal:[0m 8.0 kWh   [2mHabitual:[0m 16.0 ± 1.6 kWh   [2mz:[0m -5.00   [2mdesvio:[0m -50%   [2m(2 obs. dia_util)[0m
2026-08-15 14:42:47 [INFO] 
2026-08-15 14:42:47 [INFO]   🔴 [91m[1mPT0002000201038711LS[0m  [2m[Cluster 1 (atribuido)][0m
2026-08-15 14:42:47 [INFO]      consumiu MAIS que o habitual às 19h
2026-08-15 14:42:47 [INFO]      [2mReal:[0m 65.0 kWh   [2mHabitual:[0m 16.0 ± 9.9 kWh   [2mz:[0m +4.95   [2mdesvio:[0m +306%   [2m(2 obs. dia_util)[0m
2026-08-15 14:42:47 [INFO] 
2026-08-15 14:42:47 [INFO]   🔴 [91m[1mPT0002000081344542CP[0m  [2m[Cluster 1][0m
2026-08-15 14:42:47 [INFO]      consumiu MAIS que o habitual às 13h
2026-08-15 14:42:47 [INFO]      [2mReal:[0m 19.0 kWh   [2mHabitual:[0m 3.5 ± 3.5 kWh   [2mz:[0m +4.38   [2mdesvio:[0m +443%   [2m(2 obs. dia_util)[0m
2026-08-15 14:42:47 [INFO] 
2026-08-15 14:42:47 [INFO]   🔴 [91m[1mPT0002000111572054VT[0m  [2m[Cluster 0 (atribuido)][0m
2026-08-15 14:42:47 [INFO]      consumiu MAIS que o habitual às 07h
2026-08-15 14:42:47 [INFO]      [2mReal:[0m 20.0 kWh   [2mHabitual:[0m 14.0 ± 1.4 kWh   [2mz:[0m +4.29   [2mdesvio:[0m +43%   [2m(2 obs. dia_util)[0m
2026-08-15 14:42:47 [INFO] 
2026-08-15 14:42:47 [INFO]   🔴 [91m[1mPT0002000068859325FL[0m  [2m[Cluster 1][0m
2026-08-15 14:42:47 [INFO]      consumiu MAIS que o habitual às 14h
2026-08-15 14:42:47 [INFO]      [2mReal:[0m 140.0 kWh   [2mHabitual:[0m 92.0 ± 11.3 kWh   [2mz:[0m +4.24   [2mdesvio:[0m +52%   [2m(2 obs. dia_util)[0m
2026-08-15 14:42:47 [INFO] 
2026-08-15 14:42:47 [INFO]   🔴 [91m[1mPT0002000105483259QH[0m  [2m[Cluster 1][0m
2026-08-15 14:42:47 [INFO]      consumiu MAIS que o habitual às 22h
2026-08-15 14:42:47 [INFO]      [2mReal:[0m 3.0 kWh   [2mHabitual:[0m 0.7 ± 0.6 kWh   [2mz:[0m +4.04   [2mdesvio:[0m +348%   [2m(3 obs. dia_util)[0m
2026-08-15 14:42:47 [INFO] 
2026-08-15 14:42:47 [INFO]   🔵 [94m[1mPT0002000068857099AR[0m  [2m[Cluster 1][0m
2026-08-15 14:42:47 [INFO]      consumiu MENOS que o habitual às 09h
2026-08-15 14:42:47 [INFO]      [2mReal:[0m 3.0 kWh   [2mHabitual:[0m 5.0 ± 0.5 kWh   [2mz:[0m -4.00   [2mdesvio:[0m -40%   [2m(2 obs. dia_util)[0m
2026-08-15 14:42:47 [INFO] 
2026-08-15 14:42:47 [INFO]   🔵 [94m[1mPT0002000068857099AR[0m  [2m[Cluster 1][0m
2026-08-15 14:42:47 [INFO]      consumiu MENOS que o habitual às 14h
2026-08-15 14:42:47 [INFO]      [2mReal:[0m 3.0 kWh   [2mHabitual:[0m 5.0 ± 0.5 kWh   [2mz:[0m -4.00   [2mdesvio:[0m -40%   [2m(2 obs. dia_util)[0m
2026-08-15 14:42:47 [INFO] 
2026-08-15 14:42:47 [INFO]   🔴 [91m[1mPT0002000073720434JD[0m  [2m[Cluster 1 (atribuido)][0m
2026-08-15 14:42:47 [INFO]      consumiu MAIS que o habitual às 21h
2026-08-15 14:42:47 [INFO]      [2mReal:[0m 36.0 kWh   [2mHabitual:[0m 26.0 ± 2.6 kWh   [2mz:[0m +3.85   [2mdesvio:[0m +38%   [2m(3 obs. dia_util)[0m
2026-08-15 14:42:47 [INFO] 
2026-08-15 14:42:47 [INFO]   🔵 [94m[1mPT0002000068857099AR[0m  [2m[Cluster 1][0m
2026-08-15 14:42:47 [INFO]      consumiu MENOS que o habitual às 12h
2026-08-15 14:42:47 [INFO]      [2mReal:[0m 2.0 kWh   [2mHabitual:[0m 4.5 ± 0.7 kWh   [2mz:[0m -3.54   [2mdesvio:[0m -56%   [2m(2 obs. dia_util)[0m
2026-08-15 14:42:47 [INFO] 
2026-08-15 14:42:47 [INFO]   🔴 [91m[1mPT0002000201038711LS[0m  [2m[Cluster 1 (atribuido)][0m
2026-08-15 14:42:47 [INFO]      consumiu MAIS que o habitual às 23h
2026-08-15 14:42:47 [INFO]      [2mReal:[0m 33.0 kWh   [2mHabitual:[0m 4.7 ± 8.1 kWh   [2mz:[0m +3.51   [2mdesvio:[0m +607%   [2m(3 obs. dia_util)[0m
2026-08-15 14:42:47 [INFO] 
2026-08-15 14:42:47 [INFO]   🔵 [94m[1mPT0002000068856655YV[0m  [2m[Cluster 0][0m
2026-08-15 14:42:47 [INFO]      consumiu MENOS que o habitual às 02h
2026-08-15 14:42:47 [INFO]      [2mReal:[0m 2.0 kWh   [2mHabitual:[0m 3.0 ± 0.3 kWh   [2mz:[0m -3.33   [2mdesvio:[0m -33%   [2m(2 obs. dia_util)[0m
2026-08-15 14:42:47 [INFO] 
2026-08-15 14:42:47 [INFO]   🔴 [91m[1mPT0002000068856655YV[0m  [2m[Cluster 0][0m
2026-08-15 14:42:47 [INFO]      consumiu MAIS que o habitual às 04h
2026-08-15 14:42:47 [INFO]      [2mReal:[0m 3.0 kWh   [2mHabitual:[0m 2.0 ± 0.3 kWh   [2mz:[0m +3.33   [2mdesvio:[0m +50%   [2m(2 obs. dia_util)[0m
2026-08-15 14:42:47 [INFO] 
2026-08-15 14:42:47 [INFO]   🔵 [94m[1mPT0002000068856655YV[0m  [2m[Cluster 0][0m
2026-08-15 14:42:47 [INFO]      consumiu MENOS que o habitual às 07h
2026-08-15 14:42:47 [INFO]      [2mReal:[0m 1.0 kWh   [2mHabitual:[0m 2.0 ± 0.3 kWh   [2mz:[0m -3.33   [2mdesvio:[0m -50%   [2m(2 obs. dia_util)[0m
2026-08-15 14:42:47 [INFO] 
2026-08-15 14:42:47 [INFO]   🔴 [91m[1mPT0002000068856872QG[0m  [2m[Cluster 1][0m
2026-08-15 14:42:47 [INFO]      consumiu MAIS que o habitual às 08h
2026-08-15 14:42:47 [INFO]      [2mReal:[0m 1.0 kWh   [2mHabitual:[0m 0.0 ± 0.3 kWh   [2mz:[0m +3.33   [2mdesvio:[0m +100000%   [2m(2 obs. dia_util)[0m
2026-08-15 14:42:47 [INFO] 
2026-08-15 14:42:47 [INFO]   🔴 [91m[1mPT0002000068856872QG[0m  [2m[Cluster 1][0m
2026-08-15 14:42:47 [INFO]      consumiu MAIS que o habitual às 09h
2026-08-15 14:42:47 [INFO]      [2mReal:[0m 1.0 kWh   [2mHabitual:[0m 0.0 ± 0.3 kWh   [2mz:[0m +3.33   [2mdesvio:[0m +100000%   [2m(2 obs. dia_util)[0m
2026-08-15 14:42:47 [INFO] 
2026-08-15 14:42:47 [INFO]   🔴 [91m[1mPT0002000068856872QG[0m  [2m[Cluster 1][0m
2026-08-15 14:42:47 [INFO]      consumiu MAIS que o habitual às 22h
2026-08-15 14:42:47 [INFO]      [2mReal:[0m 1.0 kWh   [2mHabitual:[0m 0.0 ± 0.3 kWh   [2mz:[0m +3.33   [2mdesvio:[0m +100000%   [2m(3 obs. dia_util)[0m
2026-08-15 14:42:47 [INFO] 
2026-08-15 14:42:47 [INFO]   🔴 [91m[1mPT0002000068856952LS[0m  [2m[Cluster 2][0m
2026-08-15 14:42:47 [INFO]      consumiu MAIS que o habitual às 03h
2026-08-15 14:42:47 [INFO]      [2mReal:[0m 1.0 kWh   [2mHabitual:[0m 0.0 ± 0.3 kWh   [2mz:[0m +3.33   [2mdesvio:[0m +100000%   [2m(2 obs. dia_util)[0m
2026-08-15 14:42:47 [INFO] 
2026-08-15 14:42:47 [INFO]   🔴 [91m[1mPT0002000068856952LS[0m  [2m[Cluster 2][0m
2026-08-15 14:42:47 [INFO]      consumiu MAIS que o habitual às 11h
2026-08-15 14:42:47 [INFO]      [2mReal:[0m 1.0 kWh   [2mHabitual:[0m 0.0 ± 0.3 kWh   [2mz:[0m +3.33   [2mdesvio:[0m +100000%   [2m(2 obs. dia_util)[0m
2026-08-15 14:42:47 [INFO] 
2026-08-15 14:42:47 [INFO]   🔴 [91m[1mPT0002000068856952LS[0m  [2m[Cluster 2][0m
2026-08-15 14:42:47 [INFO]      consumiu MAIS que o habitual às 20h
2026-08-15 14:42:47 [INFO]      [2mReal:[0m 1.0 kWh   [2mHabitual:[0m 0.0 ± 0.3 kWh   [2mz:[0m +3.33   [2mdesvio:[0m +100000%   [2m(2 obs. dia_util)[0m
2026-08-15 14:42:47 [INFO] 
2026-08-15 14:42:47 [INFO]   🔴 [91m[1mPT0002000068857909SY[0m  [2m[Cluster 1][0m
2026-08-15 14:42:47 [INFO]      consumiu MAIS que o habitual às 03h
2026-08-15 14:42:47 [INFO]      [2mReal:[0m 2.0 kWh   [2mHabitual:[0m 1.0 ± 0.3 kWh   [2mz:[0m +3.33   [2mdesvio:[0m +100%   [2m(2 obs. dia_util)[0m
2026-08-15 14:42:47 [INFO] 
2026-08-15 14:42:47 [INFO]   🔴 [91m[1mPT0002000068857909SY[0m  [2m[Cluster 1][0m
2026-08-15 14:42:47 [INFO]      consumiu MAIS que o habitual às 07h
2026-08-15 14:42:47 [INFO]      [2mReal:[0m 2.0 kWh   [2mHabitual:[0m 1.0 ± 0.3 kWh   [2mz:[0m +3.33   [2mdesvio:[0m +100%   [2m(2 obs. dia_util)[0m
2026-08-15 14:42:47 [INFO] 
2026-08-15 14:42:47 [INFO]   🔴 [91m[1mPT0002000068857909SY[0m  [2m[Cluster 1][0m
2026-08-15 14:42:47 [INFO]      consumiu MAIS que o habitual às 12h
2026-08-15 14:42:47 [INFO]      [2mReal:[0m 2.0 kWh   [2mHabitual:[0m 1.0 ± 0.3 kWh   [2mz:[0m +3.33   [2mdesvio:[0m +100%   [2m(2 obs. dia_util)[0m
2026-08-15 14:42:47 [INFO] 
2026-08-15 14:42:47 [INFO]   🔴 [91m[1mPT0002000068857909SY[0m  [2m[Cluster 1][0m
2026-08-15 14:42:47 [INFO]      consumiu MAIS que o habitual às 16h
2026-08-15 14:42:47 [INFO]      [2mReal:[0m 2.0 kWh   [2mHabitual:[0m 1.0 ± 0.3 kWh   [2mz:[0m +3.33   [2mdesvio:[0m +100%   [2m(2 obs. dia_util)[0m
2026-08-15 14:42:47 [INFO] 
2026-08-15 14:42:47 [INFO]   🔵 [94m[1mPT0002000068857909SY[0m  [2m[Cluster 1][0m
2026-08-15 14:42:47 [INFO]      consumiu MENOS que o habitual às 17h
2026-08-15 14:42:47 [INFO]      [2mReal:[0m 1.0 kWh   [2mHabitual:[0m 2.0 ± 0.3 kWh   [2mz:[0m -3.33   [2mdesvio:[0m -50%   [2m(2 obs. dia_util)[0m
2026-08-15 14:42:47 [INFO] 
2026-08-15 14:42:47 [INFO]   🔴 [91m[1mPT0002000068857909SY[0m  [2m[Cluster 1][0m
2026-08-15 14:42:47 [INFO]      consumiu MAIS que o habitual às 18h
2026-08-15 14:42:47 [INFO]      [2mReal:[0m 2.0 kWh   [2mHabitual:[0m 1.0 ± 0.3 kWh   [2mz:[0m +3.33   [2mdesvio:[0m +100%   [2m(2 obs. dia_util)[0m
2026-08-15 14:42:47 [INFO] 
2026-08-15 14:42:47 [INFO]   🔵 [94m[1mPT0002000068857909SY[0m  [2m[Cluster 1][0m
2026-08-15 14:42:47 [INFO]      consumiu MENOS que o habitual às 20h
2026-08-15 14:42:47 [INFO]      [2mReal:[0m 1.0 kWh   [2mHabitual:[0m 2.0 ± 0.3 kWh   [2mz:[0m -3.33   [2mdesvio:[0m -50%   [2m(2 obs. dia_util)[0m
2026-08-15 14:42:47 [INFO] 
2026-08-15 14:42:47 [INFO]   🔴 [91m[1mPT0002000068857909SY[0m  [2m[Cluster 1][0m
2026-08-15 14:42:47 [INFO]      consumiu MAIS que o habitual às 21h
2026-08-15 14:42:47 [INFO]      [2mReal:[0m 2.0 kWh   [2mHabitual:[0m 1.0 ± 0.3 kWh   [2mz:[0m +3.33   [2mdesvio:[0m +100%   [2m(3 obs. dia_util)[0m
2026-08-15 14:42:47 [INFO] 
2026-08-15 14:42:47 [INFO]   🔴 [91m[1mPT0002000071896778MT[0m  [2m[Cluster 0][0m
2026-08-15 14:42:47 [INFO]      consumiu MAIS que o habitual às 00h
2026-08-15 14:42:47 [INFO]      [2mReal:[0m 3.0 kWh   [2mHabitual:[0m 2.0 ± 0.3 kWh   [2mz:[0m +3.33   [2mdesvio:[0m +50%   [2m(2 obs. dia_util)[0m
2026-08-15 14:42:47 [INFO] 
2026-08-15 14:42:47 [INFO]   🔵 [94m[1mPT0002000071896778MT[0m  [2m[Cluster 0][0m
2026-08-15 14:42:47 [INFO]      consumiu MENOS que o habitual às 01h
2026-08-15 14:42:47 [INFO]      [2mReal:[0m 2.0 kWh   [2mHabitual:[0m 3.0 ± 0.3 kWh   [2mz:[0m -3.33   [2mdesvio:[0m -33%   [2m(2 obs. dia_util)[0m
2026-08-15 14:42:47 [INFO] 
2026-08-15 14:42:47 [INFO]   🔴 [91m[1mPT0002000073717386HC[0m  [2m[Cluster 1 (atribuido)][0m
2026-08-15 14:42:47 [INFO]      consumiu MAIS que o habitual às 01h
2026-08-15 14:42:47 [INFO]      [2mReal:[0m 1.0 kWh   [2mHabitual:[0m 0.0 ± 0.3 kWh   [2mz:[0m +3.33   [2mdesvio:[0m +100000%   [2m(2 obs. dia_util)[0m
2026-08-15 14:42:47 [INFO] 
2026-08-15 14:42:47 [INFO]   🔴 [91m[1mPT0002000073717386HC[0m  [2m[Cluster 1 (atribuido)][0m
2026-08-15 14:42:47 [INFO]      consumiu MAIS que o habitual às 02h
2026-08-15 14:42:47 [INFO]      [2mReal:[0m 1.0 kWh   [2mHabitual:[0m 0.0 ± 0.3 kWh   [2mz:[0m +3.33   [2mdesvio:[0m +100000%   [2m(2 obs. dia_util)[0m
2026-08-15 14:42:47 [INFO] 
2026-08-15 14:42:47 [INFO]   🔴 [91m[1mPT0002000073717386HC[0m  [2m[Cluster 1 (atribuido)][0m
2026-08-15 14:42:47 [INFO]      consumiu MAIS que o habitual às 04h
2026-08-15 14:42:47 [INFO]      [2mReal:[0m 1.0 kWh   [2mHabitual:[0m 0.0 ± 0.3 kWh   [2mz:[0m +3.33   [2mdesvio:[0m +100000%   [2m(2 obs. dia_util)[0m
2026-08-15 14:42:47 [INFO] 
2026-08-15 14:42:47 [INFO]   🔴 [91m[1mPT0002000073717386HC[0m  [2m[Cluster 1 (atribuido)][0m
2026-08-15 14:42:47 [INFO]      consumiu MAIS que o habitual às 05h
2026-08-15 14:42:47 [INFO]      [2mReal:[0m 1.0 kWh   [2mHabitual:[0m 0.0 ± 0.3 kWh   [2mz:[0m +3.33   [2mdesvio:[0m +100000%   [2m(2 obs. dia_util)[0m
2026-08-15 14:42:47 [INFO] 
2026-08-15 14:42:47 [INFO]   🔵 [94m[1mPT0002000077647404EM[0m  [2m[Cluster 1][0m
2026-08-15 14:42:47 [INFO]      consumiu MENOS que o habitual às 08h
2026-08-15 14:42:47 [INFO]      [2mReal:[0m 2.0 kWh   [2mHabitual:[0m 3.0 ± 0.3 kWh   [2mz:[0m -3.33   [2mdesvio:[0m -33%   [2m(2 obs. dia_util)[0m
2026-08-15 14:42:47 [INFO] 
2026-08-15 14:42:47 [INFO]   🔴 [91m[1mPT0002000077647404EM[0m  [2m[Cluster 1][0m
2026-08-15 14:42:47 [INFO]      consumiu MAIS que o habitual às 09h
2026-08-15 14:42:47 [INFO]      [2mReal:[0m 1.0 kWh   [2mHabitual:[0m 0.0 ± 0.3 kWh   [2mz:[0m +3.33   [2mdesvio:[0m +100000%   [2m(2 obs. dia_util)[0m
2026-08-15 14:42:47 [INFO] 
2026-08-15 14:42:47 [INFO]   🔵 [94m[1mPT0002000077647404EM[0m  [2m[Cluster 1][0m
2026-08-15 14:42:47 [INFO]      consumiu MENOS que o habitual às 11h
2026-08-15 14:42:47 [INFO]      [2mReal:[0m 0.0 kWh   [2mHabitual:[0m 1.0 ± 0.3 kWh   [2mz:[0m -3.33   [2mdesvio:[0m -100%   [2m(2 obs. dia_util)[0m
2026-08-15 14:42:47 [INFO] 
2026-08-15 14:42:47 [INFO]   🔴 [91m[1mPT0002000077647404EM[0m  [2m[Cluster 1][0m
2026-08-15 14:42:47 [INFO]      consumiu MAIS que o habitual às 13h
2026-08-15 14:42:47 [INFO]      [2mReal:[0m 1.0 kWh   [2mHabitual:[0m 0.0 ± 0.3 kWh   [2mz:[0m +3.33   [2mdesvio:[0m +100000%   [2m(2 obs. dia_util)[0m
2026-08-15 14:42:47 [INFO] 
2026-08-15 14:42:47 [INFO]   🔵 [94m[1mPT0002000077647404EM[0m  [2m[Cluster 1][0m
2026-08-15 14:42:47 [INFO]      consumiu MENOS que o habitual às 16h
2026-08-15 14:42:47 [INFO]      [2mReal:[0m 0.0 kWh   [2mHabitual:[0m 1.0 ± 0.3 kWh   [2mz:[0m -3.33   [2mdesvio:[0m -100%   [2m(2 obs. dia_util)[0m
2026-08-15 14:42:47 [INFO] 
2026-08-15 14:42:47 [INFO]   🔴 [91m[1mPT0002000078207354XC[0m  [2m[Cluster 1][0m
2026-08-15 14:42:47 [INFO]      consumiu MAIS que o habitual às 00h
2026-08-15 14:42:47 [INFO]      [2mReal:[0m 2.0 kWh   [2mHabitual:[0m 1.0 ± 0.3 kWh   [2mz:[0m +3.33   [2mdesvio:[0m +100%   [2m(2 obs. dia_util)[0m
2026-08-15 14:42:47 [INFO] 
2026-08-15 14:42:47 [INFO]   🔵 [94m[1mPT0002000078207354XC[0m  [2m[Cluster 1][0m
2026-08-15 14:42:47 [INFO]      consumiu MENOS que o habitual às 02h
2026-08-15 14:42:47 [INFO]      [2mReal:[0m 1.0 kWh   [2mHabitual:[0m 2.0 ± 0.3 kWh   [2mz:[0m -3.33   [2mdesvio:[0m -50%   [2m(2 obs. dia_util)[0m
2026-08-15 14:42:47 [INFO] 
2026-08-15 14:42:47 [INFO]   🔴 [91m[1mPT0002000078207354XC[0m  [2m[Cluster 1][0m
2026-08-15 14:42:47 [INFO]      consumiu MAIS que o habitual às 03h
2026-08-15 14:42:47 [INFO]      [2mReal:[0m 2.0 kWh   [2mHabitual:[0m 1.0 ± 0.3 kWh   [2mz:[0m +3.33   [2mdesvio:[0m +100%   [2m(2 obs. dia_util)[0m
2026-08-15 14:42:47 [INFO] 
2026-08-15 14:42:47 [INFO]   🔵 [94m[1mPT0002000078207354XC[0m  [2m[Cluster 1][0m
2026-08-15 14:42:47 [INFO]      consumiu MENOS que o habitual às 05h
2026-08-15 14:42:47 [INFO]      [2mReal:[0m 1.0 kWh   [2mHabitual:[0m 2.0 ± 0.3 kWh   [2mz:[0m -3.33   [2mdesvio:[0m -50%   [2m(2 obs. dia_util)[0m
2026-08-15 14:42:47 [INFO] 
2026-08-15 14:42:47 [INFO]   🔴 [91m[1mPT0002000078207354XC[0m  [2m[Cluster 1][0m
2026-08-15 14:42:47 [INFO]      consumiu MAIS que o habitual às 06h
2026-08-15 14:42:47 [INFO]      [2mReal:[0m 2.0 kWh   [2mHabitual:[0m 1.0 ± 0.3 kWh   [2mz:[0m +3.33   [2mdesvio:[0m +100%   [2m(2 obs. dia_util)[0m
2026-08-15 14:42:47 [INFO] 
2026-08-15 14:42:47 [INFO]   🔵 [94m[1mPT0002000078207354XC[0m  [2m[Cluster 1][0m
2026-08-15 14:42:47 [INFO]      consumiu MENOS que o habitual às 13h
2026-08-15 14:42:47 [INFO]      [2mReal:[0m 1.0 kWh   [2mHabitual:[0m 2.0 ± 0.3 kWh   [2mz:[0m -3.33   [2mdesvio:[0m -50%   [2m(2 obs. dia_util)[0m
2026-08-15 14:42:47 [INFO] 
2026-08-15 14:42:47 [INFO]   🔵 [94m[1mPT0002000078207354XC[0m  [2m[Cluster 1][0m
2026-08-15 14:42:47 [INFO]      consumiu MENOS que o habitual às 19h
2026-08-15 14:42:47 [INFO]      [2mReal:[0m 1.0 kWh   [2mHabitual:[0m 2.0 ± 0.3 kWh   [2mz:[0m -3.33   [2mdesvio:[0m -50%   [2m(2 obs. dia_util)[0m
2026-08-15 14:42:47 [INFO] 
2026-08-15 14:42:47 [INFO]   🔵 [94m[1mPT0002000078207354XC[0m  [2m[Cluster 1][0m
2026-08-15 14:42:47 [INFO]      consumiu MENOS que o habitual às 22h
2026-08-15 14:42:47 [INFO]      [2mReal:[0m 1.0 kWh   [2mHabitual:[0m 2.0 ± 0.3 kWh   [2mz:[0m -3.33   [2mdesvio:[0m -50%   [2m(3 obs. dia_util)[0m
2026-08-15 14:42:47 [INFO] 
2026-08-15 14:42:47 [INFO]   🔴 [91m[1mPT0002000078233981HJ[0m  [2m[Cluster 1][0m
2026-08-15 14:42:47 [INFO]      consumiu MAIS que o habitual às 04h
2026-08-15 14:42:47 [INFO]      [2mReal:[0m 2.0 kWh   [2mHabitual:[0m 1.0 ± 0.3 kWh   [2mz:[0m +3.33   [2mdesvio:[0m +100%   [2m(2 obs. dia_util)[0m
2026-08-15 14:42:47 [INFO] 
2026-08-15 14:42:47 [INFO]   🔵 [94m[1mPT0002000078233981HJ[0m  [2m[Cluster 1][0m
2026-08-15 14:42:47 [INFO]      consumiu MENOS que o habitual às 05h
2026-08-15 14:42:47 [INFO]      [2mReal:[0m 1.0 kWh   [2mHabitual:[0m 2.0 ± 0.3 kWh   [2mz:[0m -3.33   [2mdesvio:[0m -50%   [2m(2 obs. dia_util)[0m
2026-08-15 14:42:47 [INFO] 
2026-08-15 14:42:47 [INFO]   🔴 [91m[1mPT0002000105483259QH[0m  [2m[Cluster 1][0m
2026-08-15 14:42:47 [INFO]      consumiu MAIS que o habitual às 10h
2026-08-15 14:42:47 [INFO]      [2mReal:[0m 1.0 kWh   [2mHabitual:[0m 0.0 ± 0.3 kWh   [2mz:[0m +3.33   [2mdesvio:[0m +100000%   [2m(2 obs. dia_util)[0m
2026-08-15 14:42:47 [INFO] 
2026-08-15 14:42:47 [INFO]   🔵 [94m[1mPT0002000105483259QH[0m  [2m[Cluster 1][0m
2026-08-15 14:42:47 [INFO]      consumiu MENOS que o habitual às 11h
2026-08-15 14:42:47 [INFO]      [2mReal:[0m 0.0 kWh   [2mHabitual:[0m 1.0 ± 0.3 kWh   [2mz:[0m -3.33   [2mdesvio:[0m -100%   [2m(2 obs. dia_util)[0m
2026-08-15 14:42:47 [INFO] 
2026-08-15 14:42:47 [INFO]   🔴 [91m[1mPT0002000105483259QH[0m  [2m[Cluster 1][0m
2026-08-15 14:42:47 [INFO]      consumiu MAIS que o habitual às 20h
2026-08-15 14:42:47 [INFO]      [2mReal:[0m 2.0 kWh   [2mHabitual:[0m 1.0 ± 0.3 kWh   [2mz:[0m +3.33   [2mdesvio:[0m +100%   [2m(2 obs. dia_util)[0m
2026-08-15 14:42:47 [INFO] 
2026-08-15 14:42:47 [INFO]   🔴 [91m[1mPT0002000107046231FW[0m  [2m[Cluster 0][0m
2026-08-15 14:42:47 [INFO]      consumiu MAIS que o habitual às 11h
2026-08-15 14:42:47 [INFO]      [2mReal:[0m 3.0 kWh   [2mHabitual:[0m 2.0 ± 0.3 kWh   [2mz:[0m +3.33   [2mdesvio:[0m +50%   [2m(2 obs. dia_util)[0m
2026-08-15 14:42:47 [INFO] 
2026-08-15 14:42:47 [INFO]   🔵 [94m[1mPT0002000107046231FW[0m  [2m[Cluster 0][0m
2026-08-15 14:42:47 [INFO]      consumiu MENOS que o habitual às 12h
2026-08-15 14:42:47 [INFO]      [2mReal:[0m 1.0 kWh   [2mHabitual:[0m 2.0 ± 0.3 kWh   [2mz:[0m -3.33   [2mdesvio:[0m -50%   [2m(2 obs. dia_util)[0m
2026-08-15 14:42:47 [INFO] 
2026-08-15 14:42:47 [INFO]   🔴 [91m[1mPT0002000107046231FW[0m  [2m[Cluster 0][0m
2026-08-15 14:42:47 [INFO]      consumiu MAIS que o habitual às 15h
2026-08-15 14:42:47 [INFO]      [2mReal:[0m 4.0 kWh   [2mHabitual:[0m 3.0 ± 0.3 kWh   [2mz:[0m +3.33   [2mdesvio:[0m +33%   [2m(2 obs. dia_util)[0m
2026-08-15 14:42:47 [INFO] 
2026-08-15 14:42:47 [INFO]   🔵 [94m[1mPT0002000107046231FW[0m  [2m[Cluster 0][0m
2026-08-15 14:42:47 [INFO]      consumiu MENOS que o habitual às 16h
2026-08-15 14:42:47 [INFO]      [2mReal:[0m 2.0 kWh   [2mHabitual:[0m 3.0 ± 0.3 kWh   [2mz:[0m -3.33   [2mdesvio:[0m -33%   [2m(2 obs. dia_util)[0m
2026-08-15 14:42:47 [INFO] 
2026-08-15 14:42:47 [INFO]   🔴 [91m[1mPT0002000107046231FW[0m  [2m[Cluster 0][0m
2026-08-15 14:42:47 [INFO]      consumiu MAIS que o habitual às 17h
2026-08-15 14:42:47 [INFO]      [2mReal:[0m 3.0 kWh   [2mHabitual:[0m 2.0 ± 0.3 kWh   [2mz:[0m +3.33   [2mdesvio:[0m +50%   [2m(2 obs. dia_util)[0m
2026-08-15 14:42:47 [INFO] 
2026-08-15 14:42:47 [INFO]   🔵 [94m[1mPT0002000107046231FW[0m  [2m[Cluster 0][0m
2026-08-15 14:42:47 [INFO]      consumiu MENOS que o habitual às 18h
2026-08-15 14:42:47 [INFO]      [2mReal:[0m 2.0 kWh   [2mHabitual:[0m 3.0 ± 0.3 kWh   [2mz:[0m -3.33   [2mdesvio:[0m -33%   [2m(2 obs. dia_util)[0m
2026-08-15 14:42:47 [INFO] 
2026-08-15 14:42:47 [INFO]   🔴 [91m[1mPT0002000107046231FW[0m  [2m[Cluster 0][0m
2026-08-15 14:42:47 [INFO]      consumiu MAIS que o habitual às 20h
2026-08-15 14:42:47 [INFO]      [2mReal:[0m 3.0 kWh   [2mHabitual:[0m 2.0 ± 0.3 kWh   [2mz:[0m +3.33   [2mdesvio:[0m +50%   [2m(2 obs. dia_util)[0m
2026-08-15 14:42:47 [INFO] 
2026-08-15 14:42:47 [INFO]   🔴 [91m[1mPT0002000109837807PE[0m  [2m[Cluster 1][0m
2026-08-15 14:42:47 [INFO]      consumiu MAIS que o habitual às 07h
2026-08-15 14:42:47 [INFO]      [2mReal:[0m 4.0 kWh   [2mHabitual:[0m 3.0 ± 0.3 kWh   [2mz:[0m +3.33   [2mdesvio:[0m +33%   [2m(2 obs. dia_util)[0m
2026-08-15 14:42:47 [INFO] 
2026-08-15 14:42:47 [INFO]   🔴 [91m[1mPT0002000109837807PE[0m  [2m[Cluster 1][0m
2026-08-15 14:42:47 [INFO]      consumiu MAIS que o habitual às 18h
2026-08-15 14:42:47 [INFO]      [2mReal:[0m 4.0 kWh   [2mHabitual:[0m 3.0 ± 0.3 kWh   [2mz:[0m +3.33   [2mdesvio:[0m +33%   [2m(2 obs. dia_util)[0m
2026-08-15 14:42:47 [INFO] 
2026-08-15 14:42:47 [INFO]   🔵 [94m[1mPT0002000110607652SB[0m  [2m[Cluster 0][0m
2026-08-15 14:42:47 [INFO]      consumiu MENOS que o habitual às 04h
2026-08-15 14:42:47 [INFO]      [2mReal:[0m 8.0 kWh   [2mHabitual:[0m 12.0 ± 1.2 kWh   [2mz:[0m -3.33   [2mdesvio:[0m -33%   [2m(2 obs. dia_util)[0m
2026-08-15 14:42:47 [INFO] 
2026-08-15 14:42:47 [INFO]   🔴 [91m[1mPT0002000115673471CB[0m  [2m[Cluster 0][0m
2026-08-15 14:42:47 [INFO]      consumiu MAIS que o habitual às 09h
2026-08-15 14:42:47 [INFO]      [2mReal:[0m 8.0 kWh   [2mHabitual:[0m 6.0 ± 0.6 kWh   [2mz:[0m +3.33   [2mdesvio:[0m +33%   [2m(2 obs. dia_util)[0m
2026-08-15 14:42:47 [INFO] 
2026-08-15 14:42:47 [INFO]   🔴 [91m[1mPT0002000115673471CB[0m  [2m[Cluster 0][0m
2026-08-15 14:42:47 [INFO]      consumiu MAIS que o habitual às 12h
2026-08-15 14:42:47 [INFO]      [2mReal:[0m 8.0 kWh   [2mHabitual:[0m 6.0 ± 0.6 kWh   [2mz:[0m +3.33   [2mdesvio:[0m +33%   [2m(2 obs. dia_util)[0m
2026-08-15 14:42:47 [INFO] 
2026-08-15 14:42:47 [INFO]   🔴 [91m[1mPT0002000119303492KB[0m  [2m[Cluster 0][0m
2026-08-15 14:42:47 [INFO]      consumiu MAIS que o habitual às 20h
2026-08-15 14:42:47 [INFO]      [2mReal:[0m 4.0 kWh   [2mHabitual:[0m 3.0 ± 0.3 kWh   [2mz:[0m +3.33   [2mdesvio:[0m +33%   [2m(2 obs. dia_util)[0m
2026-08-15 14:42:47 [INFO] 
2026-08-15 14:42:47 [INFO]   🔴 [91m[1mPT0002000123648159KR[0m  [2m[Cluster 0][0m
2026-08-15 14:42:47 [INFO]      consumiu MAIS que o habitual às 15h
2026-08-15 14:42:47 [INFO]      [2mReal:[0m 3.0 kWh   [2mHabitual:[0m 2.0 ± 0.3 kWh   [2mz:[0m +3.33   [2mdesvio:[0m +50%   [2m(2 obs. dia_util)[0m
2026-08-15 14:42:47 [INFO] 
2026-08-15 14:42:47 [INFO]   🔴 [91m[1mPT0002000201038711LS[0m  [2m[Cluster 1 (atribuido)][0m
2026-08-15 14:42:47 [INFO]      consumiu MAIS que o habitual às 04h
2026-08-15 14:42:47 [INFO]      [2mReal:[0m 1.0 kWh   [2mHabitual:[0m 0.0 ± 0.3 kWh   [2mz:[0m +3.33   [2mdesvio:[0m +100000%   [2m(2 obs. dia_util)[0m
2026-08-15 14:42:47 [INFO] 
2026-08-15 14:42:47 [INFO]   🔴 [91m[1mPT0002000201038711LS[0m  [2m[Cluster 1 (atribuido)][0m
2026-08-15 14:42:47 [INFO]      consumiu MAIS que o habitual às 11h
2026-08-15 14:42:47 [INFO]      [2mReal:[0m 1.0 kWh   [2mHabitual:[0m 0.0 ± 0.3 kWh   [2mz:[0m +3.33   [2mdesvio:[0m +100000%   [2m(2 obs. dia_util)[0m
2026-08-15 14:42:47 [INFO] 
2026-08-15 14:42:47 [INFO]   🔴 [91m[1mPT0002000201038711LS[0m  [2m[Cluster 1 (atribuido)][0m
2026-08-15 14:42:47 [INFO]      consumiu MAIS que o habitual às 18h
2026-08-15 14:42:47 [INFO]      [2mReal:[0m 70.0 kWh   [2mHabitual:[0m 15.0 ± 17.0 kWh   [2mz:[0m +3.24   [2mdesvio:[0m +367%   [2m(2 obs. dia_util)[0m
2026-08-15 14:42:47 [INFO] 
2026-08-15 14:42:47 [INFO]   🔴 [91m[1mPT0002000073720434JD[0m  [2m[Cluster 1 (atribuido)][0m
2026-08-15 14:42:47 [INFO]      consumiu MAIS que o habitual às 18h
2026-08-15 14:42:47 [INFO]      [2mReal:[0m 41.0 kWh   [2mHabitual:[0m 23.0 ± 5.7 kWh   [2mz:[0m +3.18   [2mdesvio:[0m +78%   [2m(2 obs. dia_util)[0m
2026-08-15 14:42:47 [INFO] 
2026-08-15 14:42:47 [INFO]   🔴 [91m[1mPT0002000068859325FL[0m  [2m[Cluster 1][0m
2026-08-15 14:42:47 [INFO]      consumiu MAIS que o habitual às 10h
2026-08-15 14:42:47 [INFO]      [2mReal:[0m 164.0 kWh   [2mHabitual:[0m 112.0 ± 17.0 kWh   [2mz:[0m +3.06   [2mdesvio:[0m +46%   [2m(2 obs. dia_util)[0m
2026-08-15 14:42:47 [INFO] 
2026-08-15 14:42:47 [INFO]   🔴 [91m[1mPT0002000115673471CB[0m  [2m[Cluster 0][0m
2026-08-15 14:42:47 [INFO]      consumiu MAIS que o habitual às 07h
2026-08-15 14:42:47 [INFO]      [2mReal:[0m 15.0 kWh   [2mHabitual:[0m 11.5 ± 1.1 kWh   [2mz:[0m +3.04   [2mdesvio:[0m +30%   [2m(2 obs. dia_util)[0m
2026-08-15 14:42:47 [INFO] 
2026-08-15 14:42:47 [INFO]   [2mCSV:[0m /home/runner/work/ts-anomaly-detection-dissertation/ts-anomaly-detection-dissertation/results/energia/realtime/alerts/analise_energia_2026-08-11.csv
2026-08-15 14:42:47 [INFO] 
2026-08-15 14:42:47 [INFO] [96m→ A prever consumo de 2026-08-12 para 276 CPEs...[0m
2026-08-15 14:42:50 [INFO] [1m══════════════════════════════════════════════════════════════════════[0m
2026-08-15 14:42:50 [INFO] [1m  PREDIÇÃO — 2026-08-12 [0m[2m(dia util)[0m
2026-08-15 14:42:50 [INFO] [1m══════════════════════════════════════════════════════════════════════[0m
2026-08-15 14:42:50 [INFO]   [95m● CPEs previstos[0m          69 [2m(alta: 0, baixa: 1656)[0m
2026-08-15 14:42:50 [INFO]   [95m● Consumo total previsto[0m 82276.5 kWh [2m(±13814.7)[0m
2026-08-15 14:42:50 [INFO] 
2026-08-15 14:42:50 [INFO]   [2mPrevisão guardada:[0m /home/runner/work/ts-anomaly-detection-dissertation/ts-anomaly-detection-dissertation/results/energia/realtime/predictions/previsao_energia_2026-08-12.csv
2026-08-15 14:42:50 [INFO] 
2026-08-15 14:42:50 [INFO] [1m══════════════════════════════════════════════════════════════════════[0m
2026-08-15 14:42:50 [INFO] [1m  VALIDAÇÃO — qualidade das previsões anteriores[0m
2026-08-15 14:42:50 [INFO] [1m══════════════════════════════════════════════════════════════════════[0m
2026-08-15 14:42:50 [INFO]   [2mDias validados:[0m 6   [2mpendentes:[0m 56
2026-08-15 14:42:50 [INFO]   [2mÚltimo (2026-08-11):[0m MAE 4.89 kWh   RMSE 11.87   em ±1σ 69% [2m(esperado ~68%)[0m   em ±2σ 89% [2m(esperado ~95%)[0m
2026-08-15 14:42:50 [INFO]   [2mMédia acumulada:[0m MAE 15.35 kWh   RMSE 36.12   em ±1σ 66%   em ±2σ 89%
2026-08-15 14:42:50 [INFO]   [2mCSV:[0m /home/runner/work/ts-anomaly-detection-dissertation/ts-anomaly-detection-dissertation/results/energia/realtime/analysis/qualidade_previsoes_energia.csv
2026-08-15 14:42:50 [INFO] 
2026-08-15 14:42:50 [INFO] 
2026-08-15 14:42:50 [INFO] Concluido em 435.6s. Ficheiros gerados: 2
