2026-08-08 00:12:54 [INFO] [96m→ A pedir dados ao BaZe (276 CPEs)...[0m
2026-08-08 00:20:01 [INFO]   [2mClusters atribuidos carregados:[0m 22 novos
2026-08-08 00:20:03 [INFO] 
2026-08-08 00:20:03 [INFO] [1m══════════════════════════════════════════════════════════════════════[0m
2026-08-08 00:20:03 [INFO] [1m  DETEÇÃO DE ANOMALIAS — 2026-08-03[0m
2026-08-08 00:20:03 [INFO] [1m══════════════════════════════════════════════════════════════════════[0m
2026-08-08 00:20:03 [INFO]   [2mTipo de dia:[0m  dia util
2026-08-08 00:20:03 [INFO]   [2mFonte:[0m        BAZE
2026-08-08 00:20:03 [INFO]   [2mCPEs c/ dados:[0m 69
2026-08-08 00:20:03 [INFO]   [2mThreshold:[0m    |z| > 3.0 [2m(adaptativo a este tipo de dia)[0m
2026-08-08 00:20:03 [INFO] 
2026-08-08 00:20:03 [INFO] [96m→ A analisar 69 CPEs / 207 pontos horários (retrospetiva)...[0m
2026-08-08 00:20:04 [INFO] [1m─── Resumo ─────────────────────────────────────[0m
2026-08-08 00:20:04 [INFO]   [92m● Normal[0m                 190 [2m( 91.8%)[0m
2026-08-08 00:20:04 [INFO]   [91m● Desvio (alta confiança)[0m    0 [2m(  0.0%)[0m
2026-08-08 00:20:04 [INFO]   [93m● Desvio (baixa confiança)[0m  17 [2m(  8.2%)[0m
2026-08-08 00:20:04 [INFO]   [2mTempo: 429.5s[0m
2026-08-08 00:20:04 [INFO] 
2026-08-08 00:20:04 [INFO] [1m[93m─── Desvios de BAIXA confiança (17) ──────────────[0m
2026-08-08 00:20:04 [INFO]   [2m(poucos dados históricos — verificar manualmente)[0m
2026-08-08 00:20:04 [INFO] 
2026-08-08 00:20:04 [INFO]   🔴 [91m[1mPT0002000068858674WN[0m  [2m[Cluster 1 (atribuido)][0m
2026-08-08 00:20:04 [INFO]      consumiu MAIS que o habitual às 21h
2026-08-08 00:20:04 [INFO]      [2mReal:[0m 28.0 kWh   [2mHabitual:[0m 8.0 ± 0.8 kWh   [2mz:[0m +10.00⁺   [2mdesvio:[0m +250%   [2m(3 obs. dia_util)[0m
2026-08-08 00:20:04 [INFO] 
2026-08-08 00:20:04 [INFO]   🔴 [91m[1mPT0002000073573036KH[0m  [2m[Cluster 0 (atribuido)][0m
2026-08-08 00:20:04 [INFO]      consumiu MAIS que o habitual às 23h
2026-08-08 00:20:04 [INFO]      [2mReal:[0m 201.0 kWh   [2mHabitual:[0m 112.7 ± 11.3 kWh   [2mz:[0m +7.84   [2mdesvio:[0m +78%   [2m(3 obs. dia_util)[0m
2026-08-08 00:20:04 [INFO] 
2026-08-08 00:20:04 [INFO]   🔴 [91m[1mPT0002000073573036KH[0m  [2m[Cluster 0 (atribuido)][0m
2026-08-08 00:20:04 [INFO]      consumiu MAIS que o habitual às 22h
2026-08-08 00:20:04 [INFO]      [2mReal:[0m 201.0 kWh   [2mHabitual:[0m 114.0 ± 11.4 kWh   [2mz:[0m +7.63   [2mdesvio:[0m +76%   [2m(3 obs. dia_util)[0m
2026-08-08 00:20:04 [INFO] 
2026-08-08 00:20:04 [INFO]   🔵 [94m[1mPT0002000081344542CP[0m  [2m[Cluster 1][0m
2026-08-08 00:20:04 [INFO]      consumiu MENOS que o habitual às 21h
2026-08-08 00:20:04 [INFO]      [2mReal:[0m 1.0 kWh   [2mHabitual:[0m 34.7 ± 7.4 kWh   [2mz:[0m -4.57   [2mdesvio:[0m -97%   [2m(3 obs. dia_util)[0m
2026-08-08 00:20:04 [INFO] 
2026-08-08 00:20:04 [INFO]   🔵 [94m[1mPT0002000201038711LS[0m  [2m[Cluster 1 (atribuido)][0m
2026-08-08 00:20:04 [INFO]      consumiu MENOS que o habitual às 21h
2026-08-08 00:20:04 [INFO]      [2mReal:[0m 31.0 kWh   [2mHabitual:[0m 78.0 ± 10.4 kWh   [2mz:[0m -4.50   [2mdesvio:[0m -60%   [2m(3 obs. dia_util)[0m
2026-08-08 00:20:04 [INFO] 
2026-08-08 00:20:04 [INFO]   🔵 [94m[1mPT0002000115673389QK[0m  [2m[Cluster 0][0m
2026-08-08 00:20:04 [INFO]      consumiu MENOS que o habitual às 21h
2026-08-08 00:20:04 [INFO]      [2mReal:[0m 12.0 kWh   [2mHabitual:[0m 21.7 ± 2.2 kWh   [2mz:[0m -4.46   [2mdesvio:[0m -45%   [2m(3 obs. dia_util)[0m
2026-08-08 00:20:04 [INFO] 
2026-08-08 00:20:04 [INFO]   🔵 [94m[1mPT0002000107172384HT[0m  [2m[Cluster 1][0m
2026-08-08 00:20:04 [INFO]      consumiu MENOS que o habitual às 21h
2026-08-08 00:20:04 [INFO]      [2mReal:[0m 20.0 kWh   [2mHabitual:[0m 36.0 ± 3.6 kWh   [2mz:[0m -4.44   [2mdesvio:[0m -44%   [2m(3 obs. dia_util)[0m
2026-08-08 00:20:04 [INFO] 
2026-08-08 00:20:04 [INFO]   🔵 [94m[1mPT0002000073717386HC[0m  [2m[Cluster 1 (atribuido)][0m
2026-08-08 00:20:04 [INFO]      consumiu MENOS que o habitual às 21h
2026-08-08 00:20:04 [INFO]      [2mReal:[0m 4.0 kWh   [2mHabitual:[0m 6.7 ± 0.7 kWh   [2mz:[0m -4.00   [2mdesvio:[0m -40%   [2m(3 obs. dia_util)[0m
2026-08-08 00:20:04 [INFO] 
2026-08-08 00:20:04 [INFO]   🔵 [94m[1mPT0002000125379984SH[0m  [2m[Cluster 1][0m
2026-08-08 00:20:04 [INFO]      consumiu MENOS que o habitual às 21h
2026-08-08 00:20:04 [INFO]      [2mReal:[0m 3.0 kWh   [2mHabitual:[0m 5.0 ± 0.5 kWh   [2mz:[0m -4.00   [2mdesvio:[0m -40%   [2m(3 obs. dia_util)[0m
2026-08-08 00:20:04 [INFO] 
2026-08-08 00:20:04 [INFO]   🔵 [94m[1mPT0002000068856826ZG[0m  [2m[Cluster 0 (atribuido)][0m
2026-08-08 00:20:04 [INFO]      consumiu MENOS que o habitual às 21h
2026-08-08 00:20:04 [INFO]      [2mReal:[0m 126.0 kWh   [2mHabitual:[0m 207.7 ± 20.8 kWh   [2mz:[0m -3.93   [2mdesvio:[0m -39%   [2m(3 obs. dia_util)[0m
2026-08-08 00:20:04 [INFO] 
2026-08-08 00:20:04 [INFO]   🔵 [94m[1mPT0002000107172384HT[0m  [2m[Cluster 1][0m
2026-08-08 00:20:04 [INFO]      consumiu MENOS que o habitual às 23h
2026-08-08 00:20:04 [INFO]      [2mReal:[0m 22.0 kWh   [2mHabitual:[0m 33.7 ± 3.4 kWh   [2mz:[0m -3.47   [2mdesvio:[0m -35%   [2m(3 obs. dia_util)[0m
2026-08-08 00:20:04 [INFO] 
2026-08-08 00:20:04 [INFO]   🔴 [91m[1mPT0002000068856872QG[0m  [2m[Cluster 1][0m
2026-08-08 00:20:04 [INFO]      consumiu MAIS que o habitual às 23h
2026-08-08 00:20:04 [INFO]      [2mReal:[0m 1.0 kWh   [2mHabitual:[0m 0.0 ± 0.3 kWh   [2mz:[0m +3.33   [2mdesvio:[0m +100000%   [2m(3 obs. dia_util)[0m
2026-08-08 00:20:04 [INFO] 
2026-08-08 00:20:04 [INFO]   🔵 [94m[1mPT0002000078233981HJ[0m  [2m[Cluster 1][0m
2026-08-08 00:20:04 [INFO]      consumiu MENOS que o habitual às 21h
2026-08-08 00:20:04 [INFO]      [2mReal:[0m 1.0 kWh   [2mHabitual:[0m 2.0 ± 0.3 kWh   [2mz:[0m -3.33   [2mdesvio:[0m -50%   [2m(3 obs. dia_util)[0m
2026-08-08 00:20:04 [INFO] 
2026-08-08 00:20:04 [INFO]   🔴 [91m[1mPT0002000078233981HJ[0m  [2m[Cluster 1][0m
2026-08-08 00:20:04 [INFO]      consumiu MAIS que o habitual às 22h
2026-08-08 00:20:04 [INFO]      [2mReal:[0m 3.0 kWh   [2mHabitual:[0m 2.0 ± 0.3 kWh   [2mz:[0m +3.33   [2mdesvio:[0m +50%   [2m(3 obs. dia_util)[0m
2026-08-08 00:20:04 [INFO] 
2026-08-08 00:20:04 [INFO]   🔵 [94m[1mPT0002000123648159KR[0m  [2m[Cluster 0][0m
2026-08-08 00:20:04 [INFO]      consumiu MENOS que o habitual às 21h
2026-08-08 00:20:04 [INFO]      [2mReal:[0m 2.0 kWh   [2mHabitual:[0m 3.0 ± 0.3 kWh   [2mz:[0m -3.33   [2mdesvio:[0m -33%   [2m(3 obs. dia_util)[0m
2026-08-08 00:20:04 [INFO] 
2026-08-08 00:20:04 [INFO]   🔵 [94m[1mPT0002000073481266XH[0m  [2m[Cluster 0][0m
2026-08-08 00:20:04 [INFO]      consumiu MENOS que o habitual às 21h
2026-08-08 00:20:04 [INFO]      [2mReal:[0m 6.0 kWh   [2mHabitual:[0m 8.7 ± 0.9 kWh   [2mz:[0m -3.08   [2mdesvio:[0m -31%   [2m(3 obs. dia_util)[0m
2026-08-08 00:20:04 [INFO] 
2026-08-08 00:20:04 [INFO]   🔵 [94m[1mPT0002000115673389QK[0m  [2m[Cluster 0][0m
2026-08-08 00:20:04 [INFO]      consumiu MENOS que o habitual às 22h
2026-08-08 00:20:04 [INFO]      [2mReal:[0m 15.0 kWh   [2mHabitual:[0m 21.7 ± 2.2 kWh   [2mz:[0m -3.08   [2mdesvio:[0m -31%   [2m(3 obs. dia_util)[0m
2026-08-08 00:20:04 [INFO] 
2026-08-08 00:20:04 [INFO]   [2mCSV:[0m C:\Users\anaca\OneDrive\Ambiente de Trabalho\Tese\ts-anomaly-detection-dissertation\results\energia\realtime\alerts\analise_energia_2026-08-03.csv
2026-08-08 00:20:04 [INFO] 
2026-08-08 00:20:04 [INFO] [96m→ A prever consumo de 2026-08-04 para 276 CPEs...[0m
2026-08-08 00:20:32 [INFO] [1m══════════════════════════════════════════════════════════════════════[0m
2026-08-08 00:20:32 [INFO] [1m  PREDIÇÃO — 2026-08-04 [0m[2m(dia util)[0m
2026-08-08 00:20:32 [INFO] [1m══════════════════════════════════════════════════════════════════════[0m
2026-08-08 00:20:32 [INFO]   [95m● CPEs previstos[0m          69 [2m(alta: 0, baixa: 1656)[0m
2026-08-08 00:20:32 [INFO]   [95m● Consumo total previsto[0m 87826.4 kWh [2m(±12948.7)[0m
2026-08-08 00:20:32 [INFO] 
2026-08-08 00:20:32 [INFO]   [2mPrevisão guardada:[0m C:\Users\anaca\OneDrive\Ambiente de Trabalho\Tese\ts-anomaly-detection-dissertation\results\energia\realtime\predictions\previsao_energia_2026-08-04.csv
2026-08-08 00:20:32 [INFO] 
2026-08-08 00:20:32 [INFO] [1m══════════════════════════════════════════════════════════════════════[0m
2026-08-08 00:20:32 [INFO] [1m  VALIDAÇÃO — qualidade das previsões anteriores[0m
2026-08-08 00:20:32 [INFO] [1m══════════════════════════════════════════════════════════════════════[0m
2026-08-08 00:20:32 [INFO]   [2mDias validados:[0m 3   [2mpendentes:[0m 53
2026-08-08 00:20:32 [INFO]   [2mÚltimo (2026-08-05):[0m MAE 7.16 kWh   RMSE 20.13   em ±1σ 72% [2m(esperado ~68%)[0m   em ±2σ 86% [2m(esperado ~95%)[0m
2026-08-08 00:20:32 [INFO]   [2mMédia acumulada:[0m MAE 7.90 kWh   RMSE 21.23   em ±1σ 71%   em ±2σ 85%
2026-08-08 00:20:32 [INFO]   [2mCSV:[0m C:\Users\anaca\OneDrive\Ambiente de Trabalho\Tese\ts-anomaly-detection-dissertation\results\energia\realtime\analysis\qualidade_previsoes_energia.csv
2026-08-08 00:20:32 [INFO] 
2026-08-08 00:20:32 [INFO] 
2026-08-08 00:20:32 [INFO] Concluido em 458.0s. Ficheiros gerados: 2
2026-08-08 00:26:46 [INFO] [96m→ A pedir dados ao BaZe (276 CPEs)...[0m
2026-08-08 00:33:31 [INFO]   [2mClusters atribuidos carregados:[0m 22 novos
2026-08-08 00:33:31 [INFO] 
2026-08-08 00:33:31 [INFO] [1m══════════════════════════════════════════════════════════════════════[0m
2026-08-08 00:33:31 [INFO] [1m  DETEÇÃO DE ANOMALIAS — 2026-08-05[0m
2026-08-08 00:33:31 [INFO] [1m══════════════════════════════════════════════════════════════════════[0m
2026-08-08 00:33:31 [INFO]   [2mTipo de dia:[0m  dia util
2026-08-08 00:33:31 [INFO]   [2mFonte:[0m        BAZE
2026-08-08 00:33:31 [INFO]   [2mCPEs c/ dados:[0m 69
2026-08-08 00:33:31 [INFO]   [2mThreshold:[0m    |z| > 3.0 [2m(adaptativo a este tipo de dia)[0m
2026-08-08 00:33:31 [INFO] 
2026-08-08 00:33:31 [INFO] [96m→ A analisar 69 CPEs / 1656 pontos horários (retrospetiva)...[0m
2026-08-08 00:33:40 [INFO] [1m─── Resumo ─────────────────────────────────────[0m
2026-08-08 00:33:40 [INFO]   [92m● Normal[0m                1544 [2m( 93.2%)[0m
2026-08-08 00:33:40 [INFO]   [91m● Desvio (alta confiança)[0m    0 [2m(  0.0%)[0m
2026-08-08 00:33:40 [INFO]   [93m● Desvio (baixa confiança)[0m 112 [2m(  6.8%)[0m
2026-08-08 00:33:40 [INFO]   [2mTempo: 414.5s[0m
2026-08-08 00:33:40 [INFO] 
2026-08-08 00:33:40 [INFO] [1m[93m─── Desvios de BAIXA confiança (112) ──────────────[0m
2026-08-08 00:33:40 [INFO]   [2m(poucos dados históricos — verificar manualmente)[0m
2026-08-08 00:33:40 [INFO] 
2026-08-08 00:33:40 [INFO]   🔴 [91m[1mPT0002000068856872QG[0m  [2m[Cluster 1][0m
2026-08-08 00:33:40 [INFO]      consumiu MAIS que o habitual às 09h
2026-08-08 00:33:40 [INFO]      [2mReal:[0m 3.0 kWh   [2mHabitual:[0m 0.0 ± 0.3 kWh   [2mz:[0m +10.00   [2mdesvio:[0m +300000%   [2m(2 obs. dia_util)[0m
2026-08-08 00:33:40 [INFO] 
2026-08-08 00:33:40 [INFO]   🔴 [91m[1mPT0002000068856872QG[0m  [2m[Cluster 1][0m
2026-08-08 00:33:40 [INFO]      consumiu MAIS que o habitual às 22h
2026-08-08 00:33:40 [INFO]      [2mReal:[0m 3.0 kWh   [2mHabitual:[0m 0.0 ± 0.3 kWh   [2mz:[0m +10.00   [2mdesvio:[0m +300000%   [2m(3 obs. dia_util)[0m
2026-08-08 00:33:40 [INFO] 
2026-08-08 00:33:40 [INFO]   🔴 [91m[1mPT0002000068858674WN[0m  [2m[Cluster 1 (atribuido)][0m
2026-08-08 00:33:40 [INFO]      consumiu MAIS que o habitual às 19h
2026-08-08 00:33:40 [INFO]      [2mReal:[0m 8.0 kWh   [2mHabitual:[0m 4.0 ± 0.4 kWh   [2mz:[0m +10.00   [2mdesvio:[0m +100%   [2m(2 obs. dia_util)[0m
2026-08-08 00:33:40 [INFO] 
2026-08-08 00:33:40 [INFO]   🔴 [91m[1mPT0002000081344542CP[0m  [2m[Cluster 1][0m
2026-08-08 00:33:40 [INFO]      consumiu MAIS que o habitual às 05h
2026-08-08 00:33:40 [INFO]      [2mReal:[0m 5.0 kWh   [2mHabitual:[0m 2.0 ± 0.3 kWh   [2mz:[0m +10.00   [2mdesvio:[0m +150%   [2m(2 obs. dia_util)[0m
2026-08-08 00:33:40 [INFO] 
2026-08-08 00:33:40 [INFO]   🔴 [91m[1mPT0002000081344542CP[0m  [2m[Cluster 1][0m
2026-08-08 00:33:40 [INFO]      consumiu MAIS que o habitual às 23h
2026-08-08 00:33:40 [INFO]      [2mReal:[0m 19.0 kWh   [2mHabitual:[0m 4.3 ± 0.6 kWh   [2mz:[0m +10.00⁺   [2mdesvio:[0m +339%   [2m(3 obs. dia_util)[0m
2026-08-08 00:33:40 [INFO] 
2026-08-08 00:33:40 [INFO]   🔴 [91m[1mPT0002000125379984SH[0m  [2m[Cluster 1][0m
2026-08-08 00:33:40 [INFO]      consumiu MAIS que o habitual às 19h
2026-08-08 00:33:40 [INFO]      [2mReal:[0m 8.0 kWh   [2mHabitual:[0m 4.0 ± 0.4 kWh   [2mz:[0m +10.00   [2mdesvio:[0m +100%   [2m(2 obs. dia_util)[0m
2026-08-08 00:33:40 [INFO] 
2026-08-08 00:33:40 [INFO]   🔴 [91m[1mPT0002000125701614SQ[0m  [2m[Cluster 1 (atribuido)][0m
2026-08-08 00:33:40 [INFO]      consumiu MAIS que o habitual às 21h
2026-08-08 00:33:40 [INFO]      [2mReal:[0m 74.0 kWh   [2mHabitual:[0m 19.7 ± 2.1 kWh   [2mz:[0m +10.00⁺   [2mdesvio:[0m +276%   [2m(3 obs. dia_util)[0m
2026-08-08 00:33:40 [INFO] 
2026-08-08 00:33:40 [INFO]   🔴 [91m[1mPT0002000125701614SQ[0m  [2m[Cluster 1 (atribuido)][0m
2026-08-08 00:33:40 [INFO]      consumiu MAIS que o habitual às 22h
2026-08-08 00:33:40 [INFO]      [2mReal:[0m 234.0 kWh   [2mHabitual:[0m 20.0 ± 7.0 kWh   [2mz:[0m +10.00⁺   [2mdesvio:[0m +1070%   [2m(3 obs. dia_util)[0m
2026-08-08 00:33:40 [INFO] 
2026-08-08 00:33:40 [INFO]   🔴 [91m[1mPT0002000125701614SQ[0m  [2m[Cluster 1 (atribuido)][0m
2026-08-08 00:33:40 [INFO]      consumiu MAIS que o habitual às 23h
2026-08-08 00:33:40 [INFO]      [2mReal:[0m 151.0 kWh   [2mHabitual:[0m 17.3 ± 5.9 kWh   [2mz:[0m +10.00⁺   [2mdesvio:[0m +771%   [2m(3 obs. dia_util)[0m
2026-08-08 00:33:40 [INFO] 
2026-08-08 00:33:40 [INFO]   🔴 [91m[1mPT0002000068859393XH[0m  [2m[Cluster 1][0m
2026-08-08 00:33:40 [INFO]      consumiu MAIS que o habitual às 22h
2026-08-08 00:33:40 [INFO]      [2mReal:[0m 65.0 kWh   [2mHabitual:[0m 32.7 ± 3.3 kWh   [2mz:[0m +9.90   [2mdesvio:[0m +99%   [2m(3 obs. dia_util)[0m
2026-08-08 00:33:40 [INFO] 
2026-08-08 00:33:40 [INFO]   🔴 [91m[1mPT0002000068855003AK[0m  [2m[Cluster 0 (atribuido)][0m
2026-08-08 00:33:40 [INFO]      consumiu MAIS que o habitual às 21h
2026-08-08 00:33:40 [INFO]      [2mReal:[0m 12.0 kWh   [2mHabitual:[0m 6.3 ± 0.6 kWh   [2mz:[0m +8.95   [2mdesvio:[0m +90%   [2m(3 obs. dia_util)[0m
2026-08-08 00:33:40 [INFO] 
2026-08-08 00:33:40 [INFO]   🔴 [91m[1mPT0002000068855003AK[0m  [2m[Cluster 0 (atribuido)][0m
2026-08-08 00:33:40 [INFO]      consumiu MAIS que o habitual às 17h
2026-08-08 00:33:40 [INFO]      [2mReal:[0m 80.0 kWh   [2mHabitual:[0m 43.0 ± 4.3 kWh   [2mz:[0m +8.60   [2mdesvio:[0m +86%   [2m(2 obs. dia_util)[0m
2026-08-08 00:33:40 [INFO] 
2026-08-08 00:33:40 [INFO]   🔵 [94m[1mPT0002000081344542CP[0m  [2m[Cluster 1][0m
2026-08-08 00:33:40 [INFO]      consumiu MENOS que o habitual às 01h
2026-08-08 00:33:40 [INFO]      [2mReal:[0m 1.0 kWh   [2mHabitual:[0m 6.0 ± 0.6 kWh   [2mz:[0m -8.33   [2mdesvio:[0m -83%   [2m(2 obs. dia_util)[0m
2026-08-08 00:33:40 [INFO] 
2026-08-08 00:33:40 [INFO]   🔴 [91m[1mPT0002000068859393XH[0m  [2m[Cluster 1][0m
2026-08-08 00:33:40 [INFO]      consumiu MAIS que o habitual às 21h
2026-08-08 00:33:40 [INFO]      [2mReal:[0m 67.0 kWh   [2mHabitual:[0m 30.3 ± 4.7 kWh   [2mz:[0m +7.76   [2mdesvio:[0m +121%   [2m(3 obs. dia_util)[0m
2026-08-08 00:33:40 [INFO] 
2026-08-08 00:33:40 [INFO]   🔴 [91m[1mPT0002000110607652SB[0m  [2m[Cluster 0][0m
2026-08-08 00:33:40 [INFO]      consumiu MAIS que o habitual às 23h
2026-08-08 00:33:40 [INFO]      [2mReal:[0m 28.0 kWh   [2mHabitual:[0m 10.7 ± 2.3 kWh   [2mz:[0m +7.51   [2mdesvio:[0m +162%   [2m(3 obs. dia_util)[0m
2026-08-08 00:33:40 [INFO] 
2026-08-08 00:33:40 [INFO]   🔴 [91m[1mPT0002000068855003AK[0m  [2m[Cluster 0 (atribuido)][0m
2026-08-08 00:33:40 [INFO]      consumiu MAIS que o habitual às 23h
2026-08-08 00:33:40 [INFO]      [2mReal:[0m 11.0 kWh   [2mHabitual:[0m 6.3 ± 0.6 kWh   [2mz:[0m +7.37   [2mdesvio:[0m +74%   [2m(3 obs. dia_util)[0m
2026-08-08 00:33:40 [INFO] 
2026-08-08 00:33:40 [INFO]   🔴 [91m[1mPT0002000081344542CP[0m  [2m[Cluster 1][0m
2026-08-08 00:33:40 [INFO]      consumiu MAIS que o habitual às 22h
2026-08-08 00:33:40 [INFO]      [2mReal:[0m 45.0 kWh   [2mHabitual:[0m 7.7 ± 5.1 kWh   [2mz:[0m +7.28   [2mdesvio:[0m +487%   [2m(3 obs. dia_util)[0m
2026-08-08 00:33:40 [INFO] 
2026-08-08 00:33:40 [INFO]   🔴 [91m[1mPT0002000073720434JD[0m  [2m[Cluster 1 (atribuido)][0m
2026-08-08 00:33:40 [INFO]      consumiu MAIS que o habitual às 17h
2026-08-08 00:33:40 [INFO]      [2mReal:[0m 41.0 kWh   [2mHabitual:[0m 24.0 ± 2.4 kWh   [2mz:[0m +7.08   [2mdesvio:[0m +71%   [2m(2 obs. dia_util)[0m
2026-08-08 00:33:40 [INFO] 
2026-08-08 00:33:40 [INFO]   🔵 [94m[1mPT0002000073717386HC[0m  [2m[Cluster 1 (atribuido)][0m
2026-08-08 00:33:40 [INFO]      consumiu MENOS que o habitual às 15h
2026-08-08 00:33:40 [INFO]      [2mReal:[0m 1.0 kWh   [2mHabitual:[0m 3.0 ± 0.3 kWh   [2mz:[0m -6.67   [2mdesvio:[0m -67%   [2m(2 obs. dia_util)[0m
2026-08-08 00:33:40 [INFO] 
2026-08-08 00:33:40 [INFO]   🔴 [91m[1mPT0002000068857909SY[0m  [2m[Cluster 1][0m
2026-08-08 00:33:40 [INFO]      consumiu MAIS que o habitual às 01h
2026-08-08 00:33:40 [INFO]      [2mReal:[0m 7.0 kWh   [2mHabitual:[0m 2.5 ± 0.7 kWh   [2mz:[0m +6.36   [2mdesvio:[0m +180%   [2m(2 obs. dia_util)[0m
2026-08-08 00:33:40 [INFO] 
2026-08-08 00:33:40 [INFO]   🔴 [91m[1mPT0002000068857909SY[0m  [2m[Cluster 1][0m
2026-08-08 00:33:40 [INFO]      consumiu MAIS que o habitual às 05h
2026-08-08 00:33:40 [INFO]      [2mReal:[0m 7.0 kWh   [2mHabitual:[0m 2.5 ± 0.7 kWh   [2mz:[0m +6.36   [2mdesvio:[0m +180%   [2m(2 obs. dia_util)[0m
2026-08-08 00:33:40 [INFO] 
2026-08-08 00:33:40 [INFO]   🔵 [94m[1mPT0002000078233981HJ[0m  [2m[Cluster 1][0m
2026-08-08 00:33:40 [INFO]      consumiu MENOS que o habitual às 09h
2026-08-08 00:33:40 [INFO]      [2mReal:[0m 6.0 kWh   [2mHabitual:[0m 15.0 ± 1.5 kWh   [2mz:[0m -6.00   [2mdesvio:[0m -60%   [2m(2 obs. dia_util)[0m
2026-08-08 00:33:40 [INFO] 
2026-08-08 00:33:40 [INFO]   🔴 [91m[1mPT0002000081997398TD[0m  [2m[Cluster 0][0m
2026-08-08 00:33:40 [INFO]      consumiu MAIS que o habitual às 22h
2026-08-08 00:33:40 [INFO]      [2mReal:[0m 103.0 kWh   [2mHabitual:[0m 65.0 ± 6.5 kWh   [2mz:[0m +5.85   [2mdesvio:[0m +58%   [2m(3 obs. dia_util)[0m
2026-08-08 00:33:40 [INFO] 
2026-08-08 00:33:40 [INFO]   🔴 [91m[1mPT0002000068855003AK[0m  [2m[Cluster 0 (atribuido)][0m
2026-08-08 00:33:40 [INFO]      consumiu MAIS que o habitual às 22h
2026-08-08 00:33:40 [INFO]      [2mReal:[0m 10.0 kWh   [2mHabitual:[0m 6.3 ± 0.6 kWh   [2mz:[0m +5.79   [2mdesvio:[0m +58%   [2m(3 obs. dia_util)[0m
2026-08-08 00:33:40 [INFO] 
2026-08-08 00:33:40 [INFO]   🔵 [94m[1mPT0002000109837807PE[0m  [2m[Cluster 1][0m
2026-08-08 00:33:40 [INFO]      consumiu MENOS que o habitual às 17h
2026-08-08 00:33:40 [INFO]      [2mReal:[0m 3.0 kWh   [2mHabitual:[0m 7.0 ± 0.7 kWh   [2mz:[0m -5.71   [2mdesvio:[0m -57%   [2m(2 obs. dia_util)[0m
2026-08-08 00:33:40 [INFO] 
2026-08-08 00:33:40 [INFO]   🔵 [94m[1mPT0002000068858674WN[0m  [2m[Cluster 1 (atribuido)][0m
2026-08-08 00:33:40 [INFO]      consumiu MENOS que o habitual às 01h
2026-08-08 00:33:40 [INFO]      [2mReal:[0m 4.0 kWh   [2mHabitual:[0m 8.0 ± 0.8 kWh   [2mz:[0m -5.00   [2mdesvio:[0m -50%   [2m(2 obs. dia_util)[0m
2026-08-08 00:33:40 [INFO] 
2026-08-08 00:33:40 [INFO]   🔵 [94m[1mPT0002000068858674WN[0m  [2m[Cluster 1 (atribuido)][0m
2026-08-08 00:33:40 [INFO]      consumiu MENOS que o habitual às 03h
2026-08-08 00:33:40 [INFO]      [2mReal:[0m 4.0 kWh   [2mHabitual:[0m 8.0 ± 0.8 kWh   [2mz:[0m -5.00   [2mdesvio:[0m -50%   [2m(2 obs. dia_util)[0m
2026-08-08 00:33:40 [INFO] 
2026-08-08 00:33:40 [INFO]   🔵 [94m[1mPT0002000068858674WN[0m  [2m[Cluster 1 (atribuido)][0m
2026-08-08 00:33:40 [INFO]      consumiu MENOS que o habitual às 06h
2026-08-08 00:33:40 [INFO]      [2mReal:[0m 4.0 kWh   [2mHabitual:[0m 8.0 ± 0.8 kWh   [2mz:[0m -5.00   [2mdesvio:[0m -50%   [2m(2 obs. dia_util)[0m
2026-08-08 00:33:40 [INFO] 
2026-08-08 00:33:40 [INFO]   🔵 [94m[1mPT0002000068858674WN[0m  [2m[Cluster 1 (atribuido)][0m
2026-08-08 00:33:40 [INFO]      consumiu MENOS que o habitual às 08h
2026-08-08 00:33:40 [INFO]      [2mReal:[0m 4.0 kWh   [2mHabitual:[0m 8.0 ± 0.8 kWh   [2mz:[0m -5.00   [2mdesvio:[0m -50%   [2m(2 obs. dia_util)[0m
2026-08-08 00:33:40 [INFO] 
2026-08-08 00:33:40 [INFO]   🔵 [94m[1mPT0002000068858674WN[0m  [2m[Cluster 1 (atribuido)][0m
2026-08-08 00:33:40 [INFO]      consumiu MENOS que o habitual às 18h
2026-08-08 00:33:40 [INFO]      [2mReal:[0m 4.0 kWh   [2mHabitual:[0m 8.0 ± 0.8 kWh   [2mz:[0m -5.00   [2mdesvio:[0m -50%   [2m(2 obs. dia_util)[0m
2026-08-08 00:33:40 [INFO] 
2026-08-08 00:33:40 [INFO]   🔵 [94m[1mPT0002000068858674WN[0m  [2m[Cluster 1 (atribuido)][0m
2026-08-08 00:33:40 [INFO]      consumiu MENOS que o habitual às 20h
2026-08-08 00:33:40 [INFO]      [2mReal:[0m 4.0 kWh   [2mHabitual:[0m 8.0 ± 0.8 kWh   [2mz:[0m -5.00   [2mdesvio:[0m -50%   [2m(2 obs. dia_util)[0m
2026-08-08 00:33:40 [INFO] 
2026-08-08 00:33:40 [INFO]   🔴 [91m[1mPT0002000068857909SY[0m  [2m[Cluster 1][0m
2026-08-08 00:33:40 [INFO]      consumiu MAIS que o habitual às 02h
2026-08-08 00:33:40 [INFO]      [2mReal:[0m 7.0 kWh   [2mHabitual:[0m 3.5 ± 0.7 kWh   [2mz:[0m +4.95   [2mdesvio:[0m +100%   [2m(2 obs. dia_util)[0m
2026-08-08 00:33:40 [INFO] 
2026-08-08 00:33:40 [INFO]   🔴 [91m[1mPT0002000068857909SY[0m  [2m[Cluster 1][0m
2026-08-08 00:33:40 [INFO]      consumiu MAIS que o habitual às 04h
2026-08-08 00:33:40 [INFO]      [2mReal:[0m 6.0 kWh   [2mHabitual:[0m 2.5 ± 0.7 kWh   [2mz:[0m +4.95   [2mdesvio:[0m +140%   [2m(2 obs. dia_util)[0m
2026-08-08 00:33:40 [INFO] 
2026-08-08 00:33:40 [INFO]   🔴 [91m[1mPT0002000068857909SY[0m  [2m[Cluster 1][0m
2026-08-08 00:33:40 [INFO]      consumiu MAIS que o habitual às 08h
2026-08-08 00:33:40 [INFO]      [2mReal:[0m 7.0 kWh   [2mHabitual:[0m 3.5 ± 0.7 kWh   [2mz:[0m +4.95   [2mdesvio:[0m +100%   [2m(2 obs. dia_util)[0m
2026-08-08 00:33:40 [INFO] 
2026-08-08 00:33:40 [INFO]   🔴 [91m[1mPT0002000201038711LS[0m  [2m[Cluster 1 (atribuido)][0m
2026-08-08 00:33:40 [INFO]      consumiu MAIS que o habitual às 16h
2026-08-08 00:33:40 [INFO]      [2mReal:[0m 37.0 kWh   [2mHabitual:[0m 19.5 ± 3.5 kWh   [2mz:[0m +4.95   [2mdesvio:[0m +90%   [2m(2 obs. dia_util)[0m
2026-08-08 00:33:40 [INFO] 
2026-08-08 00:33:40 [INFO]   🔵 [94m[1mPT0002000079469719HF[0m  [2m[Cluster 1 (atribuido)][0m
2026-08-08 00:33:40 [INFO]      consumiu MENOS que o habitual às 09h
2026-08-08 00:33:40 [INFO]      [2mReal:[0m 3.0 kWh   [2mHabitual:[0m 97.5 ± 20.5 kWh   [2mz:[0m -4.61   [2mdesvio:[0m -97%   [2m(2 obs. dia_util)[0m
2026-08-08 00:33:40 [INFO] 
2026-08-08 00:33:40 [INFO]   🔵 [94m[1mPT0002000201038711LS[0m  [2m[Cluster 1 (atribuido)][0m
2026-08-08 00:33:40 [INFO]      consumiu MENOS que o habitual às 19h
2026-08-08 00:33:40 [INFO]      [2mReal:[0m 61.0 kWh   [2mHabitual:[0m 110.0 ± 11.0 kWh   [2mz:[0m -4.45   [2mdesvio:[0m -45%   [2m(2 obs. dia_util)[0m
2026-08-08 00:33:40 [INFO] 
2026-08-08 00:33:40 [INFO]   🔴 [91m[1mPT0002000068857099AR[0m  [2m[Cluster 1][0m
2026-08-08 00:33:40 [INFO]      consumiu MAIS que o habitual às 19h
2026-08-08 00:33:40 [INFO]      [2mReal:[0m 13.0 kWh   [2mHabitual:[0m 9.0 ± 0.9 kWh   [2mz:[0m +4.44   [2mdesvio:[0m +44%   [2m(2 obs. dia_util)[0m
2026-08-08 00:33:40 [INFO] 
2026-08-08 00:33:40 [INFO]   🔴 [91m[1mPT0002000078140706BA[0m  [2m[Cluster 1 (atribuido)][0m
2026-08-08 00:33:40 [INFO]      consumiu MAIS que o habitual às 08h
2026-08-08 00:33:40 [INFO]      [2mReal:[0m 172.0 kWh   [2mHabitual:[0m 88.5 ± 19.1 kWh   [2mz:[0m +4.37   [2mdesvio:[0m +94%   [2m(2 obs. dia_util)[0m
2026-08-08 00:33:40 [INFO] 
2026-08-08 00:33:40 [INFO]   🔵 [94m[1mPT0002000201038711LS[0m  [2m[Cluster 1 (atribuido)][0m
2026-08-08 00:33:40 [INFO]      consumiu MENOS que o habitual às 18h
2026-08-08 00:33:40 [INFO]      [2mReal:[0m 57.0 kWh   [2mHabitual:[0m 120.5 ± 14.8 kWh   [2mz:[0m -4.28   [2mdesvio:[0m -53%   [2m(2 obs. dia_util)[0m
2026-08-08 00:33:40 [INFO] 
2026-08-08 00:33:40 [INFO]   🔵 [94m[1mPT0002000079469719HF[0m  [2m[Cluster 1 (atribuido)][0m
2026-08-08 00:33:40 [INFO]      consumiu MENOS que o habitual às 07h
2026-08-08 00:33:40 [INFO]      [2mReal:[0m 17.0 kWh   [2mHabitual:[0m 95.0 ± 18.4 kWh   [2mz:[0m -4.24   [2mdesvio:[0m -82%   [2m(2 obs. dia_util)[0m
2026-08-08 00:33:40 [INFO] 
2026-08-08 00:33:40 [INFO]   🔵 [94m[1mPT0002000101964938LF[0m  [2m[Cluster 0][0m
2026-08-08 00:33:40 [INFO]      consumiu MENOS que o habitual às 09h
2026-08-08 00:33:40 [INFO]      [2mReal:[0m 28.0 kWh   [2mHabitual:[0m 48.0 ± 4.8 kWh   [2mz:[0m -4.17   [2mdesvio:[0m -42%   [2m(2 obs. dia_util)[0m
2026-08-08 00:33:40 [INFO] 
2026-08-08 00:33:40 [INFO]   🔴 [91m[1mPT0002000068859393XH[0m  [2m[Cluster 1][0m
2026-08-08 00:33:40 [INFO]      consumiu MAIS que o habitual às 23h
2026-08-08 00:33:40 [INFO]      [2mReal:[0m 33.0 kWh   [2mHabitual:[0m 23.3 ± 2.3 kWh   [2mz:[0m +4.14   [2mdesvio:[0m +41%   [2m(3 obs. dia_util)[0m
2026-08-08 00:33:40 [INFO] 
2026-08-08 00:33:40 [INFO]   🔵 [94m[1mPT0002000110607652SB[0m  [2m[Cluster 0][0m
2026-08-08 00:33:40 [INFO]      consumiu MENOS que o habitual às 08h
2026-08-08 00:33:40 [INFO]      [2mReal:[0m 44.0 kWh   [2mHabitual:[0m 74.0 ± 7.4 kWh   [2mz:[0m -4.05   [2mdesvio:[0m -41%   [2m(2 obs. dia_util)[0m
2026-08-08 00:33:40 [INFO] 
2026-08-08 00:33:40 [INFO]   🔵 [94m[1mPT0002000068859597LS[0m  [2m[Cluster 0][0m
2026-08-08 00:33:40 [INFO]      consumiu MENOS que o habitual às 00h
2026-08-08 00:33:40 [INFO]      [2mReal:[0m 26.0 kWh   [2mHabitual:[0m 43.0 ± 4.3 kWh   [2mz:[0m -3.95   [2mdesvio:[0m -40%   [2m(2 obs. dia_util)[0m
2026-08-08 00:33:40 [INFO] 
2026-08-08 00:33:40 [INFO]   🔴 [91m[1mPT0002000110607652SB[0m  [2m[Cluster 0][0m
2026-08-08 00:33:40 [INFO]      consumiu MAIS que o habitual às 19h
2026-08-08 00:33:40 [INFO]      [2mReal:[0m 64.0 kWh   [2mHabitual:[0m 46.0 ± 4.6 kWh   [2mz:[0m +3.91   [2mdesvio:[0m +39%   [2m(2 obs. dia_util)[0m
2026-08-08 00:33:40 [INFO] 
2026-08-08 00:33:40 [INFO]   🔵 [94m[1mPT0002000079469719HF[0m  [2m[Cluster 1 (atribuido)][0m
2026-08-08 00:33:40 [INFO]      consumiu MENOS que o habitual às 06h
2026-08-08 00:33:40 [INFO]      [2mReal:[0m 20.0 kWh   [2mHabitual:[0m 87.5 ± 17.7 kWh   [2mz:[0m -3.82   [2mdesvio:[0m -77%   [2m(2 obs. dia_util)[0m
2026-08-08 00:33:40 [INFO] 
2026-08-08 00:33:40 [INFO]   🔵 [94m[1mPT0002000079469719HF[0m  [2m[Cluster 1 (atribuido)][0m
2026-08-08 00:33:40 [INFO]      consumiu MENOS que o habitual às 04h
2026-08-08 00:33:40 [INFO]      [2mReal:[0m 21.0 kWh   [2mHabitual:[0m 90.0 ± 18.4 kWh   [2mz:[0m -3.75   [2mdesvio:[0m -77%   [2m(2 obs. dia_util)[0m
2026-08-08 00:33:40 [INFO] 
2026-08-08 00:33:40 [INFO]   🔵 [94m[1mPT0002000079469719HF[0m  [2m[Cluster 1 (atribuido)][0m
2026-08-08 00:33:40 [INFO]      consumiu MENOS que o habitual às 08h
2026-08-08 00:33:40 [INFO]      [2mReal:[0m 15.0 kWh   [2mHabitual:[0m 106.5 ± 24.8 kWh   [2mz:[0m -3.70   [2mdesvio:[0m -86%   [2m(2 obs. dia_util)[0m
2026-08-08 00:33:40 [INFO] 
2026-08-08 00:33:40 [INFO]   🔵 [94m[1mPT0002000073720434JD[0m  [2m[Cluster 1 (atribuido)][0m
2026-08-08 00:33:40 [INFO]      consumiu MENOS que o habitual às 18h
2026-08-08 00:33:40 [INFO]      [2mReal:[0m 35.0 kWh   [2mHabitual:[0m 55.0 ± 5.5 kWh   [2mz:[0m -3.64   [2mdesvio:[0m -36%   [2m(2 obs. dia_util)[0m
2026-08-08 00:33:40 [INFO] 
2026-08-08 00:33:40 [INFO]   🔴 [91m[1mPT0002000081997398TD[0m  [2m[Cluster 0][0m
2026-08-08 00:33:40 [INFO]      consumiu MAIS que o habitual às 19h
2026-08-08 00:33:40 [INFO]      [2mReal:[0m 225.0 kWh   [2mHabitual:[0m 165.0 ± 16.5 kWh   [2mz:[0m +3.64   [2mdesvio:[0m +36%   [2m(2 obs. dia_util)[0m
2026-08-08 00:33:40 [INFO] 
2026-08-08 00:33:40 [INFO]   🔴 [91m[1mPT0002000081997398TD[0m  [2m[Cluster 0][0m
2026-08-08 00:33:40 [INFO]      consumiu MAIS que o habitual às 23h
2026-08-08 00:33:40 [INFO]      [2mReal:[0m 74.0 kWh   [2mHabitual:[0m 54.3 ± 5.4 kWh   [2mz:[0m +3.62   [2mdesvio:[0m +36%   [2m(3 obs. dia_util)[0m
2026-08-08 00:33:40 [INFO] 
2026-08-08 00:33:40 [INFO]   🔵 [94m[1mPT0002000079469719HF[0m  [2m[Cluster 1 (atribuido)][0m
2026-08-08 00:33:40 [INFO]      consumiu MENOS que o habitual às 05h
2026-08-08 00:33:40 [INFO]      [2mReal:[0m 23.0 kWh   [2mHabitual:[0m 89.0 ± 18.4 kWh   [2mz:[0m -3.59   [2mdesvio:[0m -74%   [2m(2 obs. dia_util)[0m
2026-08-08 00:33:40 [INFO] 
2026-08-08 00:33:40 [INFO]   🔴 [91m[1mPT0002000081344542CP[0m  [2m[Cluster 1][0m
2026-08-08 00:33:40 [INFO]      consumiu MAIS que o habitual às 07h
2026-08-08 00:33:40 [INFO]      [2mReal:[0m 4.0 kWh   [2mHabitual:[0m 1.5 ± 0.7 kWh   [2mz:[0m +3.54   [2mdesvio:[0m +167%   [2m(2 obs. dia_util)[0m
2026-08-08 00:33:40 [INFO] 
2026-08-08 00:33:40 [INFO]   🔴 [91m[1mPT0002000081344542CP[0m  [2m[Cluster 1][0m
2026-08-08 00:33:40 [INFO]      consumiu MAIS que o habitual às 18h
2026-08-08 00:33:40 [INFO]      [2mReal:[0m 14.0 kWh   [2mHabitual:[0m 6.5 ± 2.1 kWh   [2mz:[0m +3.54   [2mdesvio:[0m +115%   [2m(2 obs. dia_util)[0m
2026-08-08 00:33:40 [INFO] 
2026-08-08 00:33:40 [INFO]   🔵 [94m[1mPT0002000110090564GD[0m  [2m[Cluster 1][0m
2026-08-08 00:33:40 [INFO]      consumiu MENOS que o habitual às 10h
2026-08-08 00:33:40 [INFO]      [2mReal:[0m 4.0 kWh   [2mHabitual:[0m 6.5 ± 0.7 kWh   [2mz:[0m -3.54   [2mdesvio:[0m -38%   [2m(2 obs. dia_util)[0m
2026-08-08 00:33:40 [INFO] 
2026-08-08 00:33:40 [INFO]   🔵 [94m[1mPT0002000110090564GD[0m  [2m[Cluster 1][0m
2026-08-08 00:33:40 [INFO]      consumiu MENOS que o habitual às 14h
2026-08-08 00:33:40 [INFO]      [2mReal:[0m 4.0 kWh   [2mHabitual:[0m 6.5 ± 0.7 kWh   [2mz:[0m -3.54   [2mdesvio:[0m -38%   [2m(2 obs. dia_util)[0m
2026-08-08 00:33:40 [INFO] 
2026-08-08 00:33:40 [INFO]   🔴 [91m[1mPT0002000110607652SB[0m  [2m[Cluster 0][0m
2026-08-08 00:33:40 [INFO]      consumiu MAIS que o habitual às 20h
2026-08-08 00:33:40 [INFO]      [2mReal:[0m 36.0 kWh   [2mHabitual:[0m 16.0 ± 5.7 kWh   [2mz:[0m +3.54   [2mdesvio:[0m +125%   [2m(2 obs. dia_util)[0m
2026-08-08 00:33:40 [INFO] 
2026-08-08 00:33:40 [INFO]   🔴 [91m[1mPT0002000068857099AR[0m  [2m[Cluster 1][0m
2026-08-08 00:33:40 [INFO]      consumiu MAIS que o habitual às 23h
2026-08-08 00:33:40 [INFO]      [2mReal:[0m 38.0 kWh   [2mHabitual:[0m 9.7 ± 8.1 kWh   [2mz:[0m +3.51   [2mdesvio:[0m +293%   [2m(3 obs. dia_util)[0m
2026-08-08 00:33:40 [INFO] 
2026-08-08 00:33:40 [INFO]   🔵 [94m[1mPT0002000079469719HF[0m  [2m[Cluster 1 (atribuido)][0m
2026-08-08 00:33:40 [INFO]      consumiu MENOS que o habitual às 03h
2026-08-08 00:33:40 [INFO]      [2mReal:[0m 23.0 kWh   [2mHabitual:[0m 89.5 ± 19.1 kWh   [2mz:[0m -3.48   [2mdesvio:[0m -74%   [2m(2 obs. dia_util)[0m
2026-08-08 00:33:40 [INFO] 
2026-08-08 00:33:40 [INFO]   🔴 [91m[1mPT0002000081997398TD[0m  [2m[Cluster 0][0m
2026-08-08 00:33:40 [INFO]      consumiu MAIS que o habitual às 17h
2026-08-08 00:33:40 [INFO]      [2mReal:[0m 312.0 kWh   [2mHabitual:[0m 233.5 ± 23.4 kWh   [2mz:[0m +3.36   [2mdesvio:[0m +34%   [2m(2 obs. dia_util)[0m
2026-08-08 00:33:40 [INFO] 
2026-08-08 00:33:40 [INFO]   🔴 [91m[1mPT0002000068856655YV[0m  [2m[Cluster 0][0m
2026-08-08 00:33:40 [INFO]      consumiu MAIS que o habitual às 03h
2026-08-08 00:33:40 [INFO]      [2mReal:[0m 3.0 kWh   [2mHabitual:[0m 2.0 ± 0.3 kWh   [2mz:[0m +3.33   [2mdesvio:[0m +50%   [2m(2 obs. dia_util)[0m
2026-08-08 00:33:40 [INFO] 
2026-08-08 00:33:40 [INFO]   🔴 [91m[1mPT0002000068856655YV[0m  [2m[Cluster 0][0m
2026-08-08 00:33:40 [INFO]      consumiu MAIS que o habitual às 20h
2026-08-08 00:33:40 [INFO]      [2mReal:[0m 3.0 kWh   [2mHabitual:[0m 2.0 ± 0.3 kWh   [2mz:[0m +3.33   [2mdesvio:[0m +50%   [2m(2 obs. dia_util)[0m
2026-08-08 00:33:40 [INFO] 
2026-08-08 00:33:40 [INFO]   🔴 [91m[1mPT0002000068856872QG[0m  [2m[Cluster 1][0m
2026-08-08 00:33:40 [INFO]      consumiu MAIS que o habitual às 03h
2026-08-08 00:33:40 [INFO]      [2mReal:[0m 1.0 kWh   [2mHabitual:[0m 0.0 ± 0.3 kWh   [2mz:[0m +3.33   [2mdesvio:[0m +100000%   [2m(2 obs. dia_util)[0m
2026-08-08 00:33:40 [INFO] 
2026-08-08 00:33:40 [INFO]   🔴 [91m[1mPT0002000068856872QG[0m  [2m[Cluster 1][0m
2026-08-08 00:33:40 [INFO]      consumiu MAIS que o habitual às 16h
2026-08-08 00:33:40 [INFO]      [2mReal:[0m 1.0 kWh   [2mHabitual:[0m 0.0 ± 0.3 kWh   [2mz:[0m +3.33   [2mdesvio:[0m +100000%   [2m(2 obs. dia_util)[0m
2026-08-08 00:33:40 [INFO] 
2026-08-08 00:33:40 [INFO]   🔴 [91m[1mPT0002000068856872QG[0m  [2m[Cluster 1][0m
2026-08-08 00:33:40 [INFO]      consumiu MAIS que o habitual às 19h
2026-08-08 00:33:40 [INFO]      [2mReal:[0m 1.0 kWh   [2mHabitual:[0m 0.0 ± 0.3 kWh   [2mz:[0m +3.33   [2mdesvio:[0m +100000%   [2m(2 obs. dia_util)[0m
2026-08-08 00:33:40 [INFO] 
2026-08-08 00:33:40 [INFO]   🔴 [91m[1mPT0002000068856952LS[0m  [2m[Cluster 2][0m
2026-08-08 00:33:40 [INFO]      consumiu MAIS que o habitual às 04h
2026-08-08 00:33:40 [INFO]      [2mReal:[0m 1.0 kWh   [2mHabitual:[0m 0.0 ± 0.3 kWh   [2mz:[0m +3.33   [2mdesvio:[0m +100000%   [2m(2 obs. dia_util)[0m
2026-08-08 00:33:40 [INFO] 
2026-08-08 00:33:40 [INFO]   🔴 [91m[1mPT0002000068856952LS[0m  [2m[Cluster 2][0m
2026-08-08 00:33:40 [INFO]      consumiu MAIS que o habitual às 21h
2026-08-08 00:33:40 [INFO]      [2mReal:[0m 1.0 kWh   [2mHabitual:[0m 0.0 ± 0.3 kWh   [2mz:[0m +3.33   [2mdesvio:[0m +100000%   [2m(3 obs. dia_util)[0m
2026-08-08 00:33:40 [INFO] 
2026-08-08 00:33:40 [INFO]   🔵 [94m[1mPT0002000071896778MT[0m  [2m[Cluster 0][0m
2026-08-08 00:33:40 [INFO]      consumiu MENOS que o habitual às 01h
2026-08-08 00:33:40 [INFO]      [2mReal:[0m 2.0 kWh   [2mHabitual:[0m 3.0 ± 0.3 kWh   [2mz:[0m -3.33   [2mdesvio:[0m -33%   [2m(2 obs. dia_util)[0m
2026-08-08 00:33:40 [INFO] 
2026-08-08 00:33:40 [INFO]   🔴 [91m[1mPT0002000071896778MT[0m  [2m[Cluster 0][0m
2026-08-08 00:33:40 [INFO]      consumiu MAIS que o habitual às 02h
2026-08-08 00:33:40 [INFO]      [2mReal:[0m 3.0 kWh   [2mHabitual:[0m 2.0 ± 0.3 kWh   [2mz:[0m +3.33   [2mdesvio:[0m +50%   [2m(2 obs. dia_util)[0m
2026-08-08 00:33:40 [INFO] 
2026-08-08 00:33:40 [INFO]   🔵 [94m[1mPT0002000071896778MT[0m  [2m[Cluster 0][0m
2026-08-08 00:33:40 [INFO]      consumiu MENOS que o habitual às 04h
2026-08-08 00:33:40 [INFO]      [2mReal:[0m 2.0 kWh   [2mHabitual:[0m 3.0 ± 0.3 kWh   [2mz:[0m -3.33   [2mdesvio:[0m -33%   [2m(2 obs. dia_util)[0m
2026-08-08 00:33:40 [INFO] 
2026-08-08 00:33:40 [INFO]   🔴 [91m[1mPT0002000071896778MT[0m  [2m[Cluster 0][0m
2026-08-08 00:33:40 [INFO]      consumiu MAIS que o habitual às 05h
2026-08-08 00:33:40 [INFO]      [2mReal:[0m 3.0 kWh   [2mHabitual:[0m 2.0 ± 0.3 kWh   [2mz:[0m +3.33   [2mdesvio:[0m +50%   [2m(2 obs. dia_util)[0m
2026-08-08 00:33:40 [INFO] 
2026-08-08 00:33:40 [INFO]   🔵 [94m[1mPT0002000071896778MT[0m  [2m[Cluster 0][0m
2026-08-08 00:33:40 [INFO]      consumiu MENOS que o habitual às 10h
2026-08-08 00:33:40 [INFO]      [2mReal:[0m 2.0 kWh   [2mHabitual:[0m 3.0 ± 0.3 kWh   [2mz:[0m -3.33   [2mdesvio:[0m -33%   [2m(2 obs. dia_util)[0m
2026-08-08 00:33:40 [INFO] 
2026-08-08 00:33:40 [INFO]   🔴 [91m[1mPT0002000071896778MT[0m  [2m[Cluster 0][0m
2026-08-08 00:33:40 [INFO]      consumiu MAIS que o habitual às 11h
2026-08-08 00:33:40 [INFO]      [2mReal:[0m 3.0 kWh   [2mHabitual:[0m 2.0 ± 0.3 kWh   [2mz:[0m +3.33   [2mdesvio:[0m +50%   [2m(2 obs. dia_util)[0m
2026-08-08 00:33:40 [INFO] 
2026-08-08 00:33:40 [INFO]   🔵 [94m[1mPT0002000071896778MT[0m  [2m[Cluster 0][0m
2026-08-08 00:33:40 [INFO]      consumiu MENOS que o habitual às 13h
2026-08-08 00:33:40 [INFO]      [2mReal:[0m 2.0 kWh   [2mHabitual:[0m 3.0 ± 0.3 kWh   [2mz:[0m -3.33   [2mdesvio:[0m -33%   [2m(2 obs. dia_util)[0m
2026-08-08 00:33:40 [INFO] 
2026-08-08 00:33:40 [INFO]   🔴 [91m[1mPT0002000071896778MT[0m  [2m[Cluster 0][0m
2026-08-08 00:33:40 [INFO]      consumiu MAIS que o habitual às 14h
2026-08-08 00:33:40 [INFO]      [2mReal:[0m 3.0 kWh   [2mHabitual:[0m 2.0 ± 0.3 kWh   [2mz:[0m +3.33   [2mdesvio:[0m +50%   [2m(2 obs. dia_util)[0m
2026-08-08 00:33:40 [INFO] 
2026-08-08 00:33:40 [INFO]   🔴 [91m[1mPT0002000073717386HC[0m  [2m[Cluster 1 (atribuido)][0m
2026-08-08 00:33:40 [INFO]      consumiu MAIS que o habitual às 03h
2026-08-08 00:33:40 [INFO]      [2mReal:[0m 1.0 kWh   [2mHabitual:[0m 0.0 ± 0.3 kWh   [2mz:[0m +3.33   [2mdesvio:[0m +100000%   [2m(2 obs. dia_util)[0m
2026-08-08 00:33:40 [INFO] 
2026-08-08 00:33:40 [INFO]   🔴 [91m[1mPT0002000073717386HC[0m  [2m[Cluster 1 (atribuido)][0m
2026-08-08 00:33:40 [INFO]      consumiu MAIS que o habitual às 06h
2026-08-08 00:33:40 [INFO]      [2mReal:[0m 1.0 kWh   [2mHabitual:[0m 0.0 ± 0.3 kWh   [2mz:[0m +3.33   [2mdesvio:[0m +100000%   [2m(2 obs. dia_util)[0m
2026-08-08 00:33:40 [INFO] 
2026-08-08 00:33:40 [INFO]   🔵 [94m[1mPT0002000073717386HC[0m  [2m[Cluster 1 (atribuido)][0m
2026-08-08 00:33:40 [INFO]      consumiu MENOS que o habitual às 22h
2026-08-08 00:33:40 [INFO]      [2mReal:[0m 4.0 kWh   [2mHabitual:[0m 6.0 ± 0.6 kWh   [2mz:[0m -3.33   [2mdesvio:[0m -33%   [2m(3 obs. dia_util)[0m
2026-08-08 00:33:40 [INFO] 
2026-08-08 00:33:40 [INFO]   🔵 [94m[1mPT0002000077647404EM[0m  [2m[Cluster 1][0m
2026-08-08 00:33:40 [INFO]      consumiu MENOS que o habitual às 16h
2026-08-08 00:33:40 [INFO]      [2mReal:[0m 0.0 kWh   [2mHabitual:[0m 1.0 ± 0.3 kWh   [2mz:[0m -3.33   [2mdesvio:[0m -100%   [2m(2 obs. dia_util)[0m
2026-08-08 00:33:40 [INFO] 
2026-08-08 00:33:40 [INFO]   🔴 [91m[1mPT0002000077647404EM[0m  [2m[Cluster 1][0m
2026-08-08 00:33:40 [INFO]      consumiu MAIS que o habitual às 17h
2026-08-08 00:33:40 [INFO]      [2mReal:[0m 3.0 kWh   [2mHabitual:[0m 2.0 ± 0.3 kWh   [2mz:[0m +3.33   [2mdesvio:[0m +50%   [2m(2 obs. dia_util)[0m
2026-08-08 00:33:40 [INFO] 
2026-08-08 00:33:40 [INFO]   🔵 [94m[1mPT0002000078207354XC[0m  [2m[Cluster 1][0m
2026-08-08 00:33:40 [INFO]      consumiu MENOS que o habitual às 01h
2026-08-08 00:33:40 [INFO]      [2mReal:[0m 1.0 kWh   [2mHabitual:[0m 2.0 ± 0.3 kWh   [2mz:[0m -3.33   [2mdesvio:[0m -50%   [2m(2 obs. dia_util)[0m
2026-08-08 00:33:40 [INFO] 
2026-08-08 00:33:40 [INFO]   🔵 [94m[1mPT0002000078207354XC[0m  [2m[Cluster 1][0m
2026-08-08 00:33:40 [INFO]      consumiu MENOS que o habitual às 04h
2026-08-08 00:33:40 [INFO]      [2mReal:[0m 1.0 kWh   [2mHabitual:[0m 2.0 ± 0.3 kWh   [2mz:[0m -3.33   [2mdesvio:[0m -50%   [2m(2 obs. dia_util)[0m
2026-08-08 00:33:40 [INFO] 
2026-08-08 00:33:40 [INFO]   🔵 [94m[1mPT0002000078207354XC[0m  [2m[Cluster 1][0m
2026-08-08 00:33:40 [INFO]      consumiu MENOS que o habitual às 12h
2026-08-08 00:33:40 [INFO]      [2mReal:[0m 1.0 kWh   [2mHabitual:[0m 2.0 ± 0.3 kWh   [2mz:[0m -3.33   [2mdesvio:[0m -50%   [2m(2 obs. dia_util)[0m
2026-08-08 00:33:40 [INFO] 
2026-08-08 00:33:40 [INFO]   🔵 [94m[1mPT0002000078207354XC[0m  [2m[Cluster 1][0m
2026-08-08 00:33:40 [INFO]      consumiu MENOS que o habitual às 15h
2026-08-08 00:33:40 [INFO]      [2mReal:[0m 1.0 kWh   [2mHabitual:[0m 2.0 ± 0.3 kWh   [2mz:[0m -3.33   [2mdesvio:[0m -50%   [2m(2 obs. dia_util)[0m
2026-08-08 00:33:40 [INFO] 
2026-08-08 00:33:40 [INFO]   🔵 [94m[1mPT0002000078207354XC[0m  [2m[Cluster 1][0m
2026-08-08 00:33:40 [INFO]      consumiu MENOS que o habitual às 18h
2026-08-08 00:33:40 [INFO]      [2mReal:[0m 1.0 kWh   [2mHabitual:[0m 2.0 ± 0.3 kWh   [2mz:[0m -3.33   [2mdesvio:[0m -50%   [2m(2 obs. dia_util)[0m
2026-08-08 00:33:40 [INFO] 
2026-08-08 00:33:40 [INFO]   🔵 [94m[1mPT0002000078207354XC[0m  [2m[Cluster 1][0m
2026-08-08 00:33:40 [INFO]      consumiu MENOS que o habitual às 23h
2026-08-08 00:33:40 [INFO]      [2mReal:[0m 1.0 kWh   [2mHabitual:[0m 2.0 ± 0.3 kWh   [2mz:[0m -3.33   [2mdesvio:[0m -50%   [2m(3 obs. dia_util)[0m
2026-08-08 00:33:40 [INFO] 
2026-08-08 00:33:40 [INFO]   🔵 [94m[1mPT0002000078233981HJ[0m  [2m[Cluster 1][0m
2026-08-08 00:33:40 [INFO]      consumiu MENOS que o habitual às 07h
2026-08-08 00:33:40 [INFO]      [2mReal:[0m 1.0 kWh   [2mHabitual:[0m 2.0 ± 0.3 kWh   [2mz:[0m -3.33   [2mdesvio:[0m -50%   [2m(2 obs. dia_util)[0m
2026-08-08 00:33:40 [INFO] 
2026-08-08 00:33:40 [INFO]   🔴 [91m[1mPT0002000105483259QH[0m  [2m[Cluster 1][0m
2026-08-08 00:33:40 [INFO]      consumiu MAIS que o habitual às 02h
2026-08-08 00:33:40 [INFO]      [2mReal:[0m 1.0 kWh   [2mHabitual:[0m 0.0 ± 0.3 kWh   [2mz:[0m +3.33   [2mdesvio:[0m +100000%   [2m(2 obs. dia_util)[0m
2026-08-08 00:33:40 [INFO] 
2026-08-08 00:33:40 [INFO]   🔴 [91m[1mPT0002000105483259QH[0m  [2m[Cluster 1][0m
2026-08-08 00:33:40 [INFO]      consumiu MAIS que o habitual às 12h
2026-08-08 00:33:40 [INFO]      [2mReal:[0m 1.0 kWh   [2mHabitual:[0m 0.0 ± 0.3 kWh   [2mz:[0m +3.33   [2mdesvio:[0m +100000%   [2m(2 obs. dia_util)[0m
2026-08-08 00:33:40 [INFO] 
2026-08-08 00:33:40 [INFO]   🔵 [94m[1mPT0002000105483259QH[0m  [2m[Cluster 1][0m
2026-08-08 00:33:40 [INFO]      consumiu MENOS que o habitual às 13h
2026-08-08 00:33:40 [INFO]      [2mReal:[0m 0.0 kWh   [2mHabitual:[0m 1.0 ± 0.3 kWh   [2mz:[0m -3.33   [2mdesvio:[0m -100%   [2m(2 obs. dia_util)[0m
2026-08-08 00:33:40 [INFO] 
2026-08-08 00:33:40 [INFO]   🔴 [91m[1mPT0002000107046231FW[0m  [2m[Cluster 0][0m
2026-08-08 00:33:40 [INFO]      consumiu MAIS que o habitual às 01h
2026-08-08 00:33:40 [INFO]      [2mReal:[0m 3.0 kWh   [2mHabitual:[0m 2.0 ± 0.3 kWh   [2mz:[0m +3.33   [2mdesvio:[0m +50%   [2m(2 obs. dia_util)[0m
2026-08-08 00:33:40 [INFO] 
2026-08-08 00:33:40 [INFO]   🔴 [91m[1mPT0002000107046231FW[0m  [2m[Cluster 0][0m
2026-08-08 00:33:40 [INFO]      consumiu MAIS que o habitual às 02h
2026-08-08 00:33:40 [INFO]      [2mReal:[0m 4.0 kWh   [2mHabitual:[0m 3.0 ± 0.3 kWh   [2mz:[0m +3.33   [2mdesvio:[0m +33%   [2m(2 obs. dia_util)[0m
2026-08-08 00:33:40 [INFO] 
2026-08-08 00:33:40 [INFO]   🔴 [91m[1mPT0002000107046231FW[0m  [2m[Cluster 0][0m
2026-08-08 00:33:40 [INFO]      consumiu MAIS que o habitual às 10h
2026-08-08 00:33:40 [INFO]      [2mReal:[0m 4.0 kWh   [2mHabitual:[0m 3.0 ± 0.3 kWh   [2mz:[0m +3.33   [2mdesvio:[0m +33%   [2m(2 obs. dia_util)[0m
2026-08-08 00:33:40 [INFO] 
2026-08-08 00:33:40 [INFO]   🔵 [94m[1mPT0002000119303492KB[0m  [2m[Cluster 0][0m
2026-08-08 00:33:40 [INFO]      consumiu MENOS que o habitual às 10h
2026-08-08 00:33:40 [INFO]      [2mReal:[0m 2.0 kWh   [2mHabitual:[0m 3.0 ± 0.3 kWh   [2mz:[0m -3.33   [2mdesvio:[0m -33%   [2m(2 obs. dia_util)[0m
2026-08-08 00:33:40 [INFO] 
2026-08-08 00:33:40 [INFO]   🔴 [91m[1mPT0002000119303492KB[0m  [2m[Cluster 0][0m
2026-08-08 00:33:40 [INFO]      consumiu MAIS que o habitual às 11h
2026-08-08 00:33:40 [INFO]      [2mReal:[0m 3.0 kWh   [2mHabitual:[0m 2.0 ± 0.3 kWh   [2mz:[0m +3.33   [2mdesvio:[0m +50%   [2m(2 obs. dia_util)[0m
2026-08-08 00:33:40 [INFO] 
2026-08-08 00:33:40 [INFO]   🔴 [91m[1mPT0002000119303492KB[0m  [2m[Cluster 0][0m
2026-08-08 00:33:40 [INFO]      consumiu MAIS que o habitual às 14h
2026-08-08 00:33:40 [INFO]      [2mReal:[0m 4.0 kWh   [2mHabitual:[0m 3.0 ± 0.3 kWh   [2mz:[0m +3.33   [2mdesvio:[0m +33%   [2m(2 obs. dia_util)[0m
2026-08-08 00:33:40 [INFO] 
2026-08-08 00:33:40 [INFO]   🔴 [91m[1mPT0002000119303492KB[0m  [2m[Cluster 0][0m
2026-08-08 00:33:40 [INFO]      consumiu MAIS que o habitual às 15h
2026-08-08 00:33:40 [INFO]      [2mReal:[0m 3.0 kWh   [2mHabitual:[0m 2.0 ± 0.3 kWh   [2mz:[0m +3.33   [2mdesvio:[0m +50%   [2m(2 obs. dia_util)[0m
2026-08-08 00:33:40 [INFO] 
2026-08-08 00:33:40 [INFO]   🔴 [91m[1mPT0002000123648159KR[0m  [2m[Cluster 0][0m
2026-08-08 00:33:40 [INFO]      consumiu MAIS que o habitual às 01h
2026-08-08 00:33:40 [INFO]      [2mReal:[0m 3.0 kWh   [2mHabitual:[0m 2.0 ± 0.3 kWh   [2mz:[0m +3.33   [2mdesvio:[0m +50%   [2m(2 obs. dia_util)[0m
2026-08-08 00:33:40 [INFO] 
2026-08-08 00:33:40 [INFO]   🔴 [91m[1mPT0002000123648159KR[0m  [2m[Cluster 0][0m
2026-08-08 00:33:40 [INFO]      consumiu MAIS que o habitual às 07h
2026-08-08 00:33:40 [INFO]      [2mReal:[0m 3.0 kWh   [2mHabitual:[0m 2.0 ± 0.3 kWh   [2mz:[0m +3.33   [2mdesvio:[0m +50%   [2m(2 obs. dia_util)[0m
2026-08-08 00:33:40 [INFO] 
2026-08-08 00:33:40 [INFO]   🔴 [91m[1mPT0002000123648159KR[0m  [2m[Cluster 0][0m
2026-08-08 00:33:40 [INFO]      consumiu MAIS que o habitual às 12h
2026-08-08 00:33:40 [INFO]      [2mReal:[0m 3.0 kWh   [2mHabitual:[0m 2.0 ± 0.3 kWh   [2mz:[0m +3.33   [2mdesvio:[0m +50%   [2m(2 obs. dia_util)[0m
2026-08-08 00:33:40 [INFO] 
2026-08-08 00:33:40 [INFO]   🔴 [91m[1mPT0002000123648159KR[0m  [2m[Cluster 0][0m
2026-08-08 00:33:40 [INFO]      consumiu MAIS que o habitual às 18h
2026-08-08 00:33:40 [INFO]      [2mReal:[0m 4.0 kWh   [2mHabitual:[0m 3.0 ± 0.3 kWh   [2mz:[0m +3.33   [2mdesvio:[0m +33%   [2m(2 obs. dia_util)[0m
2026-08-08 00:33:40 [INFO] 
2026-08-08 00:33:40 [INFO]   🔴 [91m[1mPT0002000125379984SH[0m  [2m[Cluster 1][0m
2026-08-08 00:33:40 [INFO]      consumiu MAIS que o habitual às 02h
2026-08-08 00:33:40 [INFO]      [2mReal:[0m 4.0 kWh   [2mHabitual:[0m 3.0 ± 0.3 kWh   [2mz:[0m +3.33   [2mdesvio:[0m +33%   [2m(2 obs. dia_util)[0m
2026-08-08 00:33:40 [INFO] 
2026-08-08 00:33:40 [INFO]   🔴 [91m[1mPT0002000125379984SH[0m  [2m[Cluster 1][0m
2026-08-08 00:33:40 [INFO]      consumiu MAIS que o habitual às 04h
2026-08-08 00:33:40 [INFO]      [2mReal:[0m 3.0 kWh   [2mHabitual:[0m 2.0 ± 0.3 kWh   [2mz:[0m +3.33   [2mdesvio:[0m +50%   [2m(2 obs. dia_util)[0m
2026-08-08 00:33:40 [INFO] 
2026-08-08 00:33:40 [INFO]   🔵 [94m[1mPT0002000201038711LS[0m  [2m[Cluster 1 (atribuido)][0m
2026-08-08 00:33:40 [INFO]      consumiu MENOS que o habitual às 01h
2026-08-08 00:33:40 [INFO]      [2mReal:[0m 0.0 kWh   [2mHabitual:[0m 1.0 ± 0.3 kWh   [2mz:[0m -3.33   [2mdesvio:[0m -100%   [2m(2 obs. dia_util)[0m
2026-08-08 00:33:40 [INFO] 
2026-08-08 00:33:40 [INFO]   🔴 [91m[1mPT0002000111572054VT[0m  [2m[Cluster 0 (atribuido)][0m
2026-08-08 00:33:40 [INFO]      consumiu MAIS que o habitual às 21h
2026-08-08 00:33:40 [INFO]      [2mReal:[0m 23.0 kWh   [2mHabitual:[0m 17.3 ± 1.7 kWh   [2mz:[0m +3.27   [2mdesvio:[0m +33%   [2m(3 obs. dia_util)[0m
2026-08-08 00:33:40 [INFO] 
2026-08-08 00:33:40 [INFO]   🔴 [91m[1mPT0002000068857897ZV[0m  [2m[Cluster 0][0m
2026-08-08 00:33:40 [INFO]      consumiu MAIS que o habitual às 16h
2026-08-08 00:33:40 [INFO]      [2mReal:[0m 59.0 kWh   [2mHabitual:[0m 44.5 ± 4.5 kWh   [2mz:[0m +3.26   [2mdesvio:[0m +33%   [2m(2 obs. dia_util)[0m
2026-08-08 00:33:40 [INFO] 
2026-08-08 00:33:40 [INFO]   🔴 [91m[1mPT0002000068855003AK[0m  [2m[Cluster 0 (atribuido)][0m
2026-08-08 00:33:40 [INFO]      consumiu MAIS que o habitual às 18h
2026-08-08 00:33:40 [INFO]      [2mReal:[0m 73.0 kWh   [2mHabitual:[0m 41.0 ± 9.9 kWh   [2mz:[0m +3.23   [2mdesvio:[0m +78%   [2m(2 obs. dia_util)[0m
2026-08-08 00:33:40 [INFO] 
2026-08-08 00:33:40 [INFO]   🔴 [91m[1mPT0002000068859597LS[0m  [2m[Cluster 0][0m
2026-08-08 00:33:40 [INFO]      consumiu MAIS que o habitual às 17h
2026-08-08 00:33:40 [INFO]      [2mReal:[0m 36.0 kWh   [2mHabitual:[0m 27.5 ± 2.8 kWh   [2mz:[0m +3.09   [2mdesvio:[0m +31%   [2m(2 obs. dia_util)[0m
2026-08-08 00:33:40 [INFO] 
2026-08-08 00:33:40 [INFO]   🔵 [94m[1mPT0002000078140706BA[0m  [2m[Cluster 1 (atribuido)][0m
2026-08-08 00:33:40 [INFO]      consumiu MENOS que o habitual às 02h
2026-08-08 00:33:40 [INFO]      [2mReal:[0m 30.0 kWh   [2mHabitual:[0m 43.0 ± 4.3 kWh   [2mz:[0m -3.02   [2mdesvio:[0m -30%   [2m(2 obs. dia_util)[0m
2026-08-08 00:33:40 [INFO] 
2026-08-08 00:33:40 [INFO]   🔵 [94m[1mPT0002000078140706BA[0m  [2m[Cluster 1 (atribuido)][0m
2026-08-08 00:33:40 [INFO]      consumiu MENOS que o habitual às 05h
2026-08-08 00:33:40 [INFO]      [2mReal:[0m 30.0 kWh   [2mHabitual:[0m 43.0 ± 4.3 kWh   [2mz:[0m -3.02   [2mdesvio:[0m -30%   [2m(2 obs. dia_util)[0m
2026-08-08 00:33:40 [INFO] 
2026-08-08 00:33:40 [INFO]   🔵 [94m[1mPT0002000078140706BA[0m  [2m[Cluster 1 (atribuido)][0m
2026-08-08 00:33:40 [INFO]      consumiu MENOS que o habitual às 04h
2026-08-08 00:33:40 [INFO]      [2mReal:[0m 29.0 kWh   [2mHabitual:[0m 41.5 ± 4.2 kWh   [2mz:[0m -3.01   [2mdesvio:[0m -30%   [2m(2 obs. dia_util)[0m
2026-08-08 00:33:40 [INFO] 
2026-08-08 00:33:40 [INFO]   [2mCSV:[0m C:\Users\anaca\OneDrive\Ambiente de Trabalho\Tese\ts-anomaly-detection-dissertation\results\energia\realtime\alerts\analise_energia_2026-08-05.csv
2026-08-08 00:33:40 [INFO] 
2026-08-08 00:33:40 [INFO] [96m→ A prever consumo de 2026-08-06 para 276 CPEs...[0m
2026-08-08 00:33:55 [INFO] [1m══════════════════════════════════════════════════════════════════════[0m
2026-08-08 00:33:55 [INFO] [1m  PREDIÇÃO — 2026-08-06 [0m[2m(dia util)[0m
2026-08-08 00:33:55 [INFO] [1m══════════════════════════════════════════════════════════════════════[0m
2026-08-08 00:33:55 [INFO]   [95m● CPEs previstos[0m          69 [2m(alta: 0, baixa: 1656)[0m
2026-08-08 00:33:55 [INFO]   [95m● Consumo total previsto[0m 86830.5 kWh [2m(±12501.4)[0m
2026-08-08 00:33:55 [INFO] 
2026-08-08 00:33:55 [INFO]   [2mPrevisão guardada:[0m C:\Users\anaca\OneDrive\Ambiente de Trabalho\Tese\ts-anomaly-detection-dissertation\results\energia\realtime\predictions\previsao_energia_2026-08-06.csv
2026-08-08 00:33:55 [INFO] 
2026-08-08 00:33:55 [INFO] [1m══════════════════════════════════════════════════════════════════════[0m
2026-08-08 00:33:55 [INFO] [1m  VALIDAÇÃO — qualidade das previsões anteriores[0m
2026-08-08 00:33:55 [INFO] [1m══════════════════════════════════════════════════════════════════════[0m
2026-08-08 00:33:55 [INFO]   [2mDias validados:[0m 4   [2mpendentes:[0m 53
2026-08-08 00:33:55 [INFO]   [2mÚltimo (2026-08-06):[0m MAE 7.04 kWh   RMSE 19.30   em ±1σ 71% [2m(esperado ~68%)[0m   em ±2σ 85% [2m(esperado ~95%)[0m
2026-08-08 00:33:55 [INFO]   [2mMédia acumulada:[0m MAE 7.69 kWh   RMSE 20.74   em ±1σ 71%   em ±2σ 85%
2026-08-08 00:33:55 [INFO]   [2mCSV:[0m C:\Users\anaca\OneDrive\Ambiente de Trabalho\Tese\ts-anomaly-detection-dissertation\results\energia\realtime\analysis\qualidade_previsoes_energia.csv
2026-08-08 00:33:55 [INFO] 
2026-08-08 00:33:55 [INFO] 
2026-08-08 00:33:55 [INFO] Concluido em 429.4s. Ficheiros gerados: 2
