2026-08-04 16:22:21 [INFO] [96m→ A pedir dados ao BaZe (276 CPEs)...[0m
2026-08-04 16:29:18 [INFO]   [2mClusters atribuidos carregados:[0m 22 novos
2026-08-04 16:29:18 [INFO] 
2026-08-04 16:29:18 [INFO] [1m══════════════════════════════════════════════════════════════════════[0m
2026-08-04 16:29:18 [INFO] [1m  DETEÇÃO DE ANOMALIAS — 2026-08-02[0m
2026-08-04 16:29:18 [INFO] [1m══════════════════════════════════════════════════════════════════════[0m
2026-08-04 16:29:18 [INFO]   [2mTipo de dia:[0m  fim semana
2026-08-04 16:29:18 [INFO]   [2mFonte:[0m        BAZE
2026-08-04 16:29:18 [INFO]   [2mCPEs c/ dados:[0m 69
2026-08-04 16:29:18 [INFO]   [2mThreshold:[0m    |z| > 3.5 [2m(adaptativo a este tipo de dia)[0m
2026-08-04 16:29:18 [INFO] 
2026-08-04 16:29:18 [INFO] [96m→ A analisar 69 CPEs / 1656 pontos horários (retrospetiva)...[0m
2026-08-04 16:29:21 [INFO] [1m─── Resumo ─────────────────────────────────────[0m
2026-08-04 16:29:21 [INFO]   [92m● Normal[0m                1616 [2m( 97.6%)[0m
2026-08-04 16:29:21 [INFO]   [91m● Desvio (alta confiança)[0m    0 [2m(  0.0%)[0m
2026-08-04 16:29:21 [INFO]   [93m● Desvio (baixa confiança)[0m  40 [2m(  2.4%)[0m
2026-08-04 16:29:21 [INFO]   [2mTempo: 419.7s[0m
2026-08-04 16:29:21 [INFO] 
2026-08-04 16:29:21 [INFO] [1m[93m─── Desvios de BAIXA confiança (40) ──────────────[0m
2026-08-04 16:29:21 [INFO]   [2m(poucos dados históricos — verificar manualmente)[0m
2026-08-04 16:29:21 [INFO] 
2026-08-04 16:29:21 [INFO]   🔴 [91m[1mPT0002000068856872QG[0m  [2m[Cluster 1][0m
2026-08-04 16:29:21 [INFO]      consumiu MAIS que o habitual às 10h
2026-08-04 16:29:21 [INFO]      [2mReal:[0m 3.0 kWh   [2mHabitual:[0m 0.0 ± 0.3 kWh   [2mz:[0m +10.00   [2mdesvio:[0m +300000%   [2m(2 obs. fim_semana)[0m
2026-08-04 16:29:21 [INFO] 
2026-08-04 16:29:21 [INFO]   🔴 [91m[1mPT0002000068859597LS[0m  [2m[Cluster 0][0m
2026-08-04 16:29:21 [INFO]      consumiu MAIS que o habitual às 19h
2026-08-04 16:29:21 [INFO]      [2mReal:[0m 59.0 kWh   [2mHabitual:[0m 28.5 ± 2.9 kWh   [2mz:[0m +10.00⁺   [2mdesvio:[0m +107%   [2m(2 obs. fim_semana)[0m
2026-08-04 16:29:21 [INFO] 
2026-08-04 16:29:21 [INFO]   🔴 [91m[1mPT0002000201038711LS[0m  [2m[Cluster 1 (atribuido)][0m
2026-08-04 16:29:21 [INFO]      consumiu MAIS que o habitual às 20h
2026-08-04 16:29:21 [INFO]      [2mReal:[0m 61.0 kWh   [2mHabitual:[0m 15.5 ± 2.1 kWh   [2mz:[0m +10.00⁺   [2mdesvio:[0m +294%   [2m(2 obs. fim_semana)[0m
2026-08-04 16:29:21 [INFO] 
2026-08-04 16:29:21 [INFO]   🔵 [94m[1mPT0002000081344542CP[0m  [2m[Cluster 1][0m
2026-08-04 16:29:21 [INFO]      consumiu MENOS que o habitual às 12h
2026-08-04 16:29:21 [INFO]      [2mReal:[0m 3.0 kWh   [2mHabitual:[0m 21.5 ± 2.1 kWh   [2mz:[0m -8.60   [2mdesvio:[0m -86%   [2m(2 obs. fim_semana)[0m
2026-08-04 16:29:21 [INFO] 
2026-08-04 16:29:21 [INFO]   🔵 [94m[1mPT0002000073720434JD[0m  [2m[Cluster 1 (atribuido)][0m
2026-08-04 16:29:21 [INFO]      consumiu MENOS que o habitual às 15h
2026-08-04 16:29:21 [INFO]      [2mReal:[0m 19.0 kWh   [2mHabitual:[0m 87.5 ± 8.8 kWh   [2mz:[0m -7.83   [2mdesvio:[0m -78%   [2m(2 obs. fim_semana)[0m
2026-08-04 16:29:21 [INFO] 
2026-08-04 16:29:21 [INFO]   🔵 [94m[1mPT0002000068858674WN[0m  [2m[Cluster 1 (atribuido)][0m
2026-08-04 16:29:21 [INFO]      consumiu MENOS que o habitual às 01h
2026-08-04 16:29:21 [INFO]      [2mReal:[0m 16.0 kWh   [2mHabitual:[0m 68.0 ± 6.8 kWh   [2mz:[0m -7.65   [2mdesvio:[0m -76%   [2m(2 obs. fim_semana)[0m
2026-08-04 16:29:21 [INFO] 
2026-08-04 16:29:21 [INFO]   🔵 [94m[1mPT0002000068858674WN[0m  [2m[Cluster 1 (atribuido)][0m
2026-08-04 16:29:21 [INFO]      consumiu MENOS que o habitual às 02h
2026-08-04 16:29:21 [INFO]      [2mReal:[0m 16.0 kWh   [2mHabitual:[0m 60.0 ± 6.0 kWh   [2mz:[0m -7.33   [2mdesvio:[0m -73%   [2m(2 obs. fim_semana)[0m
2026-08-04 16:29:21 [INFO] 
2026-08-04 16:29:21 [INFO]   🔵 [94m[1mPT0002000081344542CP[0m  [2m[Cluster 1][0m
2026-08-04 16:29:21 [INFO]      consumiu MENOS que o habitual às 14h
2026-08-04 16:29:21 [INFO]      [2mReal:[0m 3.0 kWh   [2mHabitual:[0m 17.5 ± 2.1 kWh   [2mz:[0m -6.84   [2mdesvio:[0m -83%   [2m(2 obs. fim_semana)[0m
2026-08-04 16:29:21 [INFO] 
2026-08-04 16:29:21 [INFO]   🔴 [91m[1mPT0002000068856872QG[0m  [2m[Cluster 1][0m
2026-08-04 16:29:21 [INFO]      consumiu MAIS que o habitual às 03h
2026-08-04 16:29:21 [INFO]      [2mReal:[0m 2.0 kWh   [2mHabitual:[0m 0.0 ± 0.3 kWh   [2mz:[0m +6.67   [2mdesvio:[0m +200000%   [2m(2 obs. fim_semana)[0m
2026-08-04 16:29:21 [INFO] 
2026-08-04 16:29:21 [INFO]   🔴 [91m[1mPT0002000068856872QG[0m  [2m[Cluster 1][0m
2026-08-04 16:29:21 [INFO]      consumiu MAIS que o habitual às 16h
2026-08-04 16:29:21 [INFO]      [2mReal:[0m 2.0 kWh   [2mHabitual:[0m 0.0 ± 0.3 kWh   [2mz:[0m +6.67   [2mdesvio:[0m +200000%   [2m(2 obs. fim_semana)[0m
2026-08-04 16:29:21 [INFO] 
2026-08-04 16:29:21 [INFO]   🔵 [94m[1mPT0002000068858674WN[0m  [2m[Cluster 1 (atribuido)][0m
2026-08-04 16:29:21 [INFO]      consumiu MENOS que o habitual às 03h
2026-08-04 16:29:21 [INFO]      [2mReal:[0m 12.0 kWh   [2mHabitual:[0m 36.0 ± 3.6 kWh   [2mz:[0m -6.67   [2mdesvio:[0m -67%   [2m(2 obs. fim_semana)[0m
2026-08-04 16:29:21 [INFO] 
2026-08-04 16:29:21 [INFO]   🔵 [94m[1mPT0002000068859325FL[0m  [2m[Cluster 1][0m
2026-08-04 16:29:21 [INFO]      consumiu MENOS que o habitual às 08h
2026-08-04 16:29:21 [INFO]      [2mReal:[0m 36.0 kWh   [2mHabitual:[0m 108.0 ± 11.3 kWh   [2mz:[0m -6.36   [2mdesvio:[0m -67%   [2m(2 obs. fim_semana)[0m
2026-08-04 16:29:21 [INFO] 
2026-08-04 16:29:21 [INFO]   🔵 [94m[1mPT0002000081344542CP[0m  [2m[Cluster 1][0m
2026-08-04 16:29:21 [INFO]      consumiu MENOS que o habitual às 04h
2026-08-04 16:29:21 [INFO]      [2mReal:[0m 3.0 kWh   [2mHabitual:[0m 8.0 ± 0.8 kWh   [2mz:[0m -6.25   [2mdesvio:[0m -62%   [2m(2 obs. fim_semana)[0m
2026-08-04 16:29:21 [INFO] 
2026-08-04 16:29:21 [INFO]   🔵 [94m[1mPT0002000081344542CP[0m  [2m[Cluster 1][0m
2026-08-04 16:29:21 [INFO]      consumiu MENOS que o habitual às 11h
2026-08-04 16:29:21 [INFO]      [2mReal:[0m 3.0 kWh   [2mHabitual:[0m 20.0 ± 2.8 kWh   [2mz:[0m -6.01   [2mdesvio:[0m -85%   [2m(2 obs. fim_semana)[0m
2026-08-04 16:29:21 [INFO] 
2026-08-04 16:29:21 [INFO]   🔵 [94m[1mPT0002000073720434JD[0m  [2m[Cluster 1 (atribuido)][0m
2026-08-04 16:29:21 [INFO]      consumiu MENOS que o habitual às 14h
2026-08-04 16:29:21 [INFO]      [2mReal:[0m 19.0 kWh   [2mHabitual:[0m 77.0 ± 9.9 kWh   [2mz:[0m -5.86   [2mdesvio:[0m -75%   [2m(2 obs. fim_semana)[0m
2026-08-04 16:29:21 [INFO] 
2026-08-04 16:29:21 [INFO]   🔵 [94m[1mPT0002000081344542CP[0m  [2m[Cluster 1][0m
2026-08-04 16:29:21 [INFO]      consumiu MENOS que o habitual às 15h
2026-08-04 16:29:21 [INFO]      [2mReal:[0m 3.0 kWh   [2mHabitual:[0m 11.0 ± 1.4 kWh   [2mz:[0m -5.66   [2mdesvio:[0m -73%   [2m(2 obs. fim_semana)[0m
2026-08-04 16:29:21 [INFO] 
2026-08-04 16:29:21 [INFO]   🔵 [94m[1mPT0002000079469719HF[0m  [2m[Cluster 1 (atribuido)][0m
2026-08-04 16:29:21 [INFO]      consumiu MENOS que o habitual às 16h
2026-08-04 16:29:21 [INFO]      [2mReal:[0m 43.0 kWh   [2mHabitual:[0m 89.0 ± 8.9 kWh   [2mz:[0m -5.17   [2mdesvio:[0m -52%   [2m(2 obs. fim_semana)[0m
2026-08-04 16:29:21 [INFO] 
2026-08-04 16:29:21 [INFO]   🔴 [91m[1mPT0002000068857099AR[0m  [2m[Cluster 1][0m
2026-08-04 16:29:21 [INFO]      consumiu MAIS que o habitual às 03h
2026-08-04 16:29:21 [INFO]      [2mReal:[0m 6.0 kWh   [2mHabitual:[0m 4.0 ± 0.4 kWh   [2mz:[0m +5.00   [2mdesvio:[0m +50%   [2m(2 obs. fim_semana)[0m
2026-08-04 16:29:21 [INFO] 
2026-08-04 16:29:21 [INFO]   🔴 [91m[1mPT0002000110607652SB[0m  [2m[Cluster 0][0m
2026-08-04 16:29:21 [INFO]      consumiu MAIS que o habitual às 03h
2026-08-04 16:29:21 [INFO]      [2mReal:[0m 12.0 kWh   [2mHabitual:[0m 8.0 ± 0.8 kWh   [2mz:[0m +5.00   [2mdesvio:[0m +50%   [2m(2 obs. fim_semana)[0m
2026-08-04 16:29:21 [INFO] 
2026-08-04 16:29:21 [INFO]   🔵 [94m[1mPT0002000081344542CP[0m  [2m[Cluster 1][0m
2026-08-04 16:29:21 [INFO]      consumiu MENOS que o habitual às 13h
2026-08-04 16:29:21 [INFO]      [2mReal:[0m 3.0 kWh   [2mHabitual:[0m 19.5 ± 3.5 kWh   [2mz:[0m -4.67   [2mdesvio:[0m -85%   [2m(2 obs. fim_semana)[0m
2026-08-04 16:29:21 [INFO] 
2026-08-04 16:29:21 [INFO]   🔴 [91m[1mPT0002000068856872QG[0m  [2m[Cluster 1][0m
2026-08-04 16:29:21 [INFO]      consumiu MAIS que o habitual às 23h
2026-08-04 16:29:21 [INFO]      [2mReal:[0m 3.0 kWh   [2mHabitual:[0m 0.3 ± 0.6 kWh   [2mz:[0m +4.62   [2mdesvio:[0m +809%   [2m(3 obs. fim_semana)[0m
2026-08-04 16:29:21 [INFO] 
2026-08-04 16:29:21 [INFO]   🔵 [94m[1mPT0002000068859325FL[0m  [2m[Cluster 1][0m
2026-08-04 16:29:21 [INFO]      consumiu MENOS que o habitual às 10h
2026-08-04 16:29:21 [INFO]      [2mReal:[0m 64.0 kWh   [2mHabitual:[0m 116.0 ± 11.6 kWh   [2mz:[0m -4.48   [2mdesvio:[0m -45%   [2m(2 obs. fim_semana)[0m
2026-08-04 16:29:21 [INFO] 
2026-08-04 16:29:21 [INFO]   🔵 [94m[1mPT0002000081344542CP[0m  [2m[Cluster 1][0m
2026-08-04 16:29:21 [INFO]      consumiu MENOS que o habitual às 16h
2026-08-04 16:29:21 [INFO]      [2mReal:[0m 3.0 kWh   [2mHabitual:[0m 12.5 ± 2.1 kWh   [2mz:[0m -4.48   [2mdesvio:[0m -76%   [2m(2 obs. fim_semana)[0m
2026-08-04 16:29:21 [INFO] 
2026-08-04 16:29:21 [INFO]   🔵 [94m[1mPT0002000068859325FL[0m  [2m[Cluster 1][0m
2026-08-04 16:29:21 [INFO]      consumiu MENOS que o habitual às 12h
2026-08-04 16:29:21 [INFO]      [2mReal:[0m 64.0 kWh   [2mHabitual:[0m 114.0 ± 11.4 kWh   [2mz:[0m -4.39   [2mdesvio:[0m -44%   [2m(2 obs. fim_semana)[0m
2026-08-04 16:29:21 [INFO] 
2026-08-04 16:29:21 [INFO]   🔵 [94m[1mPT0002000077348081AG[0m  [2m[Cluster 0 (atribuido)][0m
2026-08-04 16:29:21 [INFO]      consumiu MENOS que o habitual às 11h
2026-08-04 16:29:21 [INFO]      [2mReal:[0m 89.0 kWh   [2mHabitual:[0m 191.5 ± 23.3 kWh   [2mz:[0m -4.39   [2mdesvio:[0m -54%   [2m(2 obs. fim_semana)[0m
2026-08-04 16:29:21 [INFO] 
2026-08-04 16:29:21 [INFO]   🔵 [94m[1mPT0002000079469719HF[0m  [2m[Cluster 1 (atribuido)][0m
2026-08-04 16:29:21 [INFO]      consumiu MENOS que o habitual às 13h
2026-08-04 16:29:21 [INFO]      [2mReal:[0m 15.0 kWh   [2mHabitual:[0m 77.0 ± 14.1 kWh   [2mz:[0m -4.38   [2mdesvio:[0m -81%   [2m(2 obs. fim_semana)[0m
2026-08-04 16:29:21 [INFO] 
2026-08-04 16:29:21 [INFO]   🔵 [94m[1mPT0002000079469719HF[0m  [2m[Cluster 1 (atribuido)][0m
2026-08-04 16:29:21 [INFO]      consumiu MENOS que o habitual às 14h
2026-08-04 16:29:21 [INFO]      [2mReal:[0m 15.0 kWh   [2mHabitual:[0m 61.5 ± 10.6 kWh   [2mz:[0m -4.38   [2mdesvio:[0m -76%   [2m(2 obs. fim_semana)[0m
2026-08-04 16:29:21 [INFO] 
2026-08-04 16:29:21 [INFO]   🔵 [94m[1mPT0002000077348081AG[0m  [2m[Cluster 0 (atribuido)][0m
2026-08-04 16:29:21 [INFO]      consumiu MENOS que o habitual às 12h
2026-08-04 16:29:21 [INFO]      [2mReal:[0m 149.0 kWh   [2mHabitual:[0m 261.5 ± 26.1 kWh   [2mz:[0m -4.30   [2mdesvio:[0m -43%   [2m(2 obs. fim_semana)[0m
2026-08-04 16:29:21 [INFO] 
2026-08-04 16:29:21 [INFO]   🔵 [94m[1mPT0002000068859325FL[0m  [2m[Cluster 1][0m
2026-08-04 16:29:21 [INFO]      consumiu MENOS que o habitual às 09h
2026-08-04 16:29:21 [INFO]      [2mReal:[0m 60.0 kWh   [2mHabitual:[0m 108.0 ± 11.3 kWh   [2mz:[0m -4.24   [2mdesvio:[0m -44%   [2m(2 obs. fim_semana)[0m
2026-08-04 16:29:21 [INFO] 
2026-08-04 16:29:21 [INFO]   🔵 [94m[1mPT0002000068859325FL[0m  [2m[Cluster 1][0m
2026-08-04 16:29:21 [INFO]      consumiu MENOS que o habitual às 11h
2026-08-04 16:29:21 [INFO]      [2mReal:[0m 68.0 kWh   [2mHabitual:[0m 116.0 ± 11.6 kWh   [2mz:[0m -4.14   [2mdesvio:[0m -41%   [2m(2 obs. fim_semana)[0m
2026-08-04 16:29:21 [INFO] 
2026-08-04 16:29:21 [INFO]   🔵 [94m[1mPT0002000111572054VT[0m  [2m[Cluster 0 (atribuido)][0m
2026-08-04 16:29:21 [INFO]      consumiu MENOS que o habitual às 08h
2026-08-04 16:29:21 [INFO]      [2mReal:[0m 8.0 kWh   [2mHabitual:[0m 13.5 ± 1.4 kWh   [2mz:[0m -4.07   [2mdesvio:[0m -41%   [2m(2 obs. fim_semana)[0m
2026-08-04 16:29:21 [INFO] 
2026-08-04 16:29:21 [INFO]   🔵 [94m[1mPT0002000079469719HF[0m  [2m[Cluster 1 (atribuido)][0m
2026-08-04 16:29:21 [INFO]      consumiu MENOS que o habitual às 15h
2026-08-04 16:29:21 [INFO]      [2mReal:[0m 41.0 kWh   [2mHabitual:[0m 69.0 ± 6.9 kWh   [2mz:[0m -4.06   [2mdesvio:[0m -41%   [2m(2 obs. fim_semana)[0m
2026-08-04 16:29:21 [INFO] 
2026-08-04 16:29:21 [INFO]   🔵 [94m[1mPT0002000073720434JD[0m  [2m[Cluster 1 (atribuido)][0m
2026-08-04 16:29:21 [INFO]      consumiu MENOS que o habitual às 17h
2026-08-04 16:29:21 [INFO]      [2mReal:[0m 20.0 kWh   [2mHabitual:[0m 33.0 ± 3.3 kWh   [2mz:[0m -3.94   [2mdesvio:[0m -39%   [2m(2 obs. fim_semana)[0m
2026-08-04 16:29:21 [INFO] 
2026-08-04 16:29:21 [INFO]   🔵 [94m[1mPT0002000079469719HF[0m  [2m[Cluster 1 (atribuido)][0m
2026-08-04 16:29:21 [INFO]      consumiu MENOS que o habitual às 17h
2026-08-04 16:29:21 [INFO]      [2mReal:[0m 63.0 kWh   [2mHabitual:[0m 104.0 ± 10.4 kWh   [2mz:[0m -3.94   [2mdesvio:[0m -39%   [2m(2 obs. fim_semana)[0m
2026-08-04 16:29:21 [INFO] 
2026-08-04 16:29:21 [INFO]   🔴 [91m[1mPT0002000102936404ME[0m  [2m[Cluster 1][0m
2026-08-04 16:29:21 [INFO]      consumiu MAIS que o habitual às 00h
2026-08-04 16:29:21 [INFO]      [2mReal:[0m 23.0 kWh   [2mHabitual:[0m 16.5 ± 1.6 kWh   [2mz:[0m +3.94   [2mdesvio:[0m +39%   [2m(2 obs. fim_semana)[0m
2026-08-04 16:29:21 [INFO] 
2026-08-04 16:29:21 [INFO]   🔵 [94m[1mPT0002000077348081AG[0m  [2m[Cluster 0 (atribuido)][0m
2026-08-04 16:29:21 [INFO]      consumiu MENOS que o habitual às 20h
2026-08-04 16:29:21 [INFO]      [2mReal:[0m 90.0 kWh   [2mHabitual:[0m 255.5 ± 44.5 kWh   [2mz:[0m -3.72   [2mdesvio:[0m -65%   [2m(2 obs. fim_semana)[0m
2026-08-04 16:29:21 [INFO] 
2026-08-04 16:29:21 [INFO]   🔵 [94m[1mPT0002000079469719HF[0m  [2m[Cluster 1 (atribuido)][0m
2026-08-04 16:29:21 [INFO]      consumiu MENOS que o habitual às 09h
2026-08-04 16:29:21 [INFO]      [2mReal:[0m 79.0 kWh   [2mHabitual:[0m 127.5 ± 13.4 kWh   [2mz:[0m -3.61   [2mdesvio:[0m -38%   [2m(2 obs. fim_semana)[0m
2026-08-04 16:29:21 [INFO] 
2026-08-04 16:29:21 [INFO]   🔵 [94m[1mPT0002000068856826ZG[0m  [2m[Cluster 0 (atribuido)][0m
2026-08-04 16:29:21 [INFO]      consumiu MENOS que o habitual às 08h
2026-08-04 16:29:21 [INFO]      [2mReal:[0m 138.0 kWh   [2mHabitual:[0m 214.5 ± 21.4 kWh   [2mz:[0m -3.57   [2mdesvio:[0m -36%   [2m(2 obs. fim_semana)[0m
2026-08-04 16:29:21 [INFO] 
2026-08-04 16:29:21 [INFO]   🔵 [94m[1mPT0002000081344542CP[0m  [2m[Cluster 1][0m
2026-08-04 16:29:21 [INFO]      consumiu MENOS que o habitual às 09h
2026-08-04 16:29:21 [INFO]      [2mReal:[0m 4.0 kWh   [2mHabitual:[0m 9.0 ± 1.4 kWh   [2mz:[0m -3.54   [2mdesvio:[0m -56%   [2m(2 obs. fim_semana)[0m
2026-08-04 16:29:21 [INFO] 
2026-08-04 16:29:21 [INFO]   🔴 [91m[1mPT0002000201038711LS[0m  [2m[Cluster 1 (atribuido)][0m
2026-08-04 16:29:21 [INFO]      consumiu MAIS que o habitual às 19h
2026-08-04 16:29:21 [INFO]      [2mReal:[0m 70.0 kWh   [2mHabitual:[0m 37.5 ± 9.2 kWh   [2mz:[0m +3.54   [2mdesvio:[0m +87%   [2m(2 obs. fim_semana)[0m
2026-08-04 16:29:21 [INFO] 
2026-08-04 16:29:21 [INFO]   [2mCSV:[0m /home/runner/work/ts-anomaly-detection-dissertation/ts-anomaly-detection-dissertation/results/energia/realtime/alerts/analise_energia_2026-08-02.csv
2026-08-04 16:29:21 [INFO] 
2026-08-04 16:29:21 [INFO] [96m→ A prever consumo de 2026-08-03 para 276 CPEs...[0m
2026-08-04 16:29:26 [INFO] [1m══════════════════════════════════════════════════════════════════════[0m
2026-08-04 16:29:26 [INFO] [1m  PREDIÇÃO — 2026-08-03 [0m[2m(dia util)[0m
2026-08-04 16:29:26 [INFO] [1m══════════════════════════════════════════════════════════════════════[0m
2026-08-04 16:29:26 [INFO]   [95m● CPEs previstos[0m          69 [2m(alta: 0, baixa: 1656)[0m
2026-08-04 16:29:26 [INFO]   [95m● Consumo total previsto[0m 83528.0 kWh [2m(±18881.1)[0m
2026-08-04 16:29:26 [INFO] 
2026-08-04 16:29:26 [INFO]   [2mPrevisão guardada:[0m /home/runner/work/ts-anomaly-detection-dissertation/ts-anomaly-detection-dissertation/results/energia/realtime/predictions/previsao_energia_2026-08-03.csv
2026-08-04 16:29:26 [INFO] 
2026-08-04 16:29:26 [INFO] [1m══════════════════════════════════════════════════════════════════════[0m
2026-08-04 16:29:26 [INFO] [1m  VALIDAÇÃO — qualidade das previsões anteriores[0m
2026-08-04 16:29:26 [INFO] [1m══════════════════════════════════════════════════════════════════════[0m
2026-08-04 16:29:26 [INFO]   [2mDias validados:[0m 4   [2mpendentes:[0m 49
2026-08-04 16:29:26 [INFO]   [2mÚltimo (2026-08-02):[0m MAE 12.21 kWh   RMSE 29.24   em ±1σ 59% [2m(esperado ~68%)[0m   em ±2σ 92% [2m(esperado ~95%)[0m
2026-08-04 16:29:26 [INFO]   [2mMédia acumulada:[0m MAE 10.93 kWh   RMSE 29.63   em ±1σ 58%   em ±2σ 81%
2026-08-04 16:29:26 [INFO]   [2mCSV:[0m /home/runner/work/ts-anomaly-detection-dissertation/ts-anomaly-detection-dissertation/results/energia/realtime/analysis/qualidade_previsoes_energia.csv
2026-08-04 16:29:26 [INFO] 
2026-08-04 16:29:26 [INFO] 
2026-08-04 16:29:26 [INFO] Concluido em 424.5s. Ficheiros gerados: 2
2026-08-04 17:00:32 [INFO] [96m→ A pedir dados ao BaZe (276 CPEs)...[0m
2026-08-04 17:07:32 [INFO]   [2mClusters atribuidos carregados:[0m 22 novos
2026-08-04 17:07:32 [INFO] 
2026-08-04 17:07:32 [INFO] [1m══════════════════════════════════════════════════════════════════════[0m
2026-08-04 17:07:32 [INFO] [1m  DETEÇÃO DE ANOMALIAS — 2026-08-02[0m
2026-08-04 17:07:32 [INFO] [1m══════════════════════════════════════════════════════════════════════[0m
2026-08-04 17:07:32 [INFO]   [2mTipo de dia:[0m  fim semana
2026-08-04 17:07:32 [INFO]   [2mFonte:[0m        BAZE
2026-08-04 17:07:32 [INFO]   [2mCPEs c/ dados:[0m 69
2026-08-04 17:07:32 [INFO]   [2mThreshold:[0m    |z| > 3.5 [2m(adaptativo a este tipo de dia)[0m
2026-08-04 17:07:32 [INFO] 
2026-08-04 17:07:32 [INFO] [96m→ A analisar 69 CPEs / 1656 pontos horários (retrospetiva)...[0m
2026-08-04 17:07:34 [INFO] [1m─── Resumo ─────────────────────────────────────[0m
2026-08-04 17:07:34 [INFO]   [92m● Normal[0m                1616 [2m( 97.6%)[0m
2026-08-04 17:07:34 [INFO]   [91m● Desvio (alta confiança)[0m    0 [2m(  0.0%)[0m
2026-08-04 17:07:34 [INFO]   [93m● Desvio (baixa confiança)[0m  40 [2m(  2.4%)[0m
2026-08-04 17:07:34 [INFO]   [2mTempo: 421.9s[0m
2026-08-04 17:07:34 [INFO] 
2026-08-04 17:07:34 [INFO] [1m[93m─── Desvios de BAIXA confiança (40) ──────────────[0m
2026-08-04 17:07:34 [INFO]   [2m(poucos dados históricos — verificar manualmente)[0m
2026-08-04 17:07:34 [INFO] 
2026-08-04 17:07:34 [INFO]   🔴 [91m[1mPT0002000068856872QG[0m  [2m[Cluster 1][0m
2026-08-04 17:07:34 [INFO]      consumiu MAIS que o habitual às 10h
2026-08-04 17:07:34 [INFO]      [2mReal:[0m 3.0 kWh   [2mHabitual:[0m 0.0 ± 0.3 kWh   [2mz:[0m +10.00   [2mdesvio:[0m +300000%   [2m(2 obs. fim_semana)[0m
2026-08-04 17:07:34 [INFO] 
2026-08-04 17:07:34 [INFO]   🔴 [91m[1mPT0002000068859597LS[0m  [2m[Cluster 0][0m
2026-08-04 17:07:34 [INFO]      consumiu MAIS que o habitual às 19h
2026-08-04 17:07:34 [INFO]      [2mReal:[0m 59.0 kWh   [2mHabitual:[0m 28.5 ± 2.9 kWh   [2mz:[0m +10.00⁺   [2mdesvio:[0m +107%   [2m(2 obs. fim_semana)[0m
2026-08-04 17:07:34 [INFO] 
2026-08-04 17:07:34 [INFO]   🔴 [91m[1mPT0002000201038711LS[0m  [2m[Cluster 1 (atribuido)][0m
2026-08-04 17:07:34 [INFO]      consumiu MAIS que o habitual às 20h
2026-08-04 17:07:34 [INFO]      [2mReal:[0m 61.0 kWh   [2mHabitual:[0m 15.5 ± 2.1 kWh   [2mz:[0m +10.00⁺   [2mdesvio:[0m +294%   [2m(2 obs. fim_semana)[0m
2026-08-04 17:07:34 [INFO] 
2026-08-04 17:07:34 [INFO]   🔵 [94m[1mPT0002000081344542CP[0m  [2m[Cluster 1][0m
2026-08-04 17:07:34 [INFO]      consumiu MENOS que o habitual às 12h
2026-08-04 17:07:34 [INFO]      [2mReal:[0m 3.0 kWh   [2mHabitual:[0m 21.5 ± 2.1 kWh   [2mz:[0m -8.60   [2mdesvio:[0m -86%   [2m(2 obs. fim_semana)[0m
2026-08-04 17:07:34 [INFO] 
2026-08-04 17:07:34 [INFO]   🔵 [94m[1mPT0002000073720434JD[0m  [2m[Cluster 1 (atribuido)][0m
2026-08-04 17:07:34 [INFO]      consumiu MENOS que o habitual às 15h
2026-08-04 17:07:34 [INFO]      [2mReal:[0m 19.0 kWh   [2mHabitual:[0m 87.5 ± 8.8 kWh   [2mz:[0m -7.83   [2mdesvio:[0m -78%   [2m(2 obs. fim_semana)[0m
2026-08-04 17:07:34 [INFO] 
2026-08-04 17:07:34 [INFO]   🔵 [94m[1mPT0002000068858674WN[0m  [2m[Cluster 1 (atribuido)][0m
2026-08-04 17:07:34 [INFO]      consumiu MENOS que o habitual às 01h
2026-08-04 17:07:34 [INFO]      [2mReal:[0m 16.0 kWh   [2mHabitual:[0m 68.0 ± 6.8 kWh   [2mz:[0m -7.65   [2mdesvio:[0m -76%   [2m(2 obs. fim_semana)[0m
2026-08-04 17:07:34 [INFO] 
2026-08-04 17:07:34 [INFO]   🔵 [94m[1mPT0002000068858674WN[0m  [2m[Cluster 1 (atribuido)][0m
2026-08-04 17:07:34 [INFO]      consumiu MENOS que o habitual às 02h
2026-08-04 17:07:34 [INFO]      [2mReal:[0m 16.0 kWh   [2mHabitual:[0m 60.0 ± 6.0 kWh   [2mz:[0m -7.33   [2mdesvio:[0m -73%   [2m(2 obs. fim_semana)[0m
2026-08-04 17:07:34 [INFO] 
2026-08-04 17:07:34 [INFO]   🔵 [94m[1mPT0002000081344542CP[0m  [2m[Cluster 1][0m
2026-08-04 17:07:34 [INFO]      consumiu MENOS que o habitual às 14h
2026-08-04 17:07:34 [INFO]      [2mReal:[0m 3.0 kWh   [2mHabitual:[0m 17.5 ± 2.1 kWh   [2mz:[0m -6.84   [2mdesvio:[0m -83%   [2m(2 obs. fim_semana)[0m
2026-08-04 17:07:34 [INFO] 
2026-08-04 17:07:34 [INFO]   🔴 [91m[1mPT0002000068856872QG[0m  [2m[Cluster 1][0m
2026-08-04 17:07:34 [INFO]      consumiu MAIS que o habitual às 03h
2026-08-04 17:07:34 [INFO]      [2mReal:[0m 2.0 kWh   [2mHabitual:[0m 0.0 ± 0.3 kWh   [2mz:[0m +6.67   [2mdesvio:[0m +200000%   [2m(2 obs. fim_semana)[0m
2026-08-04 17:07:34 [INFO] 
2026-08-04 17:07:34 [INFO]   🔴 [91m[1mPT0002000068856872QG[0m  [2m[Cluster 1][0m
2026-08-04 17:07:34 [INFO]      consumiu MAIS que o habitual às 16h
2026-08-04 17:07:34 [INFO]      [2mReal:[0m 2.0 kWh   [2mHabitual:[0m 0.0 ± 0.3 kWh   [2mz:[0m +6.67   [2mdesvio:[0m +200000%   [2m(2 obs. fim_semana)[0m
2026-08-04 17:07:34 [INFO] 
2026-08-04 17:07:34 [INFO]   🔵 [94m[1mPT0002000068858674WN[0m  [2m[Cluster 1 (atribuido)][0m
2026-08-04 17:07:34 [INFO]      consumiu MENOS que o habitual às 03h
2026-08-04 17:07:34 [INFO]      [2mReal:[0m 12.0 kWh   [2mHabitual:[0m 36.0 ± 3.6 kWh   [2mz:[0m -6.67   [2mdesvio:[0m -67%   [2m(2 obs. fim_semana)[0m
2026-08-04 17:07:34 [INFO] 
2026-08-04 17:07:34 [INFO]   🔵 [94m[1mPT0002000068859325FL[0m  [2m[Cluster 1][0m
2026-08-04 17:07:34 [INFO]      consumiu MENOS que o habitual às 08h
2026-08-04 17:07:34 [INFO]      [2mReal:[0m 36.0 kWh   [2mHabitual:[0m 108.0 ± 11.3 kWh   [2mz:[0m -6.36   [2mdesvio:[0m -67%   [2m(2 obs. fim_semana)[0m
2026-08-04 17:07:34 [INFO] 
2026-08-04 17:07:34 [INFO]   🔵 [94m[1mPT0002000081344542CP[0m  [2m[Cluster 1][0m
2026-08-04 17:07:34 [INFO]      consumiu MENOS que o habitual às 04h
2026-08-04 17:07:34 [INFO]      [2mReal:[0m 3.0 kWh   [2mHabitual:[0m 8.0 ± 0.8 kWh   [2mz:[0m -6.25   [2mdesvio:[0m -62%   [2m(2 obs. fim_semana)[0m
2026-08-04 17:07:34 [INFO] 
2026-08-04 17:07:34 [INFO]   🔵 [94m[1mPT0002000081344542CP[0m  [2m[Cluster 1][0m
2026-08-04 17:07:34 [INFO]      consumiu MENOS que o habitual às 11h
2026-08-04 17:07:34 [INFO]      [2mReal:[0m 3.0 kWh   [2mHabitual:[0m 20.0 ± 2.8 kWh   [2mz:[0m -6.01   [2mdesvio:[0m -85%   [2m(2 obs. fim_semana)[0m
2026-08-04 17:07:34 [INFO] 
2026-08-04 17:07:34 [INFO]   🔵 [94m[1mPT0002000073720434JD[0m  [2m[Cluster 1 (atribuido)][0m
2026-08-04 17:07:34 [INFO]      consumiu MENOS que o habitual às 14h
2026-08-04 17:07:34 [INFO]      [2mReal:[0m 19.0 kWh   [2mHabitual:[0m 77.0 ± 9.9 kWh   [2mz:[0m -5.86   [2mdesvio:[0m -75%   [2m(2 obs. fim_semana)[0m
2026-08-04 17:07:34 [INFO] 
2026-08-04 17:07:34 [INFO]   🔵 [94m[1mPT0002000081344542CP[0m  [2m[Cluster 1][0m
2026-08-04 17:07:34 [INFO]      consumiu MENOS que o habitual às 15h
2026-08-04 17:07:34 [INFO]      [2mReal:[0m 3.0 kWh   [2mHabitual:[0m 11.0 ± 1.4 kWh   [2mz:[0m -5.66   [2mdesvio:[0m -73%   [2m(2 obs. fim_semana)[0m
2026-08-04 17:07:34 [INFO] 
2026-08-04 17:07:34 [INFO]   🔵 [94m[1mPT0002000079469719HF[0m  [2m[Cluster 1 (atribuido)][0m
2026-08-04 17:07:34 [INFO]      consumiu MENOS que o habitual às 16h
2026-08-04 17:07:34 [INFO]      [2mReal:[0m 43.0 kWh   [2mHabitual:[0m 89.0 ± 8.9 kWh   [2mz:[0m -5.17   [2mdesvio:[0m -52%   [2m(2 obs. fim_semana)[0m
2026-08-04 17:07:34 [INFO] 
2026-08-04 17:07:34 [INFO]   🔴 [91m[1mPT0002000068857099AR[0m  [2m[Cluster 1][0m
2026-08-04 17:07:34 [INFO]      consumiu MAIS que o habitual às 03h
2026-08-04 17:07:34 [INFO]      [2mReal:[0m 6.0 kWh   [2mHabitual:[0m 4.0 ± 0.4 kWh   [2mz:[0m +5.00   [2mdesvio:[0m +50%   [2m(2 obs. fim_semana)[0m
2026-08-04 17:07:34 [INFO] 
2026-08-04 17:07:34 [INFO]   🔴 [91m[1mPT0002000110607652SB[0m  [2m[Cluster 0][0m
2026-08-04 17:07:34 [INFO]      consumiu MAIS que o habitual às 03h
2026-08-04 17:07:34 [INFO]      [2mReal:[0m 12.0 kWh   [2mHabitual:[0m 8.0 ± 0.8 kWh   [2mz:[0m +5.00   [2mdesvio:[0m +50%   [2m(2 obs. fim_semana)[0m
2026-08-04 17:07:34 [INFO] 
2026-08-04 17:07:34 [INFO]   🔵 [94m[1mPT0002000081344542CP[0m  [2m[Cluster 1][0m
2026-08-04 17:07:34 [INFO]      consumiu MENOS que o habitual às 13h
2026-08-04 17:07:34 [INFO]      [2mReal:[0m 3.0 kWh   [2mHabitual:[0m 19.5 ± 3.5 kWh   [2mz:[0m -4.67   [2mdesvio:[0m -85%   [2m(2 obs. fim_semana)[0m
2026-08-04 17:07:34 [INFO] 
2026-08-04 17:07:34 [INFO]   🔴 [91m[1mPT0002000068856872QG[0m  [2m[Cluster 1][0m
2026-08-04 17:07:34 [INFO]      consumiu MAIS que o habitual às 23h
2026-08-04 17:07:34 [INFO]      [2mReal:[0m 3.0 kWh   [2mHabitual:[0m 0.3 ± 0.6 kWh   [2mz:[0m +4.62   [2mdesvio:[0m +809%   [2m(3 obs. fim_semana)[0m
2026-08-04 17:07:34 [INFO] 
2026-08-04 17:07:34 [INFO]   🔵 [94m[1mPT0002000068859325FL[0m  [2m[Cluster 1][0m
2026-08-04 17:07:34 [INFO]      consumiu MENOS que o habitual às 10h
2026-08-04 17:07:34 [INFO]      [2mReal:[0m 64.0 kWh   [2mHabitual:[0m 116.0 ± 11.6 kWh   [2mz:[0m -4.48   [2mdesvio:[0m -45%   [2m(2 obs. fim_semana)[0m
2026-08-04 17:07:34 [INFO] 
2026-08-04 17:07:34 [INFO]   🔵 [94m[1mPT0002000081344542CP[0m  [2m[Cluster 1][0m
2026-08-04 17:07:34 [INFO]      consumiu MENOS que o habitual às 16h
2026-08-04 17:07:34 [INFO]      [2mReal:[0m 3.0 kWh   [2mHabitual:[0m 12.5 ± 2.1 kWh   [2mz:[0m -4.48   [2mdesvio:[0m -76%   [2m(2 obs. fim_semana)[0m
2026-08-04 17:07:34 [INFO] 
2026-08-04 17:07:34 [INFO]   🔵 [94m[1mPT0002000068859325FL[0m  [2m[Cluster 1][0m
2026-08-04 17:07:34 [INFO]      consumiu MENOS que o habitual às 12h
2026-08-04 17:07:34 [INFO]      [2mReal:[0m 64.0 kWh   [2mHabitual:[0m 114.0 ± 11.4 kWh   [2mz:[0m -4.39   [2mdesvio:[0m -44%   [2m(2 obs. fim_semana)[0m
2026-08-04 17:07:34 [INFO] 
2026-08-04 17:07:34 [INFO]   🔵 [94m[1mPT0002000077348081AG[0m  [2m[Cluster 0 (atribuido)][0m
2026-08-04 17:07:34 [INFO]      consumiu MENOS que o habitual às 11h
2026-08-04 17:07:34 [INFO]      [2mReal:[0m 89.0 kWh   [2mHabitual:[0m 191.5 ± 23.3 kWh   [2mz:[0m -4.39   [2mdesvio:[0m -54%   [2m(2 obs. fim_semana)[0m
2026-08-04 17:07:34 [INFO] 
2026-08-04 17:07:34 [INFO]   🔵 [94m[1mPT0002000079469719HF[0m  [2m[Cluster 1 (atribuido)][0m
2026-08-04 17:07:34 [INFO]      consumiu MENOS que o habitual às 13h
2026-08-04 17:07:34 [INFO]      [2mReal:[0m 15.0 kWh   [2mHabitual:[0m 77.0 ± 14.1 kWh   [2mz:[0m -4.38   [2mdesvio:[0m -81%   [2m(2 obs. fim_semana)[0m
2026-08-04 17:07:34 [INFO] 
2026-08-04 17:07:34 [INFO]   🔵 [94m[1mPT0002000079469719HF[0m  [2m[Cluster 1 (atribuido)][0m
2026-08-04 17:07:34 [INFO]      consumiu MENOS que o habitual às 14h
2026-08-04 17:07:34 [INFO]      [2mReal:[0m 15.0 kWh   [2mHabitual:[0m 61.5 ± 10.6 kWh   [2mz:[0m -4.38   [2mdesvio:[0m -76%   [2m(2 obs. fim_semana)[0m
2026-08-04 17:07:34 [INFO] 
2026-08-04 17:07:34 [INFO]   🔵 [94m[1mPT0002000077348081AG[0m  [2m[Cluster 0 (atribuido)][0m
2026-08-04 17:07:34 [INFO]      consumiu MENOS que o habitual às 12h
2026-08-04 17:07:34 [INFO]      [2mReal:[0m 149.0 kWh   [2mHabitual:[0m 261.5 ± 26.1 kWh   [2mz:[0m -4.30   [2mdesvio:[0m -43%   [2m(2 obs. fim_semana)[0m
2026-08-04 17:07:34 [INFO] 
2026-08-04 17:07:34 [INFO]   🔵 [94m[1mPT0002000068859325FL[0m  [2m[Cluster 1][0m
2026-08-04 17:07:34 [INFO]      consumiu MENOS que o habitual às 09h
2026-08-04 17:07:34 [INFO]      [2mReal:[0m 60.0 kWh   [2mHabitual:[0m 108.0 ± 11.3 kWh   [2mz:[0m -4.24   [2mdesvio:[0m -44%   [2m(2 obs. fim_semana)[0m
2026-08-04 17:07:34 [INFO] 
2026-08-04 17:07:34 [INFO]   🔵 [94m[1mPT0002000068859325FL[0m  [2m[Cluster 1][0m
2026-08-04 17:07:34 [INFO]      consumiu MENOS que o habitual às 11h
2026-08-04 17:07:34 [INFO]      [2mReal:[0m 68.0 kWh   [2mHabitual:[0m 116.0 ± 11.6 kWh   [2mz:[0m -4.14   [2mdesvio:[0m -41%   [2m(2 obs. fim_semana)[0m
2026-08-04 17:07:34 [INFO] 
2026-08-04 17:07:34 [INFO]   🔵 [94m[1mPT0002000111572054VT[0m  [2m[Cluster 0 (atribuido)][0m
2026-08-04 17:07:34 [INFO]      consumiu MENOS que o habitual às 08h
2026-08-04 17:07:34 [INFO]      [2mReal:[0m 8.0 kWh   [2mHabitual:[0m 13.5 ± 1.4 kWh   [2mz:[0m -4.07   [2mdesvio:[0m -41%   [2m(2 obs. fim_semana)[0m
2026-08-04 17:07:34 [INFO] 
2026-08-04 17:07:34 [INFO]   🔵 [94m[1mPT0002000079469719HF[0m  [2m[Cluster 1 (atribuido)][0m
2026-08-04 17:07:34 [INFO]      consumiu MENOS que o habitual às 15h
2026-08-04 17:07:34 [INFO]      [2mReal:[0m 41.0 kWh   [2mHabitual:[0m 69.0 ± 6.9 kWh   [2mz:[0m -4.06   [2mdesvio:[0m -41%   [2m(2 obs. fim_semana)[0m
2026-08-04 17:07:34 [INFO] 
2026-08-04 17:07:34 [INFO]   🔵 [94m[1mPT0002000073720434JD[0m  [2m[Cluster 1 (atribuido)][0m
2026-08-04 17:07:34 [INFO]      consumiu MENOS que o habitual às 17h
2026-08-04 17:07:34 [INFO]      [2mReal:[0m 20.0 kWh   [2mHabitual:[0m 33.0 ± 3.3 kWh   [2mz:[0m -3.94   [2mdesvio:[0m -39%   [2m(2 obs. fim_semana)[0m
2026-08-04 17:07:34 [INFO] 
2026-08-04 17:07:34 [INFO]   🔵 [94m[1mPT0002000079469719HF[0m  [2m[Cluster 1 (atribuido)][0m
2026-08-04 17:07:34 [INFO]      consumiu MENOS que o habitual às 17h
2026-08-04 17:07:34 [INFO]      [2mReal:[0m 63.0 kWh   [2mHabitual:[0m 104.0 ± 10.4 kWh   [2mz:[0m -3.94   [2mdesvio:[0m -39%   [2m(2 obs. fim_semana)[0m
2026-08-04 17:07:34 [INFO] 
2026-08-04 17:07:34 [INFO]   🔴 [91m[1mPT0002000102936404ME[0m  [2m[Cluster 1][0m
2026-08-04 17:07:34 [INFO]      consumiu MAIS que o habitual às 00h
2026-08-04 17:07:34 [INFO]      [2mReal:[0m 23.0 kWh   [2mHabitual:[0m 16.5 ± 1.6 kWh   [2mz:[0m +3.94   [2mdesvio:[0m +39%   [2m(2 obs. fim_semana)[0m
2026-08-04 17:07:34 [INFO] 
2026-08-04 17:07:34 [INFO]   🔵 [94m[1mPT0002000077348081AG[0m  [2m[Cluster 0 (atribuido)][0m
2026-08-04 17:07:34 [INFO]      consumiu MENOS que o habitual às 20h
2026-08-04 17:07:34 [INFO]      [2mReal:[0m 90.0 kWh   [2mHabitual:[0m 255.5 ± 44.5 kWh   [2mz:[0m -3.72   [2mdesvio:[0m -65%   [2m(2 obs. fim_semana)[0m
2026-08-04 17:07:34 [INFO] 
2026-08-04 17:07:34 [INFO]   🔵 [94m[1mPT0002000079469719HF[0m  [2m[Cluster 1 (atribuido)][0m
2026-08-04 17:07:34 [INFO]      consumiu MENOS que o habitual às 09h
2026-08-04 17:07:34 [INFO]      [2mReal:[0m 79.0 kWh   [2mHabitual:[0m 127.5 ± 13.4 kWh   [2mz:[0m -3.61   [2mdesvio:[0m -38%   [2m(2 obs. fim_semana)[0m
2026-08-04 17:07:34 [INFO] 
2026-08-04 17:07:34 [INFO]   🔵 [94m[1mPT0002000068856826ZG[0m  [2m[Cluster 0 (atribuido)][0m
2026-08-04 17:07:34 [INFO]      consumiu MENOS que o habitual às 08h
2026-08-04 17:07:34 [INFO]      [2mReal:[0m 138.0 kWh   [2mHabitual:[0m 214.5 ± 21.4 kWh   [2mz:[0m -3.57   [2mdesvio:[0m -36%   [2m(2 obs. fim_semana)[0m
2026-08-04 17:07:34 [INFO] 
2026-08-04 17:07:34 [INFO]   🔵 [94m[1mPT0002000081344542CP[0m  [2m[Cluster 1][0m
2026-08-04 17:07:34 [INFO]      consumiu MENOS que o habitual às 09h
2026-08-04 17:07:34 [INFO]      [2mReal:[0m 4.0 kWh   [2mHabitual:[0m 9.0 ± 1.4 kWh   [2mz:[0m -3.54   [2mdesvio:[0m -56%   [2m(2 obs. fim_semana)[0m
2026-08-04 17:07:34 [INFO] 
2026-08-04 17:07:34 [INFO]   🔴 [91m[1mPT0002000201038711LS[0m  [2m[Cluster 1 (atribuido)][0m
2026-08-04 17:07:34 [INFO]      consumiu MAIS que o habitual às 19h
2026-08-04 17:07:34 [INFO]      [2mReal:[0m 70.0 kWh   [2mHabitual:[0m 37.5 ± 9.2 kWh   [2mz:[0m +3.54   [2mdesvio:[0m +87%   [2m(2 obs. fim_semana)[0m
2026-08-04 17:07:34 [INFO] 
2026-08-04 17:07:34 [INFO]   [2mCSV:[0m /home/runner/work/ts-anomaly-detection-dissertation/ts-anomaly-detection-dissertation/results/energia/realtime/alerts/analise_energia_2026-08-02.csv
2026-08-04 17:07:34 [INFO] 
2026-08-04 17:07:34 [INFO] [96m→ A prever consumo de 2026-08-03 para 276 CPEs...[0m
2026-08-04 17:07:39 [INFO] [1m══════════════════════════════════════════════════════════════════════[0m
2026-08-04 17:07:39 [INFO] [1m  PREDIÇÃO — 2026-08-03 [0m[2m(dia util)[0m
2026-08-04 17:07:39 [INFO] [1m══════════════════════════════════════════════════════════════════════[0m
2026-08-04 17:07:39 [INFO]   [95m● CPEs previstos[0m          69 [2m(alta: 0, baixa: 1656)[0m
2026-08-04 17:07:39 [INFO]   [95m● Consumo total previsto[0m 83528.0 kWh [2m(±18881.1)[0m
2026-08-04 17:07:39 [INFO] 
2026-08-04 17:07:39 [INFO]   [2mPrevisão guardada:[0m /home/runner/work/ts-anomaly-detection-dissertation/ts-anomaly-detection-dissertation/results/energia/realtime/predictions/previsao_energia_2026-08-03.csv
2026-08-04 17:07:39 [INFO] 
2026-08-04 17:07:39 [INFO] [1m══════════════════════════════════════════════════════════════════════[0m
2026-08-04 17:07:39 [INFO] [1m  VALIDAÇÃO — qualidade das previsões anteriores[0m
2026-08-04 17:07:39 [INFO] [1m══════════════════════════════════════════════════════════════════════[0m
2026-08-04 17:07:39 [INFO]   [2mDias validados:[0m 4   [2mpendentes:[0m 49
2026-08-04 17:07:39 [INFO]   [2mÚltimo (2026-08-02):[0m MAE 12.21 kWh   RMSE 29.24   em ±1σ 59% [2m(esperado ~68%)[0m   em ±2σ 92% [2m(esperado ~95%)[0m
2026-08-04 17:07:39 [INFO]   [2mMédia acumulada:[0m MAE 10.93 kWh   RMSE 29.63   em ±1σ 58%   em ±2σ 81%
2026-08-04 17:07:39 [INFO]   [2mCSV:[0m /home/runner/work/ts-anomaly-detection-dissertation/ts-anomaly-detection-dissertation/results/energia/realtime/analysis/qualidade_previsoes_energia.csv
2026-08-04 17:07:39 [INFO] 
2026-08-04 17:07:39 [INFO] 
2026-08-04 17:07:39 [INFO] Concluido em 426.7s. Ficheiros gerados: 2
2026-08-04 18:03:28 [INFO] [96m→ A pedir dados ao BaZe (276 CPEs)...[0m
2026-08-04 18:10:41 [INFO]   [2mClusters atribuidos carregados:[0m 22 novos
2026-08-04 18:10:41 [INFO] 
2026-08-04 18:10:41 [INFO] [1m══════════════════════════════════════════════════════════════════════[0m
2026-08-04 18:10:41 [INFO] [1m  DETEÇÃO DE ANOMALIAS — 2026-08-02[0m
2026-08-04 18:10:41 [INFO] [1m══════════════════════════════════════════════════════════════════════[0m
2026-08-04 18:10:41 [INFO]   [2mTipo de dia:[0m  fim semana
2026-08-04 18:10:41 [INFO]   [2mFonte:[0m        BAZE
2026-08-04 18:10:41 [INFO]   [2mCPEs c/ dados:[0m 69
2026-08-04 18:10:41 [INFO]   [2mThreshold:[0m    |z| > 3.5 [2m(adaptativo a este tipo de dia)[0m
2026-08-04 18:10:41 [INFO] 
2026-08-04 18:10:41 [INFO] [96m→ A analisar 69 CPEs / 1656 pontos horários (retrospetiva)...[0m
2026-08-04 18:10:44 [INFO] [1m─── Resumo ─────────────────────────────────────[0m
2026-08-04 18:10:44 [INFO]   [92m● Normal[0m                1616 [2m( 97.6%)[0m
2026-08-04 18:10:44 [INFO]   [91m● Desvio (alta confiança)[0m    0 [2m(  0.0%)[0m
2026-08-04 18:10:44 [INFO]   [93m● Desvio (baixa confiança)[0m  40 [2m(  2.4%)[0m
2026-08-04 18:10:44 [INFO]   [2mTempo: 435.8s[0m
2026-08-04 18:10:44 [INFO] 
2026-08-04 18:10:44 [INFO] [1m[93m─── Desvios de BAIXA confiança (40) ──────────────[0m
2026-08-04 18:10:44 [INFO]   [2m(poucos dados históricos — verificar manualmente)[0m
2026-08-04 18:10:44 [INFO] 
2026-08-04 18:10:44 [INFO]   🔴 [91m[1mPT0002000068856872QG[0m  [2m[Cluster 1][0m
2026-08-04 18:10:44 [INFO]      consumiu MAIS que o habitual às 10h
2026-08-04 18:10:44 [INFO]      [2mReal:[0m 3.0 kWh   [2mHabitual:[0m 0.0 ± 0.3 kWh   [2mz:[0m +10.00   [2mdesvio:[0m +300000%   [2m(2 obs. fim_semana)[0m
2026-08-04 18:10:44 [INFO] 
2026-08-04 18:10:44 [INFO]   🔴 [91m[1mPT0002000068859597LS[0m  [2m[Cluster 0][0m
2026-08-04 18:10:44 [INFO]      consumiu MAIS que o habitual às 19h
2026-08-04 18:10:44 [INFO]      [2mReal:[0m 59.0 kWh   [2mHabitual:[0m 28.5 ± 2.9 kWh   [2mz:[0m +10.00⁺   [2mdesvio:[0m +107%   [2m(2 obs. fim_semana)[0m
2026-08-04 18:10:44 [INFO] 
2026-08-04 18:10:44 [INFO]   🔴 [91m[1mPT0002000201038711LS[0m  [2m[Cluster 1 (atribuido)][0m
2026-08-04 18:10:44 [INFO]      consumiu MAIS que o habitual às 20h
2026-08-04 18:10:44 [INFO]      [2mReal:[0m 61.0 kWh   [2mHabitual:[0m 15.5 ± 2.1 kWh   [2mz:[0m +10.00⁺   [2mdesvio:[0m +294%   [2m(2 obs. fim_semana)[0m
2026-08-04 18:10:44 [INFO] 
2026-08-04 18:10:44 [INFO]   🔵 [94m[1mPT0002000081344542CP[0m  [2m[Cluster 1][0m
2026-08-04 18:10:44 [INFO]      consumiu MENOS que o habitual às 12h
2026-08-04 18:10:44 [INFO]      [2mReal:[0m 3.0 kWh   [2mHabitual:[0m 21.5 ± 2.1 kWh   [2mz:[0m -8.60   [2mdesvio:[0m -86%   [2m(2 obs. fim_semana)[0m
2026-08-04 18:10:44 [INFO] 
2026-08-04 18:10:44 [INFO]   🔵 [94m[1mPT0002000073720434JD[0m  [2m[Cluster 1 (atribuido)][0m
2026-08-04 18:10:44 [INFO]      consumiu MENOS que o habitual às 15h
2026-08-04 18:10:44 [INFO]      [2mReal:[0m 19.0 kWh   [2mHabitual:[0m 87.5 ± 8.8 kWh   [2mz:[0m -7.83   [2mdesvio:[0m -78%   [2m(2 obs. fim_semana)[0m
2026-08-04 18:10:44 [INFO] 
2026-08-04 18:10:44 [INFO]   🔵 [94m[1mPT0002000068858674WN[0m  [2m[Cluster 1 (atribuido)][0m
2026-08-04 18:10:44 [INFO]      consumiu MENOS que o habitual às 01h
2026-08-04 18:10:44 [INFO]      [2mReal:[0m 16.0 kWh   [2mHabitual:[0m 68.0 ± 6.8 kWh   [2mz:[0m -7.65   [2mdesvio:[0m -76%   [2m(2 obs. fim_semana)[0m
2026-08-04 18:10:44 [INFO] 
2026-08-04 18:10:44 [INFO]   🔵 [94m[1mPT0002000068858674WN[0m  [2m[Cluster 1 (atribuido)][0m
2026-08-04 18:10:44 [INFO]      consumiu MENOS que o habitual às 02h
2026-08-04 18:10:44 [INFO]      [2mReal:[0m 16.0 kWh   [2mHabitual:[0m 60.0 ± 6.0 kWh   [2mz:[0m -7.33   [2mdesvio:[0m -73%   [2m(2 obs. fim_semana)[0m
2026-08-04 18:10:44 [INFO] 
2026-08-04 18:10:44 [INFO]   🔵 [94m[1mPT0002000081344542CP[0m  [2m[Cluster 1][0m
2026-08-04 18:10:44 [INFO]      consumiu MENOS que o habitual às 14h
2026-08-04 18:10:44 [INFO]      [2mReal:[0m 3.0 kWh   [2mHabitual:[0m 17.5 ± 2.1 kWh   [2mz:[0m -6.84   [2mdesvio:[0m -83%   [2m(2 obs. fim_semana)[0m
2026-08-04 18:10:44 [INFO] 
2026-08-04 18:10:44 [INFO]   🔴 [91m[1mPT0002000068856872QG[0m  [2m[Cluster 1][0m
2026-08-04 18:10:44 [INFO]      consumiu MAIS que o habitual às 03h
2026-08-04 18:10:44 [INFO]      [2mReal:[0m 2.0 kWh   [2mHabitual:[0m 0.0 ± 0.3 kWh   [2mz:[0m +6.67   [2mdesvio:[0m +200000%   [2m(2 obs. fim_semana)[0m
2026-08-04 18:10:44 [INFO] 
2026-08-04 18:10:44 [INFO]   🔴 [91m[1mPT0002000068856872QG[0m  [2m[Cluster 1][0m
2026-08-04 18:10:44 [INFO]      consumiu MAIS que o habitual às 16h
2026-08-04 18:10:44 [INFO]      [2mReal:[0m 2.0 kWh   [2mHabitual:[0m 0.0 ± 0.3 kWh   [2mz:[0m +6.67   [2mdesvio:[0m +200000%   [2m(2 obs. fim_semana)[0m
2026-08-04 18:10:44 [INFO] 
2026-08-04 18:10:44 [INFO]   🔵 [94m[1mPT0002000068858674WN[0m  [2m[Cluster 1 (atribuido)][0m
2026-08-04 18:10:44 [INFO]      consumiu MENOS que o habitual às 03h
2026-08-04 18:10:44 [INFO]      [2mReal:[0m 12.0 kWh   [2mHabitual:[0m 36.0 ± 3.6 kWh   [2mz:[0m -6.67   [2mdesvio:[0m -67%   [2m(2 obs. fim_semana)[0m
2026-08-04 18:10:44 [INFO] 
2026-08-04 18:10:44 [INFO]   🔵 [94m[1mPT0002000068859325FL[0m  [2m[Cluster 1][0m
2026-08-04 18:10:44 [INFO]      consumiu MENOS que o habitual às 08h
2026-08-04 18:10:44 [INFO]      [2mReal:[0m 36.0 kWh   [2mHabitual:[0m 108.0 ± 11.3 kWh   [2mz:[0m -6.36   [2mdesvio:[0m -67%   [2m(2 obs. fim_semana)[0m
2026-08-04 18:10:44 [INFO] 
2026-08-04 18:10:44 [INFO]   🔵 [94m[1mPT0002000081344542CP[0m  [2m[Cluster 1][0m
2026-08-04 18:10:44 [INFO]      consumiu MENOS que o habitual às 04h
2026-08-04 18:10:44 [INFO]      [2mReal:[0m 3.0 kWh   [2mHabitual:[0m 8.0 ± 0.8 kWh   [2mz:[0m -6.25   [2mdesvio:[0m -62%   [2m(2 obs. fim_semana)[0m
2026-08-04 18:10:44 [INFO] 
2026-08-04 18:10:44 [INFO]   🔵 [94m[1mPT0002000081344542CP[0m  [2m[Cluster 1][0m
2026-08-04 18:10:44 [INFO]      consumiu MENOS que o habitual às 11h
2026-08-04 18:10:44 [INFO]      [2mReal:[0m 3.0 kWh   [2mHabitual:[0m 20.0 ± 2.8 kWh   [2mz:[0m -6.01   [2mdesvio:[0m -85%   [2m(2 obs. fim_semana)[0m
2026-08-04 18:10:44 [INFO] 
2026-08-04 18:10:44 [INFO]   🔵 [94m[1mPT0002000073720434JD[0m  [2m[Cluster 1 (atribuido)][0m
2026-08-04 18:10:44 [INFO]      consumiu MENOS que o habitual às 14h
2026-08-04 18:10:44 [INFO]      [2mReal:[0m 19.0 kWh   [2mHabitual:[0m 77.0 ± 9.9 kWh   [2mz:[0m -5.86   [2mdesvio:[0m -75%   [2m(2 obs. fim_semana)[0m
2026-08-04 18:10:44 [INFO] 
2026-08-04 18:10:44 [INFO]   🔵 [94m[1mPT0002000081344542CP[0m  [2m[Cluster 1][0m
2026-08-04 18:10:44 [INFO]      consumiu MENOS que o habitual às 15h
2026-08-04 18:10:44 [INFO]      [2mReal:[0m 3.0 kWh   [2mHabitual:[0m 11.0 ± 1.4 kWh   [2mz:[0m -5.66   [2mdesvio:[0m -73%   [2m(2 obs. fim_semana)[0m
2026-08-04 18:10:44 [INFO] 
2026-08-04 18:10:44 [INFO]   🔵 [94m[1mPT0002000079469719HF[0m  [2m[Cluster 1 (atribuido)][0m
2026-08-04 18:10:44 [INFO]      consumiu MENOS que o habitual às 16h
2026-08-04 18:10:44 [INFO]      [2mReal:[0m 43.0 kWh   [2mHabitual:[0m 89.0 ± 8.9 kWh   [2mz:[0m -5.17   [2mdesvio:[0m -52%   [2m(2 obs. fim_semana)[0m
2026-08-04 18:10:44 [INFO] 
2026-08-04 18:10:44 [INFO]   🔴 [91m[1mPT0002000068857099AR[0m  [2m[Cluster 1][0m
2026-08-04 18:10:44 [INFO]      consumiu MAIS que o habitual às 03h
2026-08-04 18:10:44 [INFO]      [2mReal:[0m 6.0 kWh   [2mHabitual:[0m 4.0 ± 0.4 kWh   [2mz:[0m +5.00   [2mdesvio:[0m +50%   [2m(2 obs. fim_semana)[0m
2026-08-04 18:10:44 [INFO] 
2026-08-04 18:10:44 [INFO]   🔴 [91m[1mPT0002000110607652SB[0m  [2m[Cluster 0][0m
2026-08-04 18:10:44 [INFO]      consumiu MAIS que o habitual às 03h
2026-08-04 18:10:44 [INFO]      [2mReal:[0m 12.0 kWh   [2mHabitual:[0m 8.0 ± 0.8 kWh   [2mz:[0m +5.00   [2mdesvio:[0m +50%   [2m(2 obs. fim_semana)[0m
2026-08-04 18:10:44 [INFO] 
2026-08-04 18:10:44 [INFO]   🔵 [94m[1mPT0002000081344542CP[0m  [2m[Cluster 1][0m
2026-08-04 18:10:44 [INFO]      consumiu MENOS que o habitual às 13h
2026-08-04 18:10:44 [INFO]      [2mReal:[0m 3.0 kWh   [2mHabitual:[0m 19.5 ± 3.5 kWh   [2mz:[0m -4.67   [2mdesvio:[0m -85%   [2m(2 obs. fim_semana)[0m
2026-08-04 18:10:44 [INFO] 
2026-08-04 18:10:44 [INFO]   🔴 [91m[1mPT0002000068856872QG[0m  [2m[Cluster 1][0m
2026-08-04 18:10:44 [INFO]      consumiu MAIS que o habitual às 23h
2026-08-04 18:10:44 [INFO]      [2mReal:[0m 3.0 kWh   [2mHabitual:[0m 0.3 ± 0.6 kWh   [2mz:[0m +4.62   [2mdesvio:[0m +809%   [2m(3 obs. fim_semana)[0m
2026-08-04 18:10:44 [INFO] 
2026-08-04 18:10:44 [INFO]   🔵 [94m[1mPT0002000068859325FL[0m  [2m[Cluster 1][0m
2026-08-04 18:10:44 [INFO]      consumiu MENOS que o habitual às 10h
2026-08-04 18:10:44 [INFO]      [2mReal:[0m 64.0 kWh   [2mHabitual:[0m 116.0 ± 11.6 kWh   [2mz:[0m -4.48   [2mdesvio:[0m -45%   [2m(2 obs. fim_semana)[0m
2026-08-04 18:10:44 [INFO] 
2026-08-04 18:10:44 [INFO]   🔵 [94m[1mPT0002000081344542CP[0m  [2m[Cluster 1][0m
2026-08-04 18:10:44 [INFO]      consumiu MENOS que o habitual às 16h
2026-08-04 18:10:44 [INFO]      [2mReal:[0m 3.0 kWh   [2mHabitual:[0m 12.5 ± 2.1 kWh   [2mz:[0m -4.48   [2mdesvio:[0m -76%   [2m(2 obs. fim_semana)[0m
2026-08-04 18:10:44 [INFO] 
2026-08-04 18:10:44 [INFO]   🔵 [94m[1mPT0002000068859325FL[0m  [2m[Cluster 1][0m
2026-08-04 18:10:44 [INFO]      consumiu MENOS que o habitual às 12h
2026-08-04 18:10:44 [INFO]      [2mReal:[0m 64.0 kWh   [2mHabitual:[0m 114.0 ± 11.4 kWh   [2mz:[0m -4.39   [2mdesvio:[0m -44%   [2m(2 obs. fim_semana)[0m
2026-08-04 18:10:44 [INFO] 
2026-08-04 18:10:44 [INFO]   🔵 [94m[1mPT0002000077348081AG[0m  [2m[Cluster 0 (atribuido)][0m
2026-08-04 18:10:44 [INFO]      consumiu MENOS que o habitual às 11h
2026-08-04 18:10:44 [INFO]      [2mReal:[0m 89.0 kWh   [2mHabitual:[0m 191.5 ± 23.3 kWh   [2mz:[0m -4.39   [2mdesvio:[0m -54%   [2m(2 obs. fim_semana)[0m
2026-08-04 18:10:44 [INFO] 
2026-08-04 18:10:44 [INFO]   🔵 [94m[1mPT0002000079469719HF[0m  [2m[Cluster 1 (atribuido)][0m
2026-08-04 18:10:44 [INFO]      consumiu MENOS que o habitual às 13h
2026-08-04 18:10:44 [INFO]      [2mReal:[0m 15.0 kWh   [2mHabitual:[0m 77.0 ± 14.1 kWh   [2mz:[0m -4.38   [2mdesvio:[0m -81%   [2m(2 obs. fim_semana)[0m
2026-08-04 18:10:44 [INFO] 
2026-08-04 18:10:44 [INFO]   🔵 [94m[1mPT0002000079469719HF[0m  [2m[Cluster 1 (atribuido)][0m
2026-08-04 18:10:44 [INFO]      consumiu MENOS que o habitual às 14h
2026-08-04 18:10:44 [INFO]      [2mReal:[0m 15.0 kWh   [2mHabitual:[0m 61.5 ± 10.6 kWh   [2mz:[0m -4.38   [2mdesvio:[0m -76%   [2m(2 obs. fim_semana)[0m
2026-08-04 18:10:44 [INFO] 
2026-08-04 18:10:44 [INFO]   🔵 [94m[1mPT0002000077348081AG[0m  [2m[Cluster 0 (atribuido)][0m
2026-08-04 18:10:44 [INFO]      consumiu MENOS que o habitual às 12h
2026-08-04 18:10:44 [INFO]      [2mReal:[0m 149.0 kWh   [2mHabitual:[0m 261.5 ± 26.1 kWh   [2mz:[0m -4.30   [2mdesvio:[0m -43%   [2m(2 obs. fim_semana)[0m
2026-08-04 18:10:44 [INFO] 
2026-08-04 18:10:44 [INFO]   🔵 [94m[1mPT0002000068859325FL[0m  [2m[Cluster 1][0m
2026-08-04 18:10:44 [INFO]      consumiu MENOS que o habitual às 09h
2026-08-04 18:10:44 [INFO]      [2mReal:[0m 60.0 kWh   [2mHabitual:[0m 108.0 ± 11.3 kWh   [2mz:[0m -4.24   [2mdesvio:[0m -44%   [2m(2 obs. fim_semana)[0m
2026-08-04 18:10:44 [INFO] 
2026-08-04 18:10:44 [INFO]   🔵 [94m[1mPT0002000068859325FL[0m  [2m[Cluster 1][0m
2026-08-04 18:10:44 [INFO]      consumiu MENOS que o habitual às 11h
2026-08-04 18:10:44 [INFO]      [2mReal:[0m 68.0 kWh   [2mHabitual:[0m 116.0 ± 11.6 kWh   [2mz:[0m -4.14   [2mdesvio:[0m -41%   [2m(2 obs. fim_semana)[0m
2026-08-04 18:10:44 [INFO] 
2026-08-04 18:10:44 [INFO]   🔵 [94m[1mPT0002000111572054VT[0m  [2m[Cluster 0 (atribuido)][0m
2026-08-04 18:10:44 [INFO]      consumiu MENOS que o habitual às 08h
2026-08-04 18:10:44 [INFO]      [2mReal:[0m 8.0 kWh   [2mHabitual:[0m 13.5 ± 1.4 kWh   [2mz:[0m -4.07   [2mdesvio:[0m -41%   [2m(2 obs. fim_semana)[0m
2026-08-04 18:10:44 [INFO] 
2026-08-04 18:10:44 [INFO]   🔵 [94m[1mPT0002000079469719HF[0m  [2m[Cluster 1 (atribuido)][0m
2026-08-04 18:10:44 [INFO]      consumiu MENOS que o habitual às 15h
2026-08-04 18:10:44 [INFO]      [2mReal:[0m 41.0 kWh   [2mHabitual:[0m 69.0 ± 6.9 kWh   [2mz:[0m -4.06   [2mdesvio:[0m -41%   [2m(2 obs. fim_semana)[0m
2026-08-04 18:10:44 [INFO] 
2026-08-04 18:10:44 [INFO]   🔵 [94m[1mPT0002000073720434JD[0m  [2m[Cluster 1 (atribuido)][0m
2026-08-04 18:10:44 [INFO]      consumiu MENOS que o habitual às 17h
2026-08-04 18:10:44 [INFO]      [2mReal:[0m 20.0 kWh   [2mHabitual:[0m 33.0 ± 3.3 kWh   [2mz:[0m -3.94   [2mdesvio:[0m -39%   [2m(2 obs. fim_semana)[0m
2026-08-04 18:10:44 [INFO] 
2026-08-04 18:10:44 [INFO]   🔵 [94m[1mPT0002000079469719HF[0m  [2m[Cluster 1 (atribuido)][0m
2026-08-04 18:10:44 [INFO]      consumiu MENOS que o habitual às 17h
2026-08-04 18:10:44 [INFO]      [2mReal:[0m 63.0 kWh   [2mHabitual:[0m 104.0 ± 10.4 kWh   [2mz:[0m -3.94   [2mdesvio:[0m -39%   [2m(2 obs. fim_semana)[0m
2026-08-04 18:10:44 [INFO] 
2026-08-04 18:10:44 [INFO]   🔴 [91m[1mPT0002000102936404ME[0m  [2m[Cluster 1][0m
2026-08-04 18:10:44 [INFO]      consumiu MAIS que o habitual às 00h
2026-08-04 18:10:44 [INFO]      [2mReal:[0m 23.0 kWh   [2mHabitual:[0m 16.5 ± 1.6 kWh   [2mz:[0m +3.94   [2mdesvio:[0m +39%   [2m(2 obs. fim_semana)[0m
2026-08-04 18:10:44 [INFO] 
2026-08-04 18:10:44 [INFO]   🔵 [94m[1mPT0002000077348081AG[0m  [2m[Cluster 0 (atribuido)][0m
2026-08-04 18:10:44 [INFO]      consumiu MENOS que o habitual às 20h
2026-08-04 18:10:44 [INFO]      [2mReal:[0m 90.0 kWh   [2mHabitual:[0m 255.5 ± 44.5 kWh   [2mz:[0m -3.72   [2mdesvio:[0m -65%   [2m(2 obs. fim_semana)[0m
2026-08-04 18:10:44 [INFO] 
2026-08-04 18:10:44 [INFO]   🔵 [94m[1mPT0002000079469719HF[0m  [2m[Cluster 1 (atribuido)][0m
2026-08-04 18:10:44 [INFO]      consumiu MENOS que o habitual às 09h
2026-08-04 18:10:44 [INFO]      [2mReal:[0m 79.0 kWh   [2mHabitual:[0m 127.5 ± 13.4 kWh   [2mz:[0m -3.61   [2mdesvio:[0m -38%   [2m(2 obs. fim_semana)[0m
2026-08-04 18:10:44 [INFO] 
2026-08-04 18:10:44 [INFO]   🔵 [94m[1mPT0002000068856826ZG[0m  [2m[Cluster 0 (atribuido)][0m
2026-08-04 18:10:44 [INFO]      consumiu MENOS que o habitual às 08h
2026-08-04 18:10:44 [INFO]      [2mReal:[0m 138.0 kWh   [2mHabitual:[0m 214.5 ± 21.4 kWh   [2mz:[0m -3.57   [2mdesvio:[0m -36%   [2m(2 obs. fim_semana)[0m
2026-08-04 18:10:44 [INFO] 
2026-08-04 18:10:44 [INFO]   🔵 [94m[1mPT0002000081344542CP[0m  [2m[Cluster 1][0m
2026-08-04 18:10:44 [INFO]      consumiu MENOS que o habitual às 09h
2026-08-04 18:10:44 [INFO]      [2mReal:[0m 4.0 kWh   [2mHabitual:[0m 9.0 ± 1.4 kWh   [2mz:[0m -3.54   [2mdesvio:[0m -56%   [2m(2 obs. fim_semana)[0m
2026-08-04 18:10:44 [INFO] 
2026-08-04 18:10:44 [INFO]   🔴 [91m[1mPT0002000201038711LS[0m  [2m[Cluster 1 (atribuido)][0m
2026-08-04 18:10:44 [INFO]      consumiu MAIS que o habitual às 19h
2026-08-04 18:10:44 [INFO]      [2mReal:[0m 70.0 kWh   [2mHabitual:[0m 37.5 ± 9.2 kWh   [2mz:[0m +3.54   [2mdesvio:[0m +87%   [2m(2 obs. fim_semana)[0m
2026-08-04 18:10:44 [INFO] 
2026-08-04 18:10:44 [INFO]   [2mCSV:[0m /home/runner/work/ts-anomaly-detection-dissertation/ts-anomaly-detection-dissertation/results/energia/realtime/alerts/analise_energia_2026-08-02.csv
2026-08-04 18:10:44 [INFO] 
2026-08-04 18:10:44 [INFO] [96m→ A prever consumo de 2026-08-03 para 276 CPEs...[0m
2026-08-04 18:10:48 [INFO] [1m══════════════════════════════════════════════════════════════════════[0m
2026-08-04 18:10:48 [INFO] [1m  PREDIÇÃO — 2026-08-03 [0m[2m(dia util)[0m
2026-08-04 18:10:48 [INFO] [1m══════════════════════════════════════════════════════════════════════[0m
2026-08-04 18:10:48 [INFO]   [95m● CPEs previstos[0m          69 [2m(alta: 0, baixa: 1656)[0m
2026-08-04 18:10:48 [INFO]   [95m● Consumo total previsto[0m 83528.0 kWh [2m(±18881.1)[0m
2026-08-04 18:10:48 [INFO] 
2026-08-04 18:10:48 [INFO]   [2mPrevisão guardada:[0m /home/runner/work/ts-anomaly-detection-dissertation/ts-anomaly-detection-dissertation/results/energia/realtime/predictions/previsao_energia_2026-08-03.csv
2026-08-04 18:10:48 [INFO] 
2026-08-04 18:10:48 [INFO] [1m══════════════════════════════════════════════════════════════════════[0m
2026-08-04 18:10:48 [INFO] [1m  VALIDAÇÃO — qualidade das previsões anteriores[0m
2026-08-04 18:10:48 [INFO] [1m══════════════════════════════════════════════════════════════════════[0m
2026-08-04 18:10:48 [INFO]   [2mDias validados:[0m 4   [2mpendentes:[0m 49
2026-08-04 18:10:48 [INFO]   [2mÚltimo (2026-08-02):[0m MAE 12.21 kWh   RMSE 29.24   em ±1σ 59% [2m(esperado ~68%)[0m   em ±2σ 92% [2m(esperado ~95%)[0m
2026-08-04 18:10:48 [INFO]   [2mMédia acumulada:[0m MAE 10.93 kWh   RMSE 29.63   em ±1σ 58%   em ±2σ 81%
2026-08-04 18:10:48 [INFO]   [2mCSV:[0m /home/runner/work/ts-anomaly-detection-dissertation/ts-anomaly-detection-dissertation/results/energia/realtime/analysis/qualidade_previsoes_energia.csv
2026-08-04 18:10:48 [INFO] 
2026-08-04 18:10:48 [INFO] 
2026-08-04 18:10:48 [INFO] Concluido em 440.5s. Ficheiros gerados: 2
