2026-07-30 16:00:00 [INFO] [96m→ A pedir dados ao BaZe (276 CPEs)...[0m
2026-07-30 16:11:43 [INFO]   [2mClusters atribuidos carregados:[0m 22 novos
2026-07-30 16:11:43 [INFO] 
2026-07-30 16:11:43 [INFO] [1m══════════════════════════════════════════════════════════════════════[0m
2026-07-30 16:11:43 [INFO] [1m  DETEÇÃO DE ANOMALIAS — 2026-07-29[0m
2026-07-30 16:11:43 [INFO] [1m══════════════════════════════════════════════════════════════════════[0m
2026-07-30 16:11:43 [INFO]   [2mTipo de dia:[0m  dia util
2026-07-30 16:11:43 [INFO]   [2mFonte:[0m        BAZE
2026-07-30 16:11:43 [INFO]   [2mCPEs c/ dados:[0m 69
2026-07-30 16:11:43 [INFO]   [2mThreshold:[0m    |z| > 3.0 [2m(adaptativo a este tipo de dia)[0m
2026-07-30 16:11:43 [INFO] 
2026-07-30 16:11:43 [INFO] [96m→ A analisar 69 CPEs / 1656 pontos horários (retrospetiva)...[0m
2026-07-30 16:11:44 [INFO] [1m─── Resumo ─────────────────────────────────────[0m
2026-07-30 16:11:44 [INFO]   [92m● Normal[0m                1514 [2m( 91.4%)[0m
2026-07-30 16:11:44 [INFO]   [91m● Desvio (alta confiança)[0m    0 [2m(  0.0%)[0m
2026-07-30 16:11:44 [INFO]   [93m● Desvio (baixa confiança)[0m 142 [2m(  8.6%)[0m
2026-07-30 16:11:44 [INFO]   [2mTempo: 703.6s[0m
2026-07-30 16:11:44 [INFO] 
2026-07-30 16:11:44 [INFO] [1m[93m─── Desvios de BAIXA confiança (142) ──────────────[0m
2026-07-30 16:11:44 [INFO]   [2m(poucos dados históricos — verificar manualmente)[0m
2026-07-30 16:11:44 [INFO] 
2026-07-30 16:11:44 [INFO]   🔴 [91m[1mPT0002000068856872QG[0m  [2m[Cluster 1][0m
2026-07-30 16:11:44 [INFO]      consumiu MAIS que o habitual às 22h
2026-07-30 16:11:44 [INFO]      [2mReal:[0m 3.0 kWh   [2mHabitual:[0m 0.0 ± 0.3 kWh   [2mz:[0m +10.00   [2mdesvio:[0m +300000%   [2m(2 obs. dia_util)[0m
2026-07-30 16:11:44 [INFO] 
2026-07-30 16:11:44 [INFO]   🔴 [91m[1mPT0002000068857909SY[0m  [2m[Cluster 1][0m
2026-07-30 16:11:44 [INFO]      consumiu MAIS que o habitual às 12h
2026-07-30 16:11:44 [INFO]      [2mReal:[0m 17.0 kWh   [2mHabitual:[0m 7.5 ± 0.8 kWh   [2mz:[0m +10.00⁺   [2mdesvio:[0m +127%   [2m(2 obs. dia_util)[0m
2026-07-30 16:11:44 [INFO] 
2026-07-30 16:11:44 [INFO]   🔴 [91m[1mPT0002000073720434JD[0m  [2m[Cluster 1 (atribuido)][0m
2026-07-30 16:11:44 [INFO]      consumiu MAIS que o habitual às 14h
2026-07-30 16:11:44 [INFO]      [2mReal:[0m 67.0 kWh   [2mHabitual:[0m 23.5 ± 2.4 kWh   [2mz:[0m +10.00⁺   [2mdesvio:[0m +185%   [2m(2 obs. dia_util)[0m
2026-07-30 16:11:44 [INFO] 
2026-07-30 16:11:44 [INFO]   🔴 [91m[1mPT0002000073720434JD[0m  [2m[Cluster 1 (atribuido)][0m
2026-07-30 16:11:44 [INFO]      consumiu MAIS que o habitual às 15h
2026-07-30 16:11:44 [INFO]      [2mReal:[0m 82.0 kWh   [2mHabitual:[0m 22.0 ± 2.2 kWh   [2mz:[0m +10.00⁺   [2mdesvio:[0m +273%   [2m(2 obs. dia_util)[0m
2026-07-30 16:11:44 [INFO] 
2026-07-30 16:11:44 [INFO]   🔴 [91m[1mPT0002000107046231FW[0m  [2m[Cluster 0][0m
2026-07-30 16:11:44 [INFO]      consumiu MAIS que o habitual às 02h
2026-07-30 16:11:44 [INFO]      [2mReal:[0m 7.0 kWh   [2mHabitual:[0m 3.0 ± 0.3 kWh   [2mz:[0m +10.00⁺   [2mdesvio:[0m +133%   [2m(2 obs. dia_util)[0m
2026-07-30 16:11:44 [INFO] 
2026-07-30 16:11:44 [INFO]   🔴 [91m[1mPT0002000125701614SQ[0m  [2m[Cluster 1 (atribuido)][0m
2026-07-30 16:11:44 [INFO]      consumiu MAIS que o habitual às 22h
2026-07-30 16:11:44 [INFO]      [2mReal:[0m 234.0 kWh   [2mHabitual:[0m 17.0 ± 1.7 kWh   [2mz:[0m +10.00⁺   [2mdesvio:[0m +1276%   [2m(2 obs. dia_util)[0m
2026-07-30 16:11:44 [INFO] 
2026-07-30 16:11:44 [INFO]   🔴 [91m[1mPT0002000125701614SQ[0m  [2m[Cluster 1 (atribuido)][0m
2026-07-30 16:11:44 [INFO]      consumiu MAIS que o habitual às 23h
2026-07-30 16:11:44 [INFO]      [2mReal:[0m 110.0 kWh   [2mHabitual:[0m 14.0 ± 1.4 kWh   [2mz:[0m +10.00⁺   [2mdesvio:[0m +686%   [2m(2 obs. dia_util)[0m
2026-07-30 16:11:44 [INFO] 
2026-07-30 16:11:44 [INFO]   🔴 [91m[1mPT0002000201038711LS[0m  [2m[Cluster 1 (atribuido)][0m
2026-07-30 16:11:44 [INFO]      consumiu MAIS que o habitual às 08h
2026-07-30 16:11:44 [INFO]      [2mReal:[0m 26.0 kWh   [2mHabitual:[0m 1.5 ± 2.1 kWh   [2mz:[0m +10.00⁺   [2mdesvio:[0m +1633%   [2m(2 obs. dia_util)[0m
2026-07-30 16:11:44 [INFO] 
2026-07-30 16:11:44 [INFO]   🔴 [91m[1mPT0002000201038711LS[0m  [2m[Cluster 1 (atribuido)][0m
2026-07-30 16:11:44 [INFO]      consumiu MAIS que o habitual às 15h
2026-07-30 16:11:44 [INFO]      [2mReal:[0m 60.0 kWh   [2mHabitual:[0m 13.5 ± 3.5 kWh   [2mz:[0m +10.00⁺   [2mdesvio:[0m +344%   [2m(2 obs. dia_util)[0m
2026-07-30 16:11:44 [INFO] 
2026-07-30 16:11:44 [INFO]   🔵 [94m[1mPT0002000078233981HJ[0m  [2m[Cluster 1][0m
2026-07-30 16:11:44 [INFO]      consumiu MENOS que o habitual às 15h
2026-07-30 16:11:44 [INFO]      [2mReal:[0m 2.0 kWh   [2mHabitual:[0m 13.0 ± 1.3 kWh   [2mz:[0m -8.46   [2mdesvio:[0m -85%   [2m(2 obs. dia_util)[0m
2026-07-30 16:11:44 [INFO] 
2026-07-30 16:11:44 [INFO]   🔵 [94m[1mPT0002000073717386HC[0m  [2m[Cluster 1 (atribuido)][0m
2026-07-30 16:11:44 [INFO]      consumiu MENOS que o habitual às 13h
2026-07-30 16:11:44 [INFO]      [2mReal:[0m 12.0 kWh   [2mHabitual:[0m 61.0 ± 6.1 kWh   [2mz:[0m -8.03   [2mdesvio:[0m -80%   [2m(2 obs. dia_util)[0m
2026-07-30 16:11:44 [INFO] 
2026-07-30 16:11:44 [INFO]   🔴 [91m[1mPT0002000073573036KH[0m  [2m[Cluster 0 (atribuido)][0m
2026-07-30 16:11:44 [INFO]      consumiu MAIS que o habitual às 00h
2026-07-30 16:11:44 [INFO]      [2mReal:[0m 191.0 kWh   [2mHabitual:[0m 106.0 ± 10.6 kWh   [2mz:[0m +8.02   [2mdesvio:[0m +80%   [2m(2 obs. dia_util)[0m
2026-07-30 16:11:44 [INFO] 
2026-07-30 16:11:44 [INFO]   🔵 [94m[1mPT0002000073717386HC[0m  [2m[Cluster 1 (atribuido)][0m
2026-07-30 16:11:44 [INFO]      consumiu MENOS que o habitual às 15h
2026-07-30 16:11:44 [INFO]      [2mReal:[0m 1.0 kWh   [2mHabitual:[0m 5.0 ± 0.5 kWh   [2mz:[0m -8.00   [2mdesvio:[0m -80%   [2m(2 obs. dia_util)[0m
2026-07-30 16:11:44 [INFO] 
2026-07-30 16:11:44 [INFO]   🔴 [91m[1mPT0002000081344542CP[0m  [2m[Cluster 1][0m
2026-07-30 16:11:44 [INFO]      consumiu MAIS que o habitual às 00h
2026-07-30 16:11:44 [INFO]      [2mReal:[0m 7.0 kWh   [2mHabitual:[0m 1.5 ± 0.7 kWh   [2mz:[0m +7.78   [2mdesvio:[0m +367%   [2m(2 obs. dia_util)[0m
2026-07-30 16:11:44 [INFO] 
2026-07-30 16:11:44 [INFO]   🔵 [94m[1mPT0002000078207354XC[0m  [2m[Cluster 1][0m
2026-07-30 16:11:44 [INFO]      consumiu MENOS que o habitual às 08h
2026-07-30 16:11:44 [INFO]      [2mReal:[0m 2.0 kWh   [2mHabitual:[0m 8.5 ± 0.8 kWh   [2mz:[0m -7.65   [2mdesvio:[0m -76%   [2m(2 obs. dia_util)[0m
2026-07-30 16:11:44 [INFO] 
2026-07-30 16:11:44 [INFO]   🔵 [94m[1mPT0002000073717386HC[0m  [2m[Cluster 1 (atribuido)][0m
2026-07-30 16:11:44 [INFO]      consumiu MENOS que o habitual às 12h
2026-07-30 16:11:44 [INFO]      [2mReal:[0m 15.0 kWh   [2mHabitual:[0m 62.5 ± 6.2 kWh   [2mz:[0m -7.60   [2mdesvio:[0m -76%   [2m(2 obs. dia_util)[0m
2026-07-30 16:11:44 [INFO] 
2026-07-30 16:11:44 [INFO]   🔵 [94m[1mPT0002000078207354XC[0m  [2m[Cluster 1][0m
2026-07-30 16:11:44 [INFO]      consumiu MENOS que o habitual às 10h
2026-07-30 16:11:44 [INFO]      [2mReal:[0m 2.0 kWh   [2mHabitual:[0m 8.0 ± 0.8 kWh   [2mz:[0m -7.50   [2mdesvio:[0m -75%   [2m(2 obs. dia_util)[0m
2026-07-30 16:11:44 [INFO] 
2026-07-30 16:11:44 [INFO]   🔴 [91m[1mPT0002000068857909SY[0m  [2m[Cluster 1][0m
2026-07-30 16:11:44 [INFO]      consumiu MAIS que o habitual às 13h
2026-07-30 16:11:44 [INFO]      [2mReal:[0m 13.0 kWh   [2mHabitual:[0m 7.5 ± 0.8 kWh   [2mz:[0m +7.33   [2mdesvio:[0m +73%   [2m(2 obs. dia_util)[0m
2026-07-30 16:11:44 [INFO] 
2026-07-30 16:11:44 [INFO]   🔴 [91m[1mPT0002000109837807PE[0m  [2m[Cluster 1][0m
2026-07-30 16:11:44 [INFO]      consumiu MAIS que o habitual às 21h
2026-07-30 16:11:44 [INFO]      [2mReal:[0m 24.0 kWh   [2mHabitual:[0m 8.5 ± 2.1 kWh   [2mz:[0m +7.31   [2mdesvio:[0m +182%   [2m(2 obs. dia_util)[0m
2026-07-30 16:11:44 [INFO] 
2026-07-30 16:11:44 [INFO]   🔴 [91m[1mPT0002000201038711LS[0m  [2m[Cluster 1 (atribuido)][0m
2026-07-30 16:11:44 [INFO]      consumiu MAIS que o habitual às 09h
2026-07-30 16:11:44 [INFO]      [2mReal:[0m 16.0 kWh   [2mHabitual:[0m 1.5 ± 2.1 kWh   [2mz:[0m +6.84   [2mdesvio:[0m +967%   [2m(2 obs. dia_util)[0m
2026-07-30 16:11:44 [INFO] 
2026-07-30 16:11:44 [INFO]   🔴 [91m[1mPT0002000068856872QG[0m  [2m[Cluster 1][0m
2026-07-30 16:11:44 [INFO]      consumiu MAIS que o habitual às 02h
2026-07-30 16:11:44 [INFO]      [2mReal:[0m 2.0 kWh   [2mHabitual:[0m 0.0 ± 0.3 kWh   [2mz:[0m +6.67   [2mdesvio:[0m +200000%   [2m(2 obs. dia_util)[0m
2026-07-30 16:11:44 [INFO] 
2026-07-30 16:11:44 [INFO]   🔴 [91m[1mPT0002000068856872QG[0m  [2m[Cluster 1][0m
2026-07-30 16:11:44 [INFO]      consumiu MAIS que o habitual às 15h
2026-07-30 16:11:44 [INFO]      [2mReal:[0m 2.0 kWh   [2mHabitual:[0m 0.0 ± 0.3 kWh   [2mz:[0m +6.67   [2mdesvio:[0m +200000%   [2m(2 obs. dia_util)[0m
2026-07-30 16:11:44 [INFO] 
2026-07-30 16:11:44 [INFO]   🔵 [94m[1mPT0002000073717386HC[0m  [2m[Cluster 1 (atribuido)][0m
2026-07-30 16:11:44 [INFO]      consumiu MENOS que o habitual às 14h
2026-07-30 16:11:44 [INFO]      [2mReal:[0m 1.0 kWh   [2mHabitual:[0m 3.0 ± 0.3 kWh   [2mz:[0m -6.67   [2mdesvio:[0m -67%   [2m(2 obs. dia_util)[0m
2026-07-30 16:11:44 [INFO] 
2026-07-30 16:11:44 [INFO]   🔵 [94m[1mPT0002000078140706BA[0m  [2m[Cluster 1 (atribuido)][0m
2026-07-30 16:11:44 [INFO]      consumiu MENOS que o habitual às 12h
2026-07-30 16:11:44 [INFO]      [2mReal:[0m 0.0 kWh   [2mHabitual:[0m 2.0 ± 0.3 kWh   [2mz:[0m -6.67   [2mdesvio:[0m -100%   [2m(2 obs. dia_util)[0m
2026-07-30 16:11:44 [INFO] 
2026-07-30 16:11:44 [INFO]   🔵 [94m[1mPT0002000078207354XC[0m  [2m[Cluster 1][0m
2026-07-30 16:11:44 [INFO]      consumiu MENOS que o habitual às 09h
2026-07-30 16:11:44 [INFO]      [2mReal:[0m 3.0 kWh   [2mHabitual:[0m 9.0 ± 0.9 kWh   [2mz:[0m -6.67   [2mdesvio:[0m -67%   [2m(2 obs. dia_util)[0m
2026-07-30 16:11:44 [INFO] 
2026-07-30 16:11:44 [INFO]   🔴 [91m[1mPT0002000107046231FW[0m  [2m[Cluster 0][0m
2026-07-30 16:11:44 [INFO]      consumiu MAIS que o habitual às 06h
2026-07-30 16:11:44 [INFO]      [2mReal:[0m 5.0 kWh   [2mHabitual:[0m 3.0 ± 0.3 kWh   [2mz:[0m +6.67   [2mdesvio:[0m +67%   [2m(2 obs. dia_util)[0m
2026-07-30 16:11:44 [INFO] 
2026-07-30 16:11:44 [INFO]   🔴 [91m[1mPT0002000106102375RC[0m  [2m[Cluster 0 (atribuido)][0m
2026-07-30 16:11:44 [INFO]      consumiu MAIS que o habitual às 07h
2026-07-30 16:11:44 [INFO]      [2mReal:[0m 56.0 kWh   [2mHabitual:[0m 34.0 ± 3.4 kWh   [2mz:[0m +6.47   [2mdesvio:[0m +65%   [2m(2 obs. dia_util)[0m
2026-07-30 16:11:44 [INFO] 
2026-07-30 16:11:44 [INFO]   🔵 [94m[1mPT0002000078207354XC[0m  [2m[Cluster 1][0m
2026-07-30 16:11:44 [INFO]      consumiu MENOS que o habitual às 22h
2026-07-30 16:11:44 [INFO]      [2mReal:[0m 8.0 kWh   [2mHabitual:[0m 22.0 ± 2.2 kWh   [2mz:[0m -6.36   [2mdesvio:[0m -64%   [2m(2 obs. dia_util)[0m
2026-07-30 16:11:44 [INFO] 
2026-07-30 16:11:44 [INFO]   🔴 [91m[1mPT0002000123648159KR[0m  [2m[Cluster 0][0m
2026-07-30 16:11:44 [INFO]      consumiu MAIS que o habitual às 17h
2026-07-30 16:11:44 [INFO]      [2mReal:[0m 17.0 kWh   [2mHabitual:[0m 8.0 ± 1.4 kWh   [2mz:[0m +6.36   [2mdesvio:[0m +112%   [2m(2 obs. dia_util)[0m
2026-07-30 16:11:44 [INFO] 
2026-07-30 16:11:44 [INFO]   🔴 [91m[1mPT0002000125379984SH[0m  [2m[Cluster 1][0m
2026-07-30 16:11:44 [INFO]      consumiu MAIS que o habitual às 15h
2026-07-30 16:11:44 [INFO]      [2mReal:[0m 10.0 kWh   [2mHabitual:[0m 5.5 ± 0.7 kWh   [2mz:[0m +6.36   [2mdesvio:[0m +82%   [2m(2 obs. dia_util)[0m
2026-07-30 16:11:44 [INFO] 
2026-07-30 16:11:44 [INFO]   🔴 [91m[1mPT0002000125379984SH[0m  [2m[Cluster 1][0m
2026-07-30 16:11:44 [INFO]      consumiu MAIS que o habitual às 21h
2026-07-30 16:11:44 [INFO]      [2mReal:[0m 31.0 kWh   [2mHabitual:[0m 8.5 ± 3.5 kWh   [2mz:[0m +6.36   [2mdesvio:[0m +265%   [2m(2 obs. dia_util)[0m
2026-07-30 16:11:44 [INFO] 
2026-07-30 16:11:44 [INFO]   🔴 [91m[1mPT0002000106102375RC[0m  [2m[Cluster 0 (atribuido)][0m
2026-07-30 16:11:44 [INFO]      consumiu MAIS que o habitual às 11h
2026-07-30 16:11:44 [INFO]      [2mReal:[0m 80.0 kWh   [2mHabitual:[0m 49.5 ± 5.0 kWh   [2mz:[0m +6.16   [2mdesvio:[0m +62%   [2m(2 obs. dia_util)[0m
2026-07-30 16:11:44 [INFO] 
2026-07-30 16:11:44 [INFO]   🔴 [91m[1mPT0002000106102375RC[0m  [2m[Cluster 0 (atribuido)][0m
2026-07-30 16:11:44 [INFO]      consumiu MAIS que o habitual às 08h
2026-07-30 16:11:44 [INFO]      [2mReal:[0m 74.0 kWh   [2mHabitual:[0m 46.0 ± 4.6 kWh   [2mz:[0m +6.09   [2mdesvio:[0m +61%   [2m(2 obs. dia_util)[0m
2026-07-30 16:11:44 [INFO] 
2026-07-30 16:11:44 [INFO]   🔴 [91m[1mPT0002000106102375RC[0m  [2m[Cluster 0 (atribuido)][0m
2026-07-30 16:11:44 [INFO]      consumiu MAIS que o habitual às 09h
2026-07-30 16:11:44 [INFO]      [2mReal:[0m 78.0 kWh   [2mHabitual:[0m 48.5 ± 4.8 kWh   [2mz:[0m +6.08   [2mdesvio:[0m +61%   [2m(2 obs. dia_util)[0m
2026-07-30 16:11:44 [INFO] 
2026-07-30 16:11:44 [INFO]   🔴 [91m[1mPT0002000078140706BA[0m  [2m[Cluster 1 (atribuido)][0m
2026-07-30 16:11:44 [INFO]      consumiu MAIS que o habitual às 09h
2026-07-30 16:11:44 [INFO]      [2mReal:[0m 122.0 kWh   [2mHabitual:[0m 20.0 ± 17.0 kWh   [2mz:[0m +6.01   [2mdesvio:[0m +510%   [2m(2 obs. dia_util)[0m
2026-07-30 16:11:44 [INFO] 
2026-07-30 16:11:44 [INFO]   🔵 [94m[1mPT0002000109837807PE[0m  [2m[Cluster 1][0m
2026-07-30 16:11:44 [INFO]      consumiu MENOS que o habitual às 17h
2026-07-30 16:11:44 [INFO]      [2mReal:[0m 3.0 kWh   [2mHabitual:[0m 7.5 ± 0.8 kWh   [2mz:[0m -6.00   [2mdesvio:[0m -60%   [2m(2 obs. dia_util)[0m
2026-07-30 16:11:44 [INFO] 
2026-07-30 16:11:44 [INFO]   🔴 [91m[1mPT0002000078140706BA[0m  [2m[Cluster 1 (atribuido)][0m
2026-07-30 16:11:44 [INFO]      consumiu MAIS que o habitual às 11h
2026-07-30 16:11:44 [INFO]      [2mReal:[0m 17.0 kWh   [2mHabitual:[0m 4.5 ± 2.1 kWh   [2mz:[0m +5.89   [2mdesvio:[0m +278%   [2m(2 obs. dia_util)[0m
2026-07-30 16:11:44 [INFO] 
2026-07-30 16:11:44 [INFO]   🔴 [91m[1mPT0002000081344542CP[0m  [2m[Cluster 1][0m
2026-07-30 16:11:44 [INFO]      consumiu MAIS que o habitual às 13h
2026-07-30 16:11:44 [INFO]      [2mReal:[0m 16.0 kWh   [2mHabitual:[0m 3.5 ± 2.1 kWh   [2mz:[0m +5.89   [2mdesvio:[0m +357%   [2m(2 obs. dia_util)[0m
2026-07-30 16:11:44 [INFO] 
2026-07-30 16:11:44 [INFO]   🔴 [91m[1mPT0002000106102375RC[0m  [2m[Cluster 0 (atribuido)][0m
2026-07-30 16:11:44 [INFO]      consumiu MAIS que o habitual às 12h
2026-07-30 16:11:44 [INFO]      [2mReal:[0m 84.0 kWh   [2mHabitual:[0m 53.5 ± 5.3 kWh   [2mz:[0m +5.70   [2mdesvio:[0m +57%   [2m(2 obs. dia_util)[0m
2026-07-30 16:11:44 [INFO] 
2026-07-30 16:11:44 [INFO]   🔴 [91m[1mPT0002000078140706BA[0m  [2m[Cluster 1 (atribuido)][0m
2026-07-30 16:11:44 [INFO]      consumiu MAIS que o habitual às 07h
2026-07-30 16:11:44 [INFO]      [2mReal:[0m 83.0 kWh   [2mHabitual:[0m 18.5 ± 12.0 kWh   [2mz:[0m +5.37   [2mdesvio:[0m +349%   [2m(2 obs. dia_util)[0m
2026-07-30 16:11:44 [INFO] 
2026-07-30 16:11:44 [INFO]   🔴 [91m[1mPT0002000106102375RC[0m  [2m[Cluster 0 (atribuido)][0m
2026-07-30 16:11:44 [INFO]      consumiu MAIS que o habitual às 13h
2026-07-30 16:11:44 [INFO]      [2mReal:[0m 85.0 kWh   [2mHabitual:[0m 55.5 ± 5.5 kWh   [2mz:[0m +5.32   [2mdesvio:[0m +53%   [2m(2 obs. dia_util)[0m
2026-07-30 16:11:44 [INFO] 
2026-07-30 16:11:44 [INFO]   🔴 [91m[1mPT0002000081344542CP[0m  [2m[Cluster 1][0m
2026-07-30 16:11:44 [INFO]      consumiu MAIS que o habitual às 07h
2026-07-30 16:11:44 [INFO]      [2mReal:[0m 6.0 kWh   [2mHabitual:[0m 4.0 ± 0.4 kWh   [2mz:[0m +5.00   [2mdesvio:[0m +50%   [2m(2 obs. dia_util)[0m
2026-07-30 16:11:44 [INFO] 
2026-07-30 16:11:44 [INFO]   🔵 [94m[1mPT0002000081344542CP[0m  [2m[Cluster 1][0m
2026-07-30 16:11:44 [INFO]      consumiu MENOS que o habitual às 14h
2026-07-30 16:11:44 [INFO]      [2mReal:[0m 2.0 kWh   [2mHabitual:[0m 4.0 ± 0.4 kWh   [2mz:[0m -5.00   [2mdesvio:[0m -50%   [2m(2 obs. dia_util)[0m
2026-07-30 16:11:44 [INFO] 
2026-07-30 16:11:44 [INFO]   🔴 [91m[1mPT0002000107046231FW[0m  [2m[Cluster 0][0m
2026-07-30 16:11:44 [INFO]      consumiu MAIS que o habitual às 03h
2026-07-30 16:11:44 [INFO]      [2mReal:[0m 6.0 kWh   [2mHabitual:[0m 4.0 ± 0.4 kWh   [2mz:[0m +5.00   [2mdesvio:[0m +50%   [2m(2 obs. dia_util)[0m
2026-07-30 16:11:44 [INFO] 
2026-07-30 16:11:44 [INFO]   🔴 [91m[1mPT0002000110607652SB[0m  [2m[Cluster 0][0m
2026-07-30 16:11:44 [INFO]      consumiu MAIS que o habitual às 05h
2026-07-30 16:11:44 [INFO]      [2mReal:[0m 12.0 kWh   [2mHabitual:[0m 8.0 ± 0.8 kWh   [2mz:[0m +5.00   [2mdesvio:[0m +50%   [2m(2 obs. dia_util)[0m
2026-07-30 16:11:44 [INFO] 
2026-07-30 16:11:44 [INFO]   🔴 [91m[1mPT0002000107046231FW[0m  [2m[Cluster 0][0m
2026-07-30 16:11:44 [INFO]      consumiu MAIS que o habitual às 00h
2026-07-30 16:11:44 [INFO]      [2mReal:[0m 5.0 kWh   [2mHabitual:[0m 1.5 ± 0.7 kWh   [2mz:[0m +4.95   [2mdesvio:[0m +233%   [2m(2 obs. dia_util)[0m
2026-07-30 16:11:44 [INFO] 
2026-07-30 16:11:44 [INFO]   🔴 [91m[1mPT0002000106102375RC[0m  [2m[Cluster 0 (atribuido)][0m
2026-07-30 16:11:44 [INFO]      consumiu MAIS que o habitual às 10h
2026-07-30 16:11:44 [INFO]      [2mReal:[0m 78.0 kWh   [2mHabitual:[0m 52.5 ± 5.2 kWh   [2mz:[0m +4.86   [2mdesvio:[0m +49%   [2m(2 obs. dia_util)[0m
2026-07-30 16:11:44 [INFO] 
2026-07-30 16:11:44 [INFO]   🔴 [91m[1mPT0002000068859325FL[0m  [2m[Cluster 1][0m
2026-07-30 16:11:44 [INFO]      consumiu MAIS que o habitual às 20h
2026-07-30 16:11:44 [INFO]      [2mReal:[0m 160.0 kWh   [2mHabitual:[0m 108.0 ± 10.8 kWh   [2mz:[0m +4.81   [2mdesvio:[0m +48%   [2m(2 obs. dia_util)[0m
2026-07-30 16:11:44 [INFO] 
2026-07-30 16:11:44 [INFO]   🔵 [94m[1mPT0002000115031201VQ[0m  [2m[Cluster 0][0m
2026-07-30 16:11:44 [INFO]      consumiu MENOS que o habitual às 17h
2026-07-30 16:11:44 [INFO]      [2mReal:[0m 7.0 kWh   [2mHabitual:[0m 13.5 ± 1.4 kWh   [2mz:[0m -4.81   [2mdesvio:[0m -48%   [2m(2 obs. dia_util)[0m
2026-07-30 16:11:44 [INFO] 
2026-07-30 16:11:44 [INFO]   🔵 [94m[1mPT0002000110607652SB[0m  [2m[Cluster 0][0m
2026-07-30 16:11:44 [INFO]      consumiu MENOS que o habitual às 11h
2026-07-30 16:11:44 [INFO]      [2mReal:[0m 44.0 kWh   [2mHabitual:[0m 84.0 ± 8.4 kWh   [2mz:[0m -4.76   [2mdesvio:[0m -48%   [2m(2 obs. dia_util)[0m
2026-07-30 16:11:44 [INFO] 
2026-07-30 16:11:44 [INFO]   🔴 [91m[1mPT0002000110814293YC[0m  [2m[Cluster 0 (atribuido)][0m
2026-07-30 16:11:44 [INFO]      consumiu MAIS que o habitual às 04h
2026-07-30 16:11:44 [INFO]      [2mReal:[0m 45.0 kWh   [2mHabitual:[0m 30.5 ± 3.0 kWh   [2mz:[0m +4.75   [2mdesvio:[0m +48%   [2m(2 obs. dia_util)[0m
2026-07-30 16:11:44 [INFO] 
2026-07-30 16:11:44 [INFO]   🔵 [94m[1mPT0002000115031201VQ[0m  [2m[Cluster 0][0m
2026-07-30 16:11:44 [INFO]      consumiu MENOS que o habitual às 15h
2026-07-30 16:11:44 [INFO]      [2mReal:[0m 12.0 kWh   [2mHabitual:[0m 22.0 ± 2.2 kWh   [2mz:[0m -4.55   [2mdesvio:[0m -45%   [2m(2 obs. dia_util)[0m
2026-07-30 16:11:44 [INFO] 
2026-07-30 16:11:44 [INFO]   🔴 [91m[1mPT0002000073573036KH[0m  [2m[Cluster 0 (atribuido)][0m
2026-07-30 16:11:44 [INFO]      consumiu MAIS que o habitual às 06h
2026-07-30 16:11:44 [INFO]      [2mReal:[0m 149.0 kWh   [2mHabitual:[0m 103.5 ± 10.3 kWh   [2mz:[0m +4.40   [2mdesvio:[0m +44%   [2m(2 obs. dia_util)[0m
2026-07-30 16:11:44 [INFO] 
2026-07-30 16:11:44 [INFO]   🔵 [94m[1mPT0002000077348081AG[0m  [2m[Cluster 0 (atribuido)][0m
2026-07-30 16:11:44 [INFO]      consumiu MENOS que o habitual às 10h
2026-07-30 16:11:44 [INFO]      [2mReal:[0m 160.0 kWh   [2mHabitual:[0m 283.0 ± 28.3 kWh   [2mz:[0m -4.35   [2mdesvio:[0m -43%   [2m(2 obs. dia_util)[0m
2026-07-30 16:11:44 [INFO] 
2026-07-30 16:11:44 [INFO]   🔴 [91m[1mPT0002000068858231YY[0m  [2m[Cluster 0 (atribuido)][0m
2026-07-30 16:11:44 [INFO]      consumiu MAIS que o habitual às 11h
2026-07-30 16:11:44 [INFO]      [2mReal:[0m 70.0 kWh   [2mHabitual:[0m 49.0 ± 4.9 kWh   [2mz:[0m +4.29   [2mdesvio:[0m +43%   [2m(2 obs. dia_util)[0m
2026-07-30 16:11:44 [INFO] 
2026-07-30 16:11:44 [INFO]   🔵 [94m[1mPT0002000068859325FL[0m  [2m[Cluster 1][0m
2026-07-30 16:11:44 [INFO]      consumiu MENOS que o habitual às 08h
2026-07-30 16:11:44 [INFO]      [2mReal:[0m 48.0 kWh   [2mHabitual:[0m 84.0 ± 8.4 kWh   [2mz:[0m -4.29   [2mdesvio:[0m -43%   [2m(2 obs. dia_util)[0m
2026-07-30 16:11:44 [INFO] 
2026-07-30 16:11:44 [INFO]   🔴 [91m[1mPT0002000073573036KH[0m  [2m[Cluster 0 (atribuido)][0m
2026-07-30 16:11:44 [INFO]      consumiu MAIS que o habitual às 01h
2026-07-30 16:11:44 [INFO]      [2mReal:[0m 149.0 kWh   [2mHabitual:[0m 104.5 ± 10.4 kWh   [2mz:[0m +4.26   [2mdesvio:[0m +43%   [2m(2 obs. dia_util)[0m
2026-07-30 16:11:44 [INFO] 
2026-07-30 16:11:44 [INFO]   🔴 [91m[1mPT0002000107172384HT[0m  [2m[Cluster 1][0m
2026-07-30 16:11:44 [INFO]      consumiu MAIS que o habitual às 16h
2026-07-30 16:11:44 [INFO]      [2mReal:[0m 40.0 kWh   [2mHabitual:[0m 28.0 ± 2.8 kWh   [2mz:[0m +4.24   [2mdesvio:[0m +43%   [2m(2 obs. dia_util)[0m
2026-07-30 16:11:44 [INFO] 
2026-07-30 16:11:44 [INFO]   🔴 [91m[1mPT0002000115700602GW[0m  [2m[Cluster 0][0m
2026-07-30 16:11:44 [INFO]      consumiu MAIS que o habitual às 17h
2026-07-30 16:11:44 [INFO]      [2mReal:[0m 18.0 kWh   [2mHabitual:[0m 12.0 ± 1.4 kWh   [2mz:[0m +4.24   [2mdesvio:[0m +50%   [2m(2 obs. dia_util)[0m
2026-07-30 16:11:44 [INFO] 
2026-07-30 16:11:44 [INFO]   🔴 [91m[1mPT0002000073573036KH[0m  [2m[Cluster 0 (atribuido)][0m
2026-07-30 16:11:44 [INFO]      consumiu MAIS que o habitual às 05h
2026-07-30 16:11:44 [INFO]      [2mReal:[0m 144.0 kWh   [2mHabitual:[0m 101.5 ± 10.2 kWh   [2mz:[0m +4.19   [2mdesvio:[0m +42%   [2m(2 obs. dia_util)[0m
2026-07-30 16:11:44 [INFO] 
2026-07-30 16:11:44 [INFO]   🔵 [94m[1mPT0002000110607652SB[0m  [2m[Cluster 0][0m
2026-07-30 16:11:44 [INFO]      consumiu MENOS que o habitual às 10h
2026-07-30 16:11:44 [INFO]      [2mReal:[0m 48.0 kWh   [2mHabitual:[0m 82.0 ± 8.2 kWh   [2mz:[0m -4.15   [2mdesvio:[0m -41%   [2m(2 obs. dia_util)[0m
2026-07-30 16:11:44 [INFO] 
2026-07-30 16:11:44 [INFO]   🔴 [91m[1mPT0002000073481266XH[0m  [2m[Cluster 0][0m
2026-07-30 16:11:44 [INFO]      consumiu MAIS que o habitual às 20h
2026-07-30 16:11:44 [INFO]      [2mReal:[0m 12.0 kWh   [2mHabitual:[0m 8.5 ± 0.8 kWh   [2mz:[0m +4.12   [2mdesvio:[0m +41%   [2m(2 obs. dia_util)[0m
2026-07-30 16:11:44 [INFO] 
2026-07-30 16:11:44 [INFO]   🔴 [91m[1mPT0002000078207354XC[0m  [2m[Cluster 1][0m
2026-07-30 16:11:44 [INFO]      consumiu MAIS que o habitual às 11h
2026-07-30 16:11:44 [INFO]      [2mReal:[0m 12.0 kWh   [2mHabitual:[0m 8.5 ± 0.8 kWh   [2mz:[0m +4.12   [2mdesvio:[0m +41%   [2m(2 obs. dia_util)[0m
2026-07-30 16:11:44 [INFO] 
2026-07-30 16:11:44 [INFO]   🔴 [91m[1mPT0002000110814293YC[0m  [2m[Cluster 0 (atribuido)][0m
2026-07-30 16:11:44 [INFO]      consumiu MAIS que o habitual às 06h
2026-07-30 16:11:44 [INFO]      [2mReal:[0m 45.0 kWh   [2mHabitual:[0m 32.0 ± 3.2 kWh   [2mz:[0m +4.06   [2mdesvio:[0m +41%   [2m(2 obs. dia_util)[0m
2026-07-30 16:11:44 [INFO] 
2026-07-30 16:11:44 [INFO]   🔵 [94m[1mPT0002000068855003AK[0m  [2m[Cluster 0 (atribuido)][0m
2026-07-30 16:11:44 [INFO]      consumiu MENOS que o habitual às 11h
2026-07-30 16:11:44 [INFO]      [2mReal:[0m 32.0 kWh   [2mHabitual:[0m 53.5 ± 5.3 kWh   [2mz:[0m -4.02   [2mdesvio:[0m -40%   [2m(2 obs. dia_util)[0m
2026-07-30 16:11:44 [INFO] 
2026-07-30 16:11:44 [INFO]   🔵 [94m[1mPT0002000078207354XC[0m  [2m[Cluster 1][0m
2026-07-30 16:11:44 [INFO]      consumiu MENOS que o habitual às 18h
2026-07-30 16:11:44 [INFO]      [2mReal:[0m 12.0 kWh   [2mHabitual:[0m 20.5 ± 2.1 kWh   [2mz:[0m -4.01   [2mdesvio:[0m -41%   [2m(2 obs. dia_util)[0m
2026-07-30 16:11:44 [INFO] 
2026-07-30 16:11:44 [INFO]   🔵 [94m[1mPT0002000068857099AR[0m  [2m[Cluster 1][0m
2026-07-30 16:11:44 [INFO]      consumiu MENOS que o habitual às 19h
2026-07-30 16:11:44 [INFO]      [2mReal:[0m 6.0 kWh   [2mHabitual:[0m 10.0 ± 1.0 kWh   [2mz:[0m -4.00   [2mdesvio:[0m -40%   [2m(2 obs. dia_util)[0m
2026-07-30 16:11:44 [INFO] 
2026-07-30 16:11:44 [INFO]   🔴 [91m[1mPT0002000073481266XH[0m  [2m[Cluster 0][0m
2026-07-30 16:11:44 [INFO]      consumiu MAIS que o habitual às 03h
2026-07-30 16:11:44 [INFO]      [2mReal:[0m 7.0 kWh   [2mHabitual:[0m 5.0 ± 0.5 kWh   [2mz:[0m +4.00   [2mdesvio:[0m +40%   [2m(2 obs. dia_util)[0m
2026-07-30 16:11:44 [INFO] 
2026-07-30 16:11:44 [INFO]   🔵 [94m[1mPT0002000078207354XC[0m  [2m[Cluster 1][0m
2026-07-30 16:11:44 [INFO]      consumiu MENOS que o habitual às 20h
2026-07-30 16:11:44 [INFO]      [2mReal:[0m 12.0 kWh   [2mHabitual:[0m 20.0 ± 2.0 kWh   [2mz:[0m -4.00   [2mdesvio:[0m -40%   [2m(2 obs. dia_util)[0m
2026-07-30 16:11:44 [INFO] 
2026-07-30 16:11:44 [INFO]   🔴 [91m[1mPT0002000073573036KH[0m  [2m[Cluster 0 (atribuido)][0m
2026-07-30 16:11:44 [INFO]      consumiu MAIS que o habitual às 03h
2026-07-30 16:11:44 [INFO]      [2mReal:[0m 147.0 kWh   [2mHabitual:[0m 105.5 ± 10.6 kWh   [2mz:[0m +3.93   [2mdesvio:[0m +39%   [2m(2 obs. dia_util)[0m
2026-07-30 16:11:44 [INFO] 
2026-07-30 16:11:44 [INFO]   🔴 [91m[1mPT0002000078140706BA[0m  [2m[Cluster 1 (atribuido)][0m
2026-07-30 16:11:44 [INFO]      consumiu MAIS que o habitual às 08h
2026-07-30 16:11:44 [INFO]      [2mReal:[0m 189.0 kWh   [2mHabitual:[0m 53.5 ± 34.6 kWh   [2mz:[0m +3.91   [2mdesvio:[0m +253%   [2m(2 obs. dia_util)[0m
2026-07-30 16:11:44 [INFO] 
2026-07-30 16:11:44 [INFO]   🔴 [91m[1mPT0002000073573036KH[0m  [2m[Cluster 0 (atribuido)][0m
2026-07-30 16:11:44 [INFO]      consumiu MAIS que o habitual às 02h
2026-07-30 16:11:44 [INFO]      [2mReal:[0m 146.0 kWh   [2mHabitual:[0m 105.0 ± 10.5 kWh   [2mz:[0m +3.90   [2mdesvio:[0m +39%   [2m(2 obs. dia_util)[0m
2026-07-30 16:11:44 [INFO] 
2026-07-30 16:11:44 [INFO]   🔴 [91m[1mPT0002000073573036KH[0m  [2m[Cluster 0 (atribuido)][0m
2026-07-30 16:11:44 [INFO]      consumiu MAIS que o habitual às 04h
2026-07-30 16:11:44 [INFO]      [2mReal:[0m 144.0 kWh   [2mHabitual:[0m 104.0 ± 10.4 kWh   [2mz:[0m +3.85   [2mdesvio:[0m +38%   [2m(2 obs. dia_util)[0m
2026-07-30 16:11:44 [INFO] 
2026-07-30 16:11:44 [INFO]   🔵 [94m[1mPT0002000101964938LF[0m  [2m[Cluster 0][0m
2026-07-30 16:11:44 [INFO]      consumiu MENOS que o habitual às 10h
2026-07-30 16:11:44 [INFO]      [2mReal:[0m 35.0 kWh   [2mHabitual:[0m 56.5 ± 5.7 kWh   [2mz:[0m -3.81   [2mdesvio:[0m -38%   [2m(2 obs. dia_util)[0m
2026-07-30 16:11:44 [INFO] 
2026-07-30 16:11:44 [INFO]   🔴 [91m[1mPT0002000073481266XH[0m  [2m[Cluster 0][0m
2026-07-30 16:11:44 [INFO]      consumiu MAIS que o habitual às 23h
2026-07-30 16:11:44 [INFO]      [2mReal:[0m 11.0 kWh   [2mHabitual:[0m 8.0 ± 0.8 kWh   [2mz:[0m +3.75   [2mdesvio:[0m +38%   [2m(2 obs. dia_util)[0m
2026-07-30 16:11:44 [INFO] 
2026-07-30 16:11:44 [INFO]   🔴 [91m[1mPT0002000075637532JB[0m  [2m[Cluster 0][0m
2026-07-30 16:11:44 [INFO]      consumiu MAIS que o habitual às 07h
2026-07-30 16:11:44 [INFO]      [2mReal:[0m 11.0 kWh   [2mHabitual:[0m 8.0 ± 0.8 kWh   [2mz:[0m +3.75   [2mdesvio:[0m +38%   [2m(2 obs. dia_util)[0m
2026-07-30 16:11:44 [INFO] 
2026-07-30 16:11:44 [INFO]   🔵 [94m[1mPT0002000101964938LF[0m  [2m[Cluster 0][0m
2026-07-30 16:11:44 [INFO]      consumiu MENOS que o habitual às 08h
2026-07-30 16:11:44 [INFO]      [2mReal:[0m 30.0 kWh   [2mHabitual:[0m 48.5 ± 5.0 kWh   [2mz:[0m -3.74   [2mdesvio:[0m -38%   [2m(2 obs. dia_util)[0m
2026-07-30 16:11:44 [INFO] 
2026-07-30 16:11:44 [INFO]   🔵 [94m[1mPT0002000101964938LF[0m  [2m[Cluster 0][0m
2026-07-30 16:11:44 [INFO]      consumiu MENOS que o habitual às 09h
2026-07-30 16:11:44 [INFO]      [2mReal:[0m 33.0 kWh   [2mHabitual:[0m 52.5 ± 5.2 kWh   [2mz:[0m -3.71   [2mdesvio:[0m -37%   [2m(2 obs. dia_util)[0m
2026-07-30 16:11:44 [INFO] 
2026-07-30 16:11:44 [INFO]   🔴 [91m[1mPT0002000068856974CZ[0m  [2m[Cluster 0 (atribuido)][0m
2026-07-30 16:11:44 [INFO]      consumiu MAIS que o habitual às 02h
2026-07-30 16:11:44 [INFO]      [2mReal:[0m 13.0 kWh   [2mHabitual:[0m 9.5 ± 0.9 kWh   [2mz:[0m +3.68   [2mdesvio:[0m +37%   [2m(2 obs. dia_util)[0m
2026-07-30 16:11:44 [INFO] 
2026-07-30 16:11:44 [INFO]   🔴 [91m[1mPT0002000077348081AG[0m  [2m[Cluster 0 (atribuido)][0m
2026-07-30 16:11:44 [INFO]      consumiu MAIS que o habitual às 06h
2026-07-30 16:11:44 [INFO]      [2mReal:[0m 28.0 kWh   [2mHabitual:[0m 20.5 ± 2.0 kWh   [2mz:[0m +3.66   [2mdesvio:[0m +37%   [2m(2 obs. dia_util)[0m
2026-07-30 16:11:44 [INFO] 
2026-07-30 16:11:44 [INFO]   🔵 [94m[1mPT0002000078207354XC[0m  [2m[Cluster 1][0m
2026-07-30 16:11:44 [INFO]      consumiu MENOS que o habitual às 21h
2026-07-30 16:11:44 [INFO]      [2mReal:[0m 14.0 kWh   [2mHabitual:[0m 22.0 ± 2.2 kWh   [2mz:[0m -3.64   [2mdesvio:[0m -36%   [2m(2 obs. dia_util)[0m
2026-07-30 16:11:44 [INFO] 
2026-07-30 16:11:44 [INFO]   🔴 [91m[1mPT0002000073720434JD[0m  [2m[Cluster 1 (atribuido)][0m
2026-07-30 16:11:44 [INFO]      consumiu MAIS que o habitual às 17h
2026-07-30 16:11:44 [INFO]      [2mReal:[0m 34.0 kWh   [2mHabitual:[0m 25.0 ± 2.5 kWh   [2mz:[0m +3.60   [2mdesvio:[0m +36%   [2m(2 obs. dia_util)[0m
2026-07-30 16:11:44 [INFO] 
2026-07-30 16:11:44 [INFO]   🔵 [94m[1mPT0002000119303492KB[0m  [2m[Cluster 0][0m
2026-07-30 16:11:44 [INFO]      consumiu MENOS que o habitual às 13h
2026-07-30 16:11:44 [INFO]      [2mReal:[0m 25.0 kWh   [2mHabitual:[0m 39.0 ± 3.9 kWh   [2mz:[0m -3.59   [2mdesvio:[0m -36%   [2m(2 obs. dia_util)[0m
2026-07-30 16:11:44 [INFO] 
2026-07-30 16:11:44 [INFO]   🔵 [94m[1mPT0002000071896778MT[0m  [2m[Cluster 0][0m
2026-07-30 16:11:44 [INFO]      consumiu MENOS que o habitual às 18h
2026-07-30 16:11:44 [INFO]      [2mReal:[0m 4.0 kWh   [2mHabitual:[0m 6.5 ± 0.7 kWh   [2mz:[0m -3.54   [2mdesvio:[0m -38%   [2m(2 obs. dia_util)[0m
2026-07-30 16:11:44 [INFO] 
2026-07-30 16:11:44 [INFO]   🔵 [94m[1mPT0002000078207354XC[0m  [2m[Cluster 1][0m
2026-07-30 16:11:44 [INFO]      consumiu MENOS que o habitual às 19h
2026-07-30 16:11:44 [INFO]      [2mReal:[0m 12.0 kWh   [2mHabitual:[0m 19.5 ± 2.1 kWh   [2mz:[0m -3.54   [2mdesvio:[0m -38%   [2m(2 obs. dia_util)[0m
2026-07-30 16:11:44 [INFO] 
2026-07-30 16:11:44 [INFO]   🔵 [94m[1mPT0002000081344542CP[0m  [2m[Cluster 1][0m
2026-07-30 16:11:44 [INFO]      consumiu MENOS que o habitual às 15h
2026-07-30 16:11:44 [INFO]      [2mReal:[0m 2.0 kWh   [2mHabitual:[0m 4.5 ± 0.7 kWh   [2mz:[0m -3.54   [2mdesvio:[0m -56%   [2m(2 obs. dia_util)[0m
2026-07-30 16:11:44 [INFO] 
2026-07-30 16:11:44 [INFO]   🔵 [94m[1mPT0002000081344542CP[0m  [2m[Cluster 1][0m
2026-07-30 16:11:44 [INFO]      consumiu MENOS que o habitual às 16h
2026-07-30 16:11:44 [INFO]      [2mReal:[0m 2.0 kWh   [2mHabitual:[0m 4.5 ± 0.7 kWh   [2mz:[0m -3.54   [2mdesvio:[0m -56%   [2m(2 obs. dia_util)[0m
2026-07-30 16:11:44 [INFO] 
2026-07-30 16:11:44 [INFO]   🔴 [91m[1mPT0002000106102375RC[0m  [2m[Cluster 0 (atribuido)][0m
2026-07-30 16:11:44 [INFO]      consumiu MAIS que o habitual às 14h
2026-07-30 16:11:44 [INFO]      [2mReal:[0m 82.0 kWh   [2mHabitual:[0m 57.0 ± 7.1 kWh   [2mz:[0m +3.54   [2mdesvio:[0m +44%   [2m(2 obs. dia_util)[0m
2026-07-30 16:11:44 [INFO] 
2026-07-30 16:11:44 [INFO]   🔴 [91m[1mPT0002000107046231FW[0m  [2m[Cluster 0][0m
2026-07-30 16:11:44 [INFO]      consumiu MAIS que o habitual às 01h
2026-07-30 16:11:44 [INFO]      [2mReal:[0m 5.0 kWh   [2mHabitual:[0m 2.5 ± 0.7 kWh   [2mz:[0m +3.54   [2mdesvio:[0m +100%   [2m(2 obs. dia_util)[0m
2026-07-30 16:11:44 [INFO] 
2026-07-30 16:11:44 [INFO]   🔵 [94m[1mPT0002000109837807PE[0m  [2m[Cluster 1][0m
2026-07-30 16:11:44 [INFO]      consumiu MENOS que o habitual às 16h
2026-07-30 16:11:44 [INFO]      [2mReal:[0m 4.0 kWh   [2mHabitual:[0m 6.5 ± 0.7 kWh   [2mz:[0m -3.54   [2mdesvio:[0m -38%   [2m(2 obs. dia_util)[0m
2026-07-30 16:11:44 [INFO] 
2026-07-30 16:11:44 [INFO]   🔴 [91m[1mPT0002000115700602GW[0m  [2m[Cluster 0][0m
2026-07-30 16:11:44 [INFO]      consumiu MAIS que o habitual às 16h
2026-07-30 16:11:44 [INFO]      [2mReal:[0m 18.0 kWh   [2mHabitual:[0m 13.0 ± 1.4 kWh   [2mz:[0m +3.54   [2mdesvio:[0m +38%   [2m(2 obs. dia_util)[0m
2026-07-30 16:11:44 [INFO] 
2026-07-30 16:11:44 [INFO]   🔵 [94m[1mPT0002000115673389QK[0m  [2m[Cluster 0][0m
2026-07-30 16:11:44 [INFO]      consumiu MENOS que o habitual às 15h
2026-07-30 16:11:44 [INFO]      [2mReal:[0m 40.0 kWh   [2mHabitual:[0m 61.5 ± 6.2 kWh   [2mz:[0m -3.50   [2mdesvio:[0m -35%   [2m(2 obs. dia_util)[0m
2026-07-30 16:11:44 [INFO] 
2026-07-30 16:11:44 [INFO]   🔵 [94m[1mPT0002000119303492KB[0m  [2m[Cluster 0][0m
2026-07-30 16:11:44 [INFO]      consumiu MENOS que o habitual às 11h
2026-07-30 16:11:44 [INFO]      [2mReal:[0m 38.0 kWh   [2mHabitual:[0m 58.0 ± 5.8 kWh   [2mz:[0m -3.45   [2mdesvio:[0m -34%   [2m(2 obs. dia_util)[0m
2026-07-30 16:11:44 [INFO] 
2026-07-30 16:11:44 [INFO]   🔴 [91m[1mPT0002000068856655YV[0m  [2m[Cluster 0][0m
2026-07-30 16:11:44 [INFO]      consumiu MAIS que o habitual às 01h
2026-07-30 16:11:44 [INFO]      [2mReal:[0m 3.0 kWh   [2mHabitual:[0m 2.0 ± 0.3 kWh   [2mz:[0m +3.33   [2mdesvio:[0m +50%   [2m(2 obs. dia_util)[0m
2026-07-30 16:11:44 [INFO] 
2026-07-30 16:11:44 [INFO]   🔴 [91m[1mPT0002000068856872QG[0m  [2m[Cluster 1][0m
2026-07-30 16:11:44 [INFO]      consumiu MAIS que o habitual às 03h
2026-07-30 16:11:44 [INFO]      [2mReal:[0m 1.0 kWh   [2mHabitual:[0m 0.0 ± 0.3 kWh   [2mz:[0m +3.33   [2mdesvio:[0m +100000%   [2m(2 obs. dia_util)[0m
2026-07-30 16:11:44 [INFO] 
2026-07-30 16:11:44 [INFO]   🔴 [91m[1mPT0002000068856872QG[0m  [2m[Cluster 1][0m
2026-07-30 16:11:44 [INFO]      consumiu MAIS que o habitual às 08h
2026-07-30 16:11:44 [INFO]      [2mReal:[0m 1.0 kWh   [2mHabitual:[0m 0.0 ± 0.3 kWh   [2mz:[0m +3.33   [2mdesvio:[0m +100000%   [2m(2 obs. dia_util)[0m
2026-07-30 16:11:44 [INFO] 
2026-07-30 16:11:44 [INFO]   🔵 [94m[1mPT0002000068856872QG[0m  [2m[Cluster 1][0m
2026-07-30 16:11:44 [INFO]      consumiu MENOS que o habitual às 19h
2026-07-30 16:11:44 [INFO]      [2mReal:[0m 0.0 kWh   [2mHabitual:[0m 1.0 ± 0.3 kWh   [2mz:[0m -3.33   [2mdesvio:[0m -100%   [2m(2 obs. dia_util)[0m
2026-07-30 16:11:44 [INFO] 
2026-07-30 16:11:44 [INFO]   🔴 [91m[1mPT0002000068856906VS[0m  [2m[Cluster 0][0m
2026-07-30 16:11:44 [INFO]      consumiu MAIS que o habitual às 07h
2026-07-30 16:11:44 [INFO]      [2mReal:[0m 24.0 kWh   [2mHabitual:[0m 18.0 ± 1.8 kWh   [2mz:[0m +3.33   [2mdesvio:[0m +33%   [2m(2 obs. dia_util)[0m
2026-07-30 16:11:44 [INFO] 
2026-07-30 16:11:44 [INFO]   🔴 [91m[1mPT0002000068856952LS[0m  [2m[Cluster 2][0m
2026-07-30 16:11:44 [INFO]      consumiu MAIS que o habitual às 08h
2026-07-30 16:11:44 [INFO]      [2mReal:[0m 1.0 kWh   [2mHabitual:[0m 0.0 ± 0.3 kWh   [2mz:[0m +3.33   [2mdesvio:[0m +100000%   [2m(2 obs. dia_util)[0m
2026-07-30 16:11:44 [INFO] 
2026-07-30 16:11:44 [INFO]   🔴 [91m[1mPT0002000068856952LS[0m  [2m[Cluster 2][0m
2026-07-30 16:11:44 [INFO]      consumiu MAIS que o habitual às 17h
2026-07-30 16:11:44 [INFO]      [2mReal:[0m 1.0 kWh   [2mHabitual:[0m 0.0 ± 0.3 kWh   [2mz:[0m +3.33   [2mdesvio:[0m +100000%   [2m(2 obs. dia_util)[0m
2026-07-30 16:11:44 [INFO] 
2026-07-30 16:11:44 [INFO]   🔵 [94m[1mPT0002000068857099AR[0m  [2m[Cluster 1][0m
2026-07-30 16:11:44 [INFO]      consumiu MENOS que o habitual às 10h
2026-07-30 16:11:44 [INFO]      [2mReal:[0m 2.0 kWh   [2mHabitual:[0m 3.0 ± 0.3 kWh   [2mz:[0m -3.33   [2mdesvio:[0m -33%   [2m(2 obs. dia_util)[0m
2026-07-30 16:11:44 [INFO] 
2026-07-30 16:11:44 [INFO]   🔵 [94m[1mPT0002000073717386HC[0m  [2m[Cluster 1 (atribuido)][0m
2026-07-30 16:11:44 [INFO]      consumiu MENOS que o habitual às 07h
2026-07-30 16:11:44 [INFO]      [2mReal:[0m 0.0 kWh   [2mHabitual:[0m 1.0 ± 0.3 kWh   [2mz:[0m -3.33   [2mdesvio:[0m -100%   [2m(2 obs. dia_util)[0m
2026-07-30 16:11:44 [INFO] 
2026-07-30 16:11:44 [INFO]   🔵 [94m[1mPT0002000077647404EM[0m  [2m[Cluster 1][0m
2026-07-30 16:11:44 [INFO]      consumiu MENOS que o habitual às 10h
2026-07-30 16:11:44 [INFO]      [2mReal:[0m 0.0 kWh   [2mHabitual:[0m 1.0 ± 0.3 kWh   [2mz:[0m -3.33   [2mdesvio:[0m -100%   [2m(2 obs. dia_util)[0m
2026-07-30 16:11:44 [INFO] 
2026-07-30 16:11:44 [INFO]   🔴 [91m[1mPT0002000077647404EM[0m  [2m[Cluster 1][0m
2026-07-30 16:11:44 [INFO]      consumiu MAIS que o habitual às 11h
2026-07-30 16:11:44 [INFO]      [2mReal:[0m 1.0 kWh   [2mHabitual:[0m 0.0 ± 0.3 kWh   [2mz:[0m +3.33   [2mdesvio:[0m +100000%   [2m(2 obs. dia_util)[0m
2026-07-30 16:11:44 [INFO] 
2026-07-30 16:11:44 [INFO]   🔴 [91m[1mPT0002000078207354XC[0m  [2m[Cluster 1][0m
2026-07-30 16:11:44 [INFO]      consumiu MAIS que o habitual às 00h
2026-07-30 16:11:44 [INFO]      [2mReal:[0m 3.0 kWh   [2mHabitual:[0m 2.0 ± 0.3 kWh   [2mz:[0m +3.33   [2mdesvio:[0m +50%   [2m(2 obs. dia_util)[0m
2026-07-30 16:11:44 [INFO] 
2026-07-30 16:11:44 [INFO]   🔵 [94m[1mPT0002000078207354XC[0m  [2m[Cluster 1][0m
2026-07-30 16:11:44 [INFO]      consumiu MENOS que o habitual às 01h
2026-07-30 16:11:44 [INFO]      [2mReal:[0m 2.0 kWh   [2mHabitual:[0m 3.0 ± 0.3 kWh   [2mz:[0m -3.33   [2mdesvio:[0m -33%   [2m(2 obs. dia_util)[0m
2026-07-30 16:11:44 [INFO] 
2026-07-30 16:11:44 [INFO]   🔴 [91m[1mPT0002000078207354XC[0m  [2m[Cluster 1][0m
2026-07-30 16:11:44 [INFO]      consumiu MAIS que o habitual às 02h
2026-07-30 16:11:44 [INFO]      [2mReal:[0m 3.0 kWh   [2mHabitual:[0m 2.0 ± 0.3 kWh   [2mz:[0m +3.33   [2mdesvio:[0m +50%   [2m(2 obs. dia_util)[0m
2026-07-30 16:11:44 [INFO] 
2026-07-30 16:11:44 [INFO]   🔵 [94m[1mPT0002000078207354XC[0m  [2m[Cluster 1][0m
2026-07-30 16:11:44 [INFO]      consumiu MENOS que o habitual às 03h
2026-07-30 16:11:44 [INFO]      [2mReal:[0m 2.0 kWh   [2mHabitual:[0m 3.0 ± 0.3 kWh   [2mz:[0m -3.33   [2mdesvio:[0m -33%   [2m(2 obs. dia_util)[0m
2026-07-30 16:11:44 [INFO] 
2026-07-30 16:11:44 [INFO]   🔴 [91m[1mPT0002000078207354XC[0m  [2m[Cluster 1][0m
2026-07-30 16:11:44 [INFO]      consumiu MAIS que o habitual às 04h
2026-07-30 16:11:44 [INFO]      [2mReal:[0m 3.0 kWh   [2mHabitual:[0m 2.0 ± 0.3 kWh   [2mz:[0m +3.33   [2mdesvio:[0m +50%   [2m(2 obs. dia_util)[0m
2026-07-30 16:11:44 [INFO] 
2026-07-30 16:11:44 [INFO]   🔵 [94m[1mPT0002000078207354XC[0m  [2m[Cluster 1][0m
2026-07-30 16:11:44 [INFO]      consumiu MENOS que o habitual às 05h
2026-07-30 16:11:44 [INFO]      [2mReal:[0m 2.0 kWh   [2mHabitual:[0m 3.0 ± 0.3 kWh   [2mz:[0m -3.33   [2mdesvio:[0m -33%   [2m(2 obs. dia_util)[0m
2026-07-30 16:11:44 [INFO] 
2026-07-30 16:11:44 [INFO]   🔴 [91m[1mPT0002000078207354XC[0m  [2m[Cluster 1][0m
2026-07-30 16:11:44 [INFO]      consumiu MAIS que o habitual às 06h
2026-07-30 16:11:44 [INFO]      [2mReal:[0m 3.0 kWh   [2mHabitual:[0m 2.0 ± 0.3 kWh   [2mz:[0m +3.33   [2mdesvio:[0m +50%   [2m(2 obs. dia_util)[0m
2026-07-30 16:11:44 [INFO] 
2026-07-30 16:11:44 [INFO]   🔴 [91m[1mPT0002000078233981HJ[0m  [2m[Cluster 1][0m
2026-07-30 16:11:44 [INFO]      consumiu MAIS que o habitual às 23h
2026-07-30 16:11:44 [INFO]      [2mReal:[0m 3.0 kWh   [2mHabitual:[0m 2.0 ± 0.3 kWh   [2mz:[0m +3.33   [2mdesvio:[0m +50%   [2m(2 obs. dia_util)[0m
2026-07-30 16:11:44 [INFO] 
2026-07-30 16:11:44 [INFO]   🔵 [94m[1mPT0002000105483259QH[0m  [2m[Cluster 1][0m
2026-07-30 16:11:44 [INFO]      consumiu MENOS que o habitual às 01h
2026-07-30 16:11:44 [INFO]      [2mReal:[0m 0.0 kWh   [2mHabitual:[0m 1.0 ± 0.3 kWh   [2mz:[0m -3.33   [2mdesvio:[0m -100%   [2m(2 obs. dia_util)[0m
2026-07-30 16:11:44 [INFO] 
2026-07-30 16:11:44 [INFO]   🔴 [91m[1mPT0002000105483259QH[0m  [2m[Cluster 1][0m
2026-07-30 16:11:44 [INFO]      consumiu MAIS que o habitual às 02h
2026-07-30 16:11:44 [INFO]      [2mReal:[0m 1.0 kWh   [2mHabitual:[0m 0.0 ± 0.3 kWh   [2mz:[0m +3.33   [2mdesvio:[0m +100000%   [2m(2 obs. dia_util)[0m
2026-07-30 16:11:44 [INFO] 
2026-07-30 16:11:44 [INFO]   🔴 [91m[1mPT0002000109837807PE[0m  [2m[Cluster 1][0m
2026-07-30 16:11:44 [INFO]      consumiu MAIS que o habitual às 13h
2026-07-30 16:11:44 [INFO]      [2mReal:[0m 4.0 kWh   [2mHabitual:[0m 3.0 ± 0.3 kWh   [2mz:[0m +3.33   [2mdesvio:[0m +33%   [2m(2 obs. dia_util)[0m
2026-07-30 16:11:44 [INFO] 
2026-07-30 16:11:44 [INFO]   🔵 [94m[1mPT0002000110607652SB[0m  [2m[Cluster 0][0m
2026-07-30 16:11:44 [INFO]      consumiu MENOS que o habitual às 08h
2026-07-30 16:11:44 [INFO]      [2mReal:[0m 52.0 kWh   [2mHabitual:[0m 78.0 ± 7.8 kWh   [2mz:[0m -3.33   [2mdesvio:[0m -33%   [2m(2 obs. dia_util)[0m
2026-07-30 16:11:44 [INFO] 
2026-07-30 16:11:44 [INFO]   🔵 [94m[1mPT0002000110607652SB[0m  [2m[Cluster 0][0m
2026-07-30 16:11:44 [INFO]      consumiu MENOS que o habitual às 20h
2026-07-30 16:11:44 [INFO]      [2mReal:[0m 8.0 kWh   [2mHabitual:[0m 12.0 ± 1.2 kWh   [2mz:[0m -3.33   [2mdesvio:[0m -33%   [2m(2 obs. dia_util)[0m
2026-07-30 16:11:44 [INFO] 
2026-07-30 16:11:44 [INFO]   🔵 [94m[1mPT0002000111572054VT[0m  [2m[Cluster 0 (atribuido)][0m
2026-07-30 16:11:44 [INFO]      consumiu MENOS que o habitual às 11h
2026-07-30 16:11:44 [INFO]      [2mReal:[0m 0.0 kWh   [2mHabitual:[0m 1.0 ± 0.3 kWh   [2mz:[0m -3.33   [2mdesvio:[0m -100%   [2m(2 obs. dia_util)[0m
2026-07-30 16:11:44 [INFO] 
2026-07-30 16:11:44 [INFO]   🔵 [94m[1mPT0002000115031201VQ[0m  [2m[Cluster 0][0m
2026-07-30 16:11:44 [INFO]      consumiu MENOS que o habitual às 16h
2026-07-30 16:11:44 [INFO]      [2mReal:[0m 10.0 kWh   [2mHabitual:[0m 15.0 ± 1.5 kWh   [2mz:[0m -3.33   [2mdesvio:[0m -33%   [2m(2 obs. dia_util)[0m
2026-07-30 16:11:44 [INFO] 
2026-07-30 16:11:44 [INFO]   🔴 [91m[1mPT0002000115700602GW[0m  [2m[Cluster 0][0m
2026-07-30 16:11:44 [INFO]      consumiu MAIS que o habitual às 15h
2026-07-30 16:11:44 [INFO]      [2mReal:[0m 18.0 kWh   [2mHabitual:[0m 13.5 ± 1.4 kWh   [2mz:[0m +3.33   [2mdesvio:[0m +33%   [2m(2 obs. dia_util)[0m
2026-07-30 16:11:44 [INFO] 
2026-07-30 16:11:44 [INFO]   🔴 [91m[1mPT0002000119303492KB[0m  [2m[Cluster 0][0m
2026-07-30 16:11:44 [INFO]      consumiu MAIS que o habitual às 08h
2026-07-30 16:11:44 [INFO]      [2mReal:[0m 32.0 kWh   [2mHabitual:[0m 24.0 ± 2.4 kWh   [2mz:[0m +3.33   [2mdesvio:[0m +33%   [2m(2 obs. dia_util)[0m
2026-07-30 16:11:44 [INFO] 
2026-07-30 16:11:44 [INFO]   🔵 [94m[1mPT0002000123648159KR[0m  [2m[Cluster 0][0m
2026-07-30 16:11:44 [INFO]      consumiu MENOS que o habitual às 03h
2026-07-30 16:11:44 [INFO]      [2mReal:[0m 2.0 kWh   [2mHabitual:[0m 3.0 ± 0.3 kWh   [2mz:[0m -3.33   [2mdesvio:[0m -33%   [2m(2 obs. dia_util)[0m
2026-07-30 16:11:44 [INFO] 
2026-07-30 16:11:44 [INFO]   🔴 [91m[1mPT0002000123648159KR[0m  [2m[Cluster 0][0m
2026-07-30 16:11:44 [INFO]      consumiu MAIS que o habitual às 05h
2026-07-30 16:11:44 [INFO]      [2mReal:[0m 3.0 kWh   [2mHabitual:[0m 2.0 ± 0.3 kWh   [2mz:[0m +3.33   [2mdesvio:[0m +50%   [2m(2 obs. dia_util)[0m
2026-07-30 16:11:44 [INFO] 
2026-07-30 16:11:44 [INFO]   🔴 [91m[1mPT0002000123648159KR[0m  [2m[Cluster 0][0m
2026-07-30 16:11:44 [INFO]      consumiu MAIS que o habitual às 23h
2026-07-30 16:11:44 [INFO]      [2mReal:[0m 4.0 kWh   [2mHabitual:[0m 3.0 ± 0.3 kWh   [2mz:[0m +3.33   [2mdesvio:[0m +33%   [2m(2 obs. dia_util)[0m
2026-07-30 16:11:44 [INFO] 
2026-07-30 16:11:44 [INFO]   🔵 [94m[1mPT0002000201936109ME[0m  [2m[Cluster 0][0m
2026-07-30 16:11:44 [INFO]      consumiu MENOS que o habitual às 02h
2026-07-30 16:11:44 [INFO]      [2mReal:[0m 0.0 kWh   [2mHabitual:[0m 1.0 ± 0.3 kWh   [2mz:[0m -3.33   [2mdesvio:[0m -100%   [2m(2 obs. dia_util)[0m
2026-07-30 16:11:44 [INFO] 
2026-07-30 16:11:44 [INFO]   🔴 [91m[1mPT0002000201936109ME[0m  [2m[Cluster 0][0m
2026-07-30 16:11:44 [INFO]      consumiu MAIS que o habitual às 03h
2026-07-30 16:11:44 [INFO]      [2mReal:[0m 1.0 kWh   [2mHabitual:[0m 0.0 ± 0.3 kWh   [2mz:[0m +3.33   [2mdesvio:[0m +100000%   [2m(2 obs. dia_util)[0m
2026-07-30 16:11:44 [INFO] 
2026-07-30 16:11:44 [INFO]   🔵 [94m[1mPT0002000201936109ME[0m  [2m[Cluster 0][0m
2026-07-30 16:11:44 [INFO]      consumiu MENOS que o habitual às 12h
2026-07-30 16:11:44 [INFO]      [2mReal:[0m 0.0 kWh   [2mHabitual:[0m 1.0 ± 0.3 kWh   [2mz:[0m -3.33   [2mdesvio:[0m -100%   [2m(2 obs. dia_util)[0m
2026-07-30 16:11:44 [INFO] 
2026-07-30 16:11:44 [INFO]   🔵 [94m[1mPT0002000201936109ME[0m  [2m[Cluster 0][0m
2026-07-30 16:11:44 [INFO]      consumiu MENOS que o habitual às 13h
2026-07-30 16:11:44 [INFO]      [2mReal:[0m 0.0 kWh   [2mHabitual:[0m 1.0 ± 0.3 kWh   [2mz:[0m -3.33   [2mdesvio:[0m -100%   [2m(2 obs. dia_util)[0m
2026-07-30 16:11:44 [INFO] 
2026-07-30 16:11:44 [INFO]   🔵 [94m[1mPT0002000201936109ME[0m  [2m[Cluster 0][0m
2026-07-30 16:11:44 [INFO]      consumiu MENOS que o habitual às 14h
2026-07-30 16:11:44 [INFO]      [2mReal:[0m 0.0 kWh   [2mHabitual:[0m 1.0 ± 0.3 kWh   [2mz:[0m -3.33   [2mdesvio:[0m -100%   [2m(2 obs. dia_util)[0m
2026-07-30 16:11:44 [INFO] 
2026-07-30 16:11:44 [INFO]   🔵 [94m[1mPT0002000201936109ME[0m  [2m[Cluster 0][0m
2026-07-30 16:11:44 [INFO]      consumiu MENOS que o habitual às 16h
2026-07-30 16:11:44 [INFO]      [2mReal:[0m 0.0 kWh   [2mHabitual:[0m 1.0 ± 0.3 kWh   [2mz:[0m -3.33   [2mdesvio:[0m -100%   [2m(2 obs. dia_util)[0m
2026-07-30 16:11:44 [INFO] 
2026-07-30 16:11:44 [INFO]   🔵 [94m[1mPT0002000201936109ME[0m  [2m[Cluster 0][0m
2026-07-30 16:11:44 [INFO]      consumiu MENOS que o habitual às 17h
2026-07-30 16:11:44 [INFO]      [2mReal:[0m 0.0 kWh   [2mHabitual:[0m 1.0 ± 0.3 kWh   [2mz:[0m -3.33   [2mdesvio:[0m -100%   [2m(2 obs. dia_util)[0m
2026-07-30 16:11:44 [INFO] 
2026-07-30 16:11:44 [INFO]   🔵 [94m[1mPT0002000201936109ME[0m  [2m[Cluster 0][0m
2026-07-30 16:11:44 [INFO]      consumiu MENOS que o habitual às 18h
2026-07-30 16:11:44 [INFO]      [2mReal:[0m 0.0 kWh   [2mHabitual:[0m 1.0 ± 0.3 kWh   [2mz:[0m -3.33   [2mdesvio:[0m -100%   [2m(2 obs. dia_util)[0m
2026-07-30 16:11:44 [INFO] 
2026-07-30 16:11:44 [INFO]   🔵 [94m[1mPT0002000201936109ME[0m  [2m[Cluster 0][0m
2026-07-30 16:11:44 [INFO]      consumiu MENOS que o habitual às 19h
2026-07-30 16:11:44 [INFO]      [2mReal:[0m 0.0 kWh   [2mHabitual:[0m 1.0 ± 0.3 kWh   [2mz:[0m -3.33   [2mdesvio:[0m -100%   [2m(2 obs. dia_util)[0m
2026-07-30 16:11:44 [INFO] 
2026-07-30 16:11:44 [INFO]   🔵 [94m[1mPT0002000201936109ME[0m  [2m[Cluster 0][0m
2026-07-30 16:11:44 [INFO]      consumiu MENOS que o habitual às 21h
2026-07-30 16:11:44 [INFO]      [2mReal:[0m 0.0 kWh   [2mHabitual:[0m 1.0 ± 0.3 kWh   [2mz:[0m -3.33   [2mdesvio:[0m -100%   [2m(2 obs. dia_util)[0m
2026-07-30 16:11:44 [INFO] 
2026-07-30 16:11:44 [INFO]   🔵 [94m[1mPT0002000201936109ME[0m  [2m[Cluster 0][0m
2026-07-30 16:11:44 [INFO]      consumiu MENOS que o habitual às 22h
2026-07-30 16:11:44 [INFO]      [2mReal:[0m 0.0 kWh   [2mHabitual:[0m 1.0 ± 0.3 kWh   [2mz:[0m -3.33   [2mdesvio:[0m -100%   [2m(2 obs. dia_util)[0m
2026-07-30 16:11:44 [INFO] 
2026-07-30 16:11:44 [INFO]   🔵 [94m[1mPT0002000201936109ME[0m  [2m[Cluster 0][0m
2026-07-30 16:11:44 [INFO]      consumiu MENOS que o habitual às 23h
2026-07-30 16:11:44 [INFO]      [2mReal:[0m 0.0 kWh   [2mHabitual:[0m 1.0 ± 0.3 kWh   [2mz:[0m -3.33   [2mdesvio:[0m -100%   [2m(2 obs. dia_util)[0m
2026-07-30 16:11:44 [INFO] 
2026-07-30 16:11:44 [INFO]   🔴 [91m[1mPT0002000073573036KH[0m  [2m[Cluster 0 (atribuido)][0m
2026-07-30 16:11:44 [INFO]      consumiu MAIS que o habitual às 07h
2026-07-30 16:11:44 [INFO]      [2mReal:[0m 157.0 kWh   [2mHabitual:[0m 119.0 ± 11.9 kWh   [2mz:[0m +3.19   [2mdesvio:[0m +32%   [2m(2 obs. dia_util)[0m
2026-07-30 16:11:44 [INFO] 
2026-07-30 16:11:44 [INFO]   🔵 [94m[1mPT0002000111572054VT[0m  [2m[Cluster 0 (atribuido)][0m
2026-07-30 16:11:44 [INFO]      consumiu MENOS que o habitual às 20h
2026-07-30 16:11:44 [INFO]      [2mReal:[0m 14.0 kWh   [2mHabitual:[0m 20.5 ± 2.0 kWh   [2mz:[0m -3.17   [2mdesvio:[0m -32%   [2m(2 obs. dia_util)[0m
2026-07-30 16:11:44 [INFO] 
2026-07-30 16:11:44 [INFO]   🔵 [94m[1mPT0002000110607652SB[0m  [2m[Cluster 0][0m
2026-07-30 16:11:44 [INFO]      consumiu MENOS que o habitual às 09h
2026-07-30 16:11:44 [INFO]      [2mReal:[0m 52.0 kWh   [2mHabitual:[0m 76.0 ± 7.6 kWh   [2mz:[0m -3.16   [2mdesvio:[0m -32%   [2m(2 obs. dia_util)[0m
2026-07-30 16:11:44 [INFO] 
2026-07-30 16:11:44 [INFO]   🔵 [94m[1mPT0002000068857897ZV[0m  [2m[Cluster 0][0m
2026-07-30 16:11:44 [INFO]      consumiu MENOS que o habitual às 10h
2026-07-30 16:11:44 [INFO]      [2mReal:[0m 46.0 kWh   [2mHabitual:[0m 70.5 ± 7.8 kWh   [2mz:[0m -3.15   [2mdesvio:[0m -35%   [2m(2 obs. dia_util)[0m
2026-07-30 16:11:44 [INFO] 
2026-07-30 16:11:44 [INFO]   🔴 [91m[1mPT0002000110814293YC[0m  [2m[Cluster 0 (atribuido)][0m
2026-07-30 16:11:44 [INFO]      consumiu MAIS que o habitual às 02h
2026-07-30 16:11:44 [INFO]      [2mReal:[0m 44.0 kWh   [2mHabitual:[0m 33.5 ± 3.4 kWh   [2mz:[0m +3.13   [2mdesvio:[0m +31%   [2m(2 obs. dia_util)[0m
2026-07-30 16:11:44 [INFO] 
2026-07-30 16:11:44 [INFO]   🔴 [91m[1mPT0002000107172384HT[0m  [2m[Cluster 1][0m
2026-07-30 16:11:44 [INFO]      consumiu MAIS que o habitual às 17h
2026-07-30 16:11:44 [INFO]      [2mReal:[0m 38.0 kWh   [2mHabitual:[0m 29.0 ± 2.9 kWh   [2mz:[0m +3.10   [2mdesvio:[0m +31%   [2m(2 obs. dia_util)[0m
2026-07-30 16:11:44 [INFO] 
2026-07-30 16:11:44 [INFO]   [2mCSV:[0m /home/runner/work/ts-anomaly-detection-dissertation/ts-anomaly-detection-dissertation/results/energia/realtime/alerts/analise_energia_2026-07-29.csv
2026-07-30 16:11:44 [INFO] 
2026-07-30 16:11:44 [INFO] [96m→ A prever consumo de 2026-07-30 para 276 CPEs...[0m
2026-07-30 16:11:46 [INFO] [1m══════════════════════════════════════════════════════════════════════[0m
2026-07-30 16:11:46 [INFO] [1m  PREDIÇÃO — 2026-07-30 [0m[2m(dia util)[0m
2026-07-30 16:11:46 [INFO] [1m══════════════════════════════════════════════════════════════════════[0m
2026-07-30 16:11:46 [INFO]   [95m● CPEs previstos[0m          69 [2m(alta: 0, baixa: 1656)[0m
2026-07-30 16:11:46 [INFO]   [95m● Consumo total previsto[0m 100439.8 kWh [2m(±14238.7)[0m
2026-07-30 16:11:46 [INFO] 
2026-07-30 16:11:46 [INFO]   [2mPrevisão guardada:[0m /home/runner/work/ts-anomaly-detection-dissertation/ts-anomaly-detection-dissertation/results/energia/realtime/predictions/previsao_energia_2026-07-30.csv
2026-07-30 16:11:46 [INFO] 
2026-07-30 16:11:46 [INFO] [1m══════════════════════════════════════════════════════════════════════[0m
2026-07-30 16:11:46 [INFO] [1m  VALIDAÇÃO — qualidade das previsões anteriores[0m
2026-07-30 16:11:46 [INFO] [1m══════════════════════════════════════════════════════════════════════[0m
2026-07-30 16:11:46 [INFO]   [2mDias validados:[0m 4   [2mpendentes:[0m 45
2026-07-30 16:11:46 [INFO]   [2mÚltimo (2026-07-29):[0m MAE 7.16 kWh   RMSE 17.51   em ±1σ 69% [2m(esperado ~68%)[0m   em ±2σ 85% [2m(esperado ~95%)[0m
2026-07-30 16:11:46 [INFO]   [2mMédia acumulada:[0m MAE 12.41 kWh   RMSE 33.60   em ±1σ 61%   em ±2σ 80%
2026-07-30 16:11:46 [INFO]   [2mCSV:[0m /home/runner/work/ts-anomaly-detection-dissertation/ts-anomaly-detection-dissertation/results/energia/realtime/analysis/qualidade_previsoes_energia.csv
2026-07-30 16:11:46 [INFO] 
2026-07-30 16:11:46 [INFO] 
2026-07-30 16:11:46 [INFO] Concluido em 705.9s. Ficheiros gerados: 2
